<?xml version="1.0" encoding="ISO-8859-1" ?>
<link_info>
   <banner>TI ARM Linker PC v20.2.7.LTS</banner>
   <copyright>Copyright (c) 1996-2018 Texas Instruments Incorporated</copyright>
   <link_time>0x65406bad</link_time>
   <link_errors>0x0</link_errors>
   <output_file>pwmled2_CC3220S_LAUNCHXL_nortos_ccs.out</output_file>
   <entry_point>
      <name>resetISR</name>
      <address>0x2000e35d</address>
   </entry_point>
   <input_file_list>
      <input_file id="fl-2">
         <path>.\</path>
         <kind>object</kind>
         <file>main_nortos.obj</file>
         <name>main_nortos.obj</name>
      </input_file>
      <input_file id="fl-3">
         <path>.\</path>
         <kind>object</kind>
         <file>pwmled2.obj</file>
         <name>pwmled2.obj</name>
      </input_file>
      <input_file id="fl-4">
         <path>.\syscfg\</path>
         <kind>object</kind>
         <file>ti_drivers_config.obj</file>
         <name>ti_drivers_config.obj</name>
      </input_file>
      <input_file id="fl-d">
         <kind>object</kind>
         <file>&lt;internal&gt;</file>
         <name>&lt;internal&gt;</name>
      </input_file>
      <input_file id="fl-e">
         <path>C:\ti\simplelink_cc32xx_sdk_4_30_00_06\source\ti\drivers\lib\ccs\m4\</path>
         <kind>archive</kind>
         <file>drivers_cc32xx.a</file>
         <name>PWM.oem4</name>
      </input_file>
      <input_file id="fl-f">
         <path>C:\ti\simplelink_cc32xx_sdk_4_30_00_06\source\ti\drivers\lib\ccs\m4\</path>
         <kind>archive</kind>
         <file>drivers_cc32xx.a</file>
         <name>PowerCC32XX.oem4</name>
      </input_file>
      <input_file id="fl-10">
         <path>C:\ti\simplelink_cc32xx_sdk_4_30_00_06\source\ti\drivers\lib\ccs\m4\</path>
         <kind>archive</kind>
         <file>drivers_cc32xx.a</file>
         <name>PowerCC32XX_asm.oem4</name>
      </input_file>
      <input_file id="fl-11">
         <path>C:\ti\simplelink_cc32xx_sdk_4_30_00_06\source\ti\drivers\lib\ccs\m4\</path>
         <kind>archive</kind>
         <file>drivers_cc32xx.a</file>
         <name>PWMTimerCC32XX.oem4</name>
      </input_file>
      <input_file id="fl-12">
         <path>C:\ti\simplelink_cc32xx_sdk_4_30_00_06\source\ti\drivers\lib\ccs\m4\</path>
         <kind>archive</kind>
         <file>drivers_cc32xx.a</file>
         <name>TimerCC32XX.oem4</name>
      </input_file>
      <input_file id="fl-13">
         <path>C:\ti\simplelink_cc32xx_sdk_4_30_00_06\source\ti\drivers\lib\ccs\m4\</path>
         <kind>archive</kind>
         <file>drivers_cc32xx.a</file>
         <name>List.oem4</name>
      </input_file>
      <input_file id="fl-14">
         <path>C:\ti\simplelink_cc32xx_sdk_4_30_00_06\kernel\nortos\lib\ccs\m4\</path>
         <kind>archive</kind>
         <file>nortos_cc32xx.a</file>
         <name>posix_sleep.oem4</name>
      </input_file>
      <input_file id="fl-15">
         <path>C:\ti\simplelink_cc32xx_sdk_4_30_00_06\kernel\nortos\lib\ccs\m4\</path>
         <kind>archive</kind>
         <file>nortos_cc32xx.a</file>
         <name>NoRTOS.oem4</name>
      </input_file>
      <input_file id="fl-16">
         <path>C:\ti\simplelink_cc32xx_sdk_4_30_00_06\kernel\nortos\lib\ccs\m4\</path>
         <kind>archive</kind>
         <file>nortos_cc32xx.a</file>
         <name>SemaphoreP_nortos.oem4</name>
      </input_file>
      <input_file id="fl-17">
         <path>C:\ti\simplelink_cc32xx_sdk_4_30_00_06\kernel\nortos\lib\ccs\m4\</path>
         <kind>archive</kind>
         <file>nortos_cc32xx.a</file>
         <name>ClockPSysTick_nortos.oem4</name>
      </input_file>
      <input_file id="fl-18">
         <path>C:\ti\simplelink_cc32xx_sdk_4_30_00_06\kernel\nortos\lib\ccs\m4\</path>
         <kind>archive</kind>
         <file>nortos_cc32xx.a</file>
         <name>HwiPCC32XX_nortos.oem4</name>
      </input_file>
      <input_file id="fl-19">
         <path>C:\ti\simplelink_cc32xx_sdk_4_30_00_06\kernel\nortos\lib\ccs\m4\</path>
         <kind>archive</kind>
         <file>nortos_cc32xx.a</file>
         <name>PowerCC32XX_nortos.oem4</name>
      </input_file>
      <input_file id="fl-1a">
         <path>C:\ti\simplelink_cc32xx_sdk_4_30_00_06\kernel\nortos\lib\ccs\m4\</path>
         <kind>archive</kind>
         <file>nortos_cc32xx.a</file>
         <name>startup_cc32xx_ccs.oem4</name>
      </input_file>
      <input_file id="fl-1b">
         <path>C:\ti\simplelink_cc32xx_sdk_4_30_00_06\kernel\nortos\lib\ccs\m4\</path>
         <kind>archive</kind>
         <file>nortos_cc32xx.a</file>
         <name>SwiP_nortos.oem4</name>
      </input_file>
      <input_file id="fl-1c">
         <path>C:\ti\simplelink_cc32xx_sdk_4_30_00_06\kernel\nortos\lib\ccs\m4\</path>
         <kind>archive</kind>
         <file>nortos_cc32xx.a</file>
         <name>QueueP_nortos.oem4</name>
      </input_file>
      <input_file id="fl-1d">
         <path>C:\ti\simplelink_cc32xx_sdk_4_30_00_06\source\ti\devices\cc32xx\driverlib\ccs\Release\</path>
         <kind>archive</kind>
         <file>driverlib.a</file>
         <name>cpu.obj</name>
      </input_file>
      <input_file id="fl-1e">
         <path>C:\ti\simplelink_cc32xx_sdk_4_30_00_06\source\ti\devices\cc32xx\driverlib\ccs\Release\</path>
         <kind>archive</kind>
         <file>driverlib.a</file>
         <name>interrupt.obj</name>
      </input_file>
      <input_file id="fl-1f">
         <path>C:\ti\simplelink_cc32xx_sdk_4_30_00_06\source\ti\devices\cc32xx\driverlib\ccs\Release\</path>
         <kind>archive</kind>
         <file>driverlib.a</file>
         <name>pin.obj</name>
      </input_file>
      <input_file id="fl-20">
         <path>C:\ti\simplelink_cc32xx_sdk_4_30_00_06\source\ti\devices\cc32xx\driverlib\ccs\Release\</path>
         <kind>archive</kind>
         <file>driverlib.a</file>
         <name>prcm.obj</name>
      </input_file>
      <input_file id="fl-21">
         <path>C:\ti\simplelink_cc32xx_sdk_4_30_00_06\source\ti\devices\cc32xx\driverlib\ccs\Release\</path>
         <kind>archive</kind>
         <file>driverlib.a</file>
         <name>timer.obj</name>
      </input_file>
      <input_file id="fl-22">
         <path>C:\ti\simplelink_cc32xx_sdk_4_30_00_06\source\ti\devices\cc32xx\driverlib\ccs\Release\</path>
         <kind>archive</kind>
         <file>driverlib.a</file>
         <name>utils.obj</name>
      </input_file>
      <input_file id="fl-23">
         <path>C:\ti\simplelink_cc32xx_sdk_4_30_00_06\source\ti\devices\cc32xx\driverlib\ccs\Release\</path>
         <kind>archive</kind>
         <file>driverlib.a</file>
         <name>flash.obj</name>
      </input_file>
      <input_file id="fl-d9">
         <path>C:\ti\ccs1250\ccs\tools\compiler\ti-cgt-arm_20.2.7.LTS\lib\</path>
         <kind>archive</kind>
         <file>rtsv7M4_T_le_eabi.lib</file>
         <name>ll_mul_t2.asm.obj</name>
      </input_file>
      <input_file id="fl-da">
         <path>C:\ti\ccs1250\ccs\tools\compiler\ti-cgt-arm_20.2.7.LTS\lib\</path>
         <kind>archive</kind>
         <file>rtsv7M4_T_le_eabi.lib</file>
         <name>memcpy_t2.asm.obj</name>
      </input_file>
      <input_file id="fl-db">
         <path>C:\ti\ccs1250\ccs\tools\compiler\ti-cgt-arm_20.2.7.LTS\lib\</path>
         <kind>archive</kind>
         <file>rtsv7M4_T_le_eabi.lib</file>
         <name>ull_div_t2.asm.obj</name>
      </input_file>
      <input_file id="fl-dc">
         <path>C:\ti\ccs1250\ccs\tools\compiler\ti-cgt-arm_20.2.7.LTS\lib\</path>
         <kind>archive</kind>
         <file>rtsv7M4_T_le_eabi.lib</file>
         <name>copy_zero_init.c.obj</name>
      </input_file>
      <input_file id="fl-dd">
         <path>C:\ti\ccs1250\ccs\tools\compiler\ti-cgt-arm_20.2.7.LTS\lib\</path>
         <kind>archive</kind>
         <file>rtsv7M4_T_le_eabi.lib</file>
         <name>copy_decompress_none.c.obj</name>
      </input_file>
      <input_file id="fl-de">
         <path>C:\ti\ccs1250\ccs\tools\compiler\ti-cgt-arm_20.2.7.LTS\lib\</path>
         <kind>archive</kind>
         <file>rtsv7M4_T_le_eabi.lib</file>
         <name>copy_decompress_lzss.c.obj</name>
      </input_file>
      <input_file id="fl-df">
         <path>C:\ti\ccs1250\ccs\tools\compiler\ti-cgt-arm_20.2.7.LTS\lib\</path>
         <kind>archive</kind>
         <file>rtsv7M4_T_le_eabi.lib</file>
         <name>memory.c.obj</name>
      </input_file>
      <input_file id="fl-e0">
         <path>C:\ti\ccs1250\ccs\tools\compiler\ti-cgt-arm_20.2.7.LTS\lib\</path>
         <kind>archive</kind>
         <file>rtsv7M4_T_le_eabi.lib</file>
         <name>boot_cortex_m.c.obj</name>
      </input_file>
      <input_file id="fl-e1">
         <path>C:\ti\ccs1250\ccs\tools\compiler\ti-cgt-arm_20.2.7.LTS\lib\</path>
         <kind>archive</kind>
         <file>rtsv7M4_T_le_eabi.lib</file>
         <name>div0.asm.obj</name>
      </input_file>
      <input_file id="fl-e2">
         <path>C:\ti\ccs1250\ccs\tools\compiler\ti-cgt-arm_20.2.7.LTS\lib\</path>
         <kind>archive</kind>
         <file>rtsv7M4_T_le_eabi.lib</file>
         <name>memset_t2.asm.obj</name>
      </input_file>
      <input_file id="fl-e3">
         <path>C:\ti\ccs1250\ccs\tools\compiler\ti-cgt-arm_20.2.7.LTS\lib\</path>
         <kind>archive</kind>
         <file>rtsv7M4_T_le_eabi.lib</file>
         <name>autoinit.c.obj</name>
      </input_file>
      <input_file id="fl-e4">
         <path>C:\ti\ccs1250\ccs\tools\compiler\ti-cgt-arm_20.2.7.LTS\lib\</path>
         <kind>archive</kind>
         <file>rtsv7M4_T_le_eabi.lib</file>
         <name>pre_init.c.obj</name>
      </input_file>
      <input_file id="fl-e5">
         <path>C:\ti\ccs1250\ccs\tools\compiler\ti-cgt-arm_20.2.7.LTS\lib\</path>
         <kind>archive</kind>
         <file>rtsv7M4_T_le_eabi.lib</file>
         <name>cpy_tbl.c.obj</name>
      </input_file>
      <input_file id="fl-e6">
         <path>C:\ti\ccs1250\ccs\tools\compiler\ti-cgt-arm_20.2.7.LTS\lib\</path>
         <kind>archive</kind>
         <file>rtsv7M4_T_le_eabi.lib</file>
         <name>exit.c.obj</name>
      </input_file>
      <input_file id="fl-e7">
         <path>C:\ti\ccs1250\ccs\tools\compiler\ti-cgt-arm_20.2.7.LTS\lib\</path>
         <kind>archive</kind>
         <file>rtsv7M4_T_le_eabi.lib</file>
         <name>_lock.c.obj</name>
      </input_file>
      <input_file id="fl-e8">
         <path>C:\ti\ccs1250\ccs\tools\compiler\ti-cgt-arm_20.2.7.LTS\lib\</path>
         <kind>archive</kind>
         <file>rtsv7M4_T_le_eabi.lib</file>
         <name>args_main.c.obj</name>
      </input_file>
   </input_file_list>
   <object_component_list>
      <object_component id="oc-1a9">
         <name>.text:PRCMCC3200MCUInit</name>
         <load_address>0x2000c040</load_address>
         <run_address>0x2000c040</run_address>
         <size>0x42c</size>
         <input_file_ref idref="fl-20"/>
      </object_component>
      <object_component id="oc-2eb">
         <name>.text:PowerCC32XX_sleepPolicy</name>
         <load_address>0x2000c46c</load_address>
         <run_address>0x2000c46c</run_address>
         <size>0x19c</size>
         <input_file_ref idref="fl-19"/>
      </object_component>
      <object_component id="oc-42f">
         <name>.text:parkPins</name>
         <load_address>0x2000c608</load_address>
         <run_address>0x2000c608</run_address>
         <size>0x148</size>
         <input_file_ref idref="fl-f"/>
      </object_component>
      <object_component id="oc-3c6">
         <name>.text:PWMTimerCC32XX_setDutyAndPeriod</name>
         <load_address>0x2000c750</load_address>
         <run_address>0x2000c750</run_address>
         <size>0x140</size>
         <input_file_ref idref="fl-11"/>
      </object_component>
      <object_component id="oc-381">
         <name>.text:Power_sleep</name>
         <load_address>0x2000c890</load_address>
         <run_address>0x2000c890</run_address>
         <size>0x138</size>
         <input_file_ref idref="fl-f"/>
      </object_component>
      <object_component id="oc-3b4">
         <name>.text:PWMTimerCC32XX_open</name>
         <load_address>0x2000c9c8</load_address>
         <run_address>0x2000c9c8</run_address>
         <size>0xf0</size>
         <input_file_ref idref="fl-11"/>
      </object_component>
      <object_component id="oc-15e">
         <name>.text:mainThread</name>
         <load_address>0x2000cab8</load_address>
         <run_address>0x2000cab8</run_address>
         <size>0xdc</size>
         <input_file_ref idref="fl-3"/>
      </object_component>
      <object_component id="oc-3d2">
         <name>.text:PWMTimerCC32XX_stop</name>
         <load_address>0x2000cb94</load_address>
         <run_address>0x2000cb94</run_address>
         <size>0xc4</size>
         <input_file_ref idref="fl-11"/>
      </object_component>
      <object_component id="oc-44c">
         <name>.text:restoreParkedPins</name>
         <load_address>0x2000cc58</load_address>
         <run_address>0x2000cc58</run_address>
         <size>0xc0</size>
         <input_file_ref idref="fl-f"/>
      </object_component>
      <object_component id="oc-3ba">
         <name>.text:PWMTimerCC32XX_setDuty</name>
         <load_address>0x2000cd18</load_address>
         <run_address>0x2000cd18</run_address>
         <size>0xb8</size>
         <input_file_ref idref="fl-11"/>
      </object_component>
      <object_component id="oc-b5">
         <name>.text:IntEnable</name>
         <load_address>0x2000cdd0</load_address>
         <run_address>0x2000cdd0</run_address>
         <size>0xa8</size>
         <input_file_ref idref="fl-1e"/>
      </object_component>
      <object_component id="oc-261">
         <name>.text:PowerCC32XX_configureWakeup</name>
         <load_address>0x2000ce78</load_address>
         <run_address>0x2000ce78</run_address>
         <size>0xa8</size>
         <input_file_ref idref="fl-f"/>
      </object_component>
      <object_component id="oc-4a4">
         <name>.text:initHw</name>
         <load_address>0x2000cf20</load_address>
         <run_address>0x2000cf20</run_address>
         <size>0xa4</size>
         <input_file_ref idref="fl-11"/>
      </object_component>
      <object_component id="oc-31e">
         <name>.text:SemaphoreP_pend</name>
         <load_address>0x2000cfc4</load_address>
         <run_address>0x2000cfc4</run_address>
         <size>0xa0</size>
         <input_file_ref idref="fl-16"/>
      </object_component>
      <object_component id="oc-3b">
         <name>.text</name>
         <load_address>0x2000d064</load_address>
         <run_address>0x2000d064</run_address>
         <size>0x9c</size>
         <input_file_ref idref="fl-da"/>
      </object_component>
      <object_component id="oc-3c0">
         <name>.text:PWMTimerCC32XX_setPeriod</name>
         <load_address>0x2000d100</load_address>
         <run_address>0x2000d100</run_address>
         <size>0x98</size>
         <input_file_ref idref="fl-11"/>
      </object_component>
      <object_component id="oc-37c">
         <name>.text</name>
         <load_address>0x2000d198</load_address>
         <run_address>0x2000d198</run_address>
         <size>0x96</size>
         <input_file_ref idref="fl-db"/>
      </object_component>
      <object_component id="oc-1b5">
         <name>.text:Board_initHook</name>
         <load_address>0x2000d22e</load_address>
         <run_address>0x2000d22e</run_address>
         <size>0x2</size>
         <input_file_ref idref="fl-4"/>
      </object_component>
      <object_component id="oc-440">
         <name>.text:restoreNVICRegs</name>
         <load_address>0x2000d230</load_address>
         <run_address>0x2000d230</run_address>
         <size>0x90</size>
         <input_file_ref idref="fl-f"/>
      </object_component>
      <object_component id="oc-52f">
         <name>.text:IntPendSet</name>
         <load_address>0x2000d2c0</load_address>
         <run_address>0x2000d2c0</run_address>
         <size>0x88</size>
         <input_file_ref idref="fl-1e"/>
      </object_component>
      <object_component id="oc-3a2">
         <name>.text:PWMTimerCC32XX_close</name>
         <load_address>0x2000d348</load_address>
         <run_address>0x2000d348</run_address>
         <size>0x88</size>
         <input_file_ref idref="fl-11"/>
      </object_component>
      <object_component id="oc-575">
         <name>.text:PinConfigSet</name>
         <load_address>0x2000d3d0</load_address>
         <run_address>0x2000d3d0</run_address>
         <size>0x88</size>
         <input_file_ref idref="fl-1f"/>
      </object_component>
      <object_component id="oc-1af">
         <name>.text:Power_init</name>
         <load_address>0x2000d458</load_address>
         <run_address>0x2000d458</run_address>
         <size>0x84</size>
         <input_file_ref idref="fl-f"/>
      </object_component>
      <object_component id="oc-435">
         <name>.text:saveNVICRegs</name>
         <load_address>0x2000d4dc</load_address>
         <run_address>0x2000d4dc</run_address>
         <size>0x84</size>
         <input_file_ref idref="fl-f"/>
      </object_component>
      <object_component id="oc-498">
         <name>.text:Power_setDependency</name>
         <load_address>0x2000d560</load_address>
         <run_address>0x2000d560</run_address>
         <size>0x80</size>
         <input_file_ref idref="fl-f"/>
      </object_component>
      <object_component id="oc-3cc">
         <name>.text:PWMTimerCC32XX_start</name>
         <load_address>0x2000d5e0</load_address>
         <run_address>0x2000d5e0</run_address>
         <size>0x68</size>
         <input_file_ref idref="fl-11"/>
      </object_component>
      <object_component id="oc-14">
         <name>.text:decompress:lzss:__TI_decompress_lzss</name>
         <load_address>0x2000d648</load_address>
         <run_address>0x2000d648</run_address>
         <size>0x68</size>
         <input_file_ref idref="fl-de"/>
      </object_component>
      <object_component id="oc-4aa">
         <name>.text:PowerCC32XX_setParkState</name>
         <load_address>0x2000d6b0</load_address>
         <run_address>0x2000d6b0</run_address>
         <size>0x64</size>
         <input_file_ref idref="fl-f"/>
      </object_component>
      <object_component id="oc-22f">
         <name>.text:PRCMSysResetCauseGet</name>
         <load_address>0x2000d714</load_address>
         <run_address>0x2000d714</run_address>
         <size>0x60</size>
         <input_file_ref idref="fl-20"/>
      </object_component>
      <object_component id="oc-292">
         <name>.text:getTimeUsec</name>
         <load_address>0x2000d774</load_address>
         <run_address>0x2000d774</run_address>
         <size>0x60</size>
         <input_file_ref idref="fl-17"/>
      </object_component>
      <object_component id="oc-308">
         <name>.text:sysTickInit</name>
         <load_address>0x2000d7d4</load_address>
         <run_address>0x2000d7d4</run_address>
         <size>0x5c</size>
         <input_file_ref idref="fl-17"/>
      </object_component>
      <object_component id="oc-248">
         <name>.text:PRCMPeripheralReset</name>
         <load_address>0x2000d830</load_address>
         <run_address>0x2000d830</run_address>
         <size>0x58</size>
         <input_file_ref idref="fl-20"/>
      </object_component>
      <object_component id="oc-477">
         <name>.text:Power_releaseDependency</name>
         <load_address>0x2000d888</load_address>
         <run_address>0x2000d888</run_address>
         <size>0x58</size>
         <input_file_ref idref="fl-f"/>
      </object_component>
      <object_component id="oc-50c">
         <name>.text:PowerCC32XX_resumeLPDS</name>
         <load_address>0x2000d8e0</load_address>
         <run_address>0x2000d8e0</run_address>
         <size>0x52</size>
         <input_file_ref idref="fl-10"/>
      </object_component>
      <object_component id="oc-3ae">
         <name>.text:PWMTimerCC32XX_init</name>
         <load_address>0x2000d932</load_address>
         <run_address>0x2000d932</run_address>
         <size>0x2</size>
         <input_file_ref idref="fl-11"/>
      </object_component>
      <object_component id="oc-79">
         <name>.text:ClockP_sysTickHandler</name>
         <load_address>0x2000d934</load_address>
         <run_address>0x2000d934</run_address>
         <size>0x50</size>
         <input_file_ref idref="fl-17"/>
      </object_component>
      <object_component id="oc-318">
         <name>.text:SemaphoreP_construct</name>
         <load_address>0x2000d984</load_address>
         <run_address>0x2000d984</run_address>
         <size>0x50</size>
         <input_file_ref idref="fl-16"/>
      </object_component>
      <object_component id="oc-492">
         <name>.text:TimerCC32XX_allocateTimerResource</name>
         <load_address>0x2000d9d4</load_address>
         <run_address>0x2000d9d4</run_address>
         <size>0x50</size>
         <input_file_ref idref="fl-12"/>
      </object_component>
      <object_component id="oc-503">
         <name>.text:PowerCC32XX_parkPin</name>
         <load_address>0x2000da24</load_address>
         <run_address>0x2000da24</run_address>
         <size>0x4c</size>
         <input_file_ref idref="fl-f"/>
      </object_component>
      <object_component id="oc-4b7">
         <name>.text:getDutyCounts</name>
         <load_address>0x2000da70</load_address>
         <run_address>0x2000da70</run_address>
         <size>0x4c</size>
         <input_file_ref idref="fl-11"/>
      </object_component>
      <object_component id="oc-4c1">
         <name>.text:getPeriodCounts</name>
         <load_address>0x2000dabc</load_address>
         <run_address>0x2000dabc</run_address>
         <size>0x4c</size>
         <input_file_ref idref="fl-11"/>
      </object_component>
      <object_component id="oc-446">
         <name>.text:restorePeriphClocks</name>
         <load_address>0x2000db08</load_address>
         <run_address>0x2000db08</run_address>
         <size>0x4c</size>
         <input_file_ref idref="fl-f"/>
      </object_component>
      <object_component id="oc-1db">
         <name>.text:ClockP_usleep</name>
         <load_address>0x2000db54</load_address>
         <run_address>0x2000db54</run_address>
         <size>0x48</size>
         <input_file_ref idref="fl-17"/>
      </object_component>
      <object_component id="oc-527">
         <name>.text:FlashDisable</name>
         <load_address>0x2000db9c</load_address>
         <run_address>0x2000db9c</run_address>
         <size>0x48</size>
         <input_file_ref idref="fl-23"/>
      </object_component>
      <object_component id="oc-452">
         <name>.text:PRCMLPDSEnter</name>
         <load_address>0x2000dbe4</load_address>
         <run_address>0x2000dbe4</run_address>
         <size>0x48</size>
         <input_file_ref idref="fl-20"/>
      </object_component>
      <object_component id="oc-242">
         <name>.text:PRCMPeripheralClkEnable</name>
         <load_address>0x2000dc2c</load_address>
         <run_address>0x2000dc2c</run_address>
         <size>0x48</size>
         <input_file_ref idref="fl-20"/>
      </object_component>
      <object_component id="oc-4d0">
         <name>.text:Power_releaseConstraint</name>
         <load_address>0x2000dc74</load_address>
         <run_address>0x2000dc74</run_address>
         <size>0x48</size>
         <input_file_ref idref="fl-f"/>
      </object_component>
      <object_component id="oc-4e8">
         <name>.text:ClockP_stop</name>
         <load_address>0x2000dcbc</load_address>
         <run_address>0x2000dcbc</run_address>
         <size>0x44</size>
         <input_file_ref idref="fl-17"/>
      </object_component>
      <object_component id="oc-511">
         <name>.text:PRCMLPDSRestoreInfoSet</name>
         <load_address>0x2000dd00</load_address>
         <run_address>0x2000dd00</run_address>
         <size>0x44</size>
         <input_file_ref idref="fl-20"/>
      </object_component>
      <object_component id="oc-1bd">
         <name>.text:PWM_init</name>
         <load_address>0x2000dd44</load_address>
         <run_address>0x2000dd44</run_address>
         <size>0x44</size>
         <input_file_ref idref="fl-e"/>
      </object_component>
      <object_component id="oc-43b">
         <name>.text:PowerCC32XX_enterLPDS</name>
         <load_address>0x2000dd88</load_address>
         <run_address>0x2000dd88</run_address>
         <size>0x44</size>
         <input_file_ref idref="fl-10"/>
      </object_component>
      <object_component id="oc-38d">
         <name>.text:SwiP_restore</name>
         <load_address>0x2000ddcc</load_address>
         <run_address>0x2000ddcc</run_address>
         <size>0x44</size>
         <input_file_ref idref="fl-1b"/>
      </object_component>
      <object_component id="oc-171">
         <name>.text:__TI_auto_init_nobinit_nopinit:__TI_auto_init_nobinit_nopinit</name>
         <load_address>0x2000de10</load_address>
         <run_address>0x2000de10</run_address>
         <size>0x44</size>
         <input_file_ref idref="fl-e3"/>
      </object_component>
      <object_component id="oc-1c9">
         <name>.text:PWM_open</name>
         <load_address>0x2000de54</load_address>
         <run_address>0x2000de54</run_address>
         <size>0x40</size>
         <input_file_ref idref="fl-e"/>
      </object_component>
      <object_component id="oc-25a">
         <name>.text:PinModeSet</name>
         <load_address>0x2000de94</load_address>
         <run_address>0x2000de94</run_address>
         <size>0x40</size>
         <input_file_ref idref="fl-1f"/>
      </object_component>
      <object_component id="oc-403">
         <name>.text:ClockP_destruct</name>
         <load_address>0x2000ded4</load_address>
         <run_address>0x2000ded4</run_address>
         <size>0x3c</size>
         <input_file_ref idref="fl-17"/>
      </object_component>
      <object_component id="oc-4c9">
         <name>.text:Power_setConstraint</name>
         <load_address>0x2000df10</load_address>
         <run_address>0x2000df10</run_address>
         <size>0x3c</size>
         <input_file_ref idref="fl-f"/>
      </object_component>
      <object_component id="oc-376">
         <name>.text:getCountsRTC</name>
         <load_address>0x2000df4c</load_address>
         <run_address>0x2000df4c</run_address>
         <size>0x3a</size>
         <input_file_ref idref="fl-19"/>
      </object_component>
      <object_component id="oc-471">
         <name>.text:getPowerMgrId</name>
         <load_address>0x2000df86</load_address>
         <run_address>0x2000df86</run_address>
         <size>0x3a</size>
         <input_file_ref idref="fl-11"/>
      </object_component>
      <object_component id="oc-458">
         <name>.text:PRCMLPDSEnterKeepDebugIf</name>
         <load_address>0x2000dfc0</load_address>
         <run_address>0x2000dfc0</run_address>
         <size>0x38</size>
         <input_file_ref idref="fl-20"/>
      </object_component>
      <object_component id="oc-db">
         <name>.text:addToList</name>
         <load_address>0x2000dff8</load_address>
         <run_address>0x2000dff8</run_address>
         <size>0x38</size>
         <input_file_ref idref="fl-17"/>
      </object_component>
      <object_component id="oc-59">
         <name>.text:initVectors</name>
         <load_address>0x2000e030</load_address>
         <run_address>0x2000e030</run_address>
         <size>0x38</size>
         <input_file_ref idref="fl-1a"/>
      </object_component>
      <object_component id="oc-429">
         <name>.text:notify</name>
         <load_address>0x2000e068</load_address>
         <run_address>0x2000e068</run_address>
         <size>0x38</size>
         <input_file_ref idref="fl-f"/>
      </object_component>
      <object_component id="oc-364">
         <name>.text:ClockP_getTicksUntilInterrupt</name>
         <load_address>0x2000e0a0</load_address>
         <run_address>0x2000e0a0</run_address>
         <size>0x34</size>
         <input_file_ref idref="fl-17"/>
      </object_component>
      <object_component id="oc-28c">
         <name>.text:ClockP_startup</name>
         <load_address>0x2000e0d4</load_address>
         <run_address>0x2000e0d4</run_address>
         <size>0x34</size>
         <input_file_ref idref="fl-17"/>
      </object_component>
      <object_component id="oc-254">
         <name>.text:PinModeGet</name>
         <load_address>0x2000e108</load_address>
         <run_address>0x2000e108</run_address>
         <size>0x34</size>
         <input_file_ref idref="fl-1f"/>
      </object_component>
      <object_component id="oc-46b">
         <name>.text:TimerCC32XX_freeTimerResource</name>
         <load_address>0x2000e13c</load_address>
         <run_address>0x2000e13c</run_address>
         <size>0x34</size>
         <input_file_ref idref="fl-12"/>
      </object_component>
      <object_component id="oc-53f">
         <name>.text:getPowerMgrId</name>
         <load_address>0x2000e170</load_address>
         <run_address>0x2000e170</run_address>
         <size>0x34</size>
         <input_file_ref idref="fl-12"/>
      </object_component>
      <object_component id="oc-3f1">
         <name>.text:ClockP_start</name>
         <load_address>0x2000e1a4</load_address>
         <run_address>0x2000e1a4</run_address>
         <size>0x30</size>
         <input_file_ref idref="fl-17"/>
      </object_component>
      <object_component id="oc-520">
         <name>.text:PowerCC32XX_restoreParkedPin</name>
         <load_address>0x2000e1d4</load_address>
         <run_address>0x2000e1d4</run_address>
         <size>0x30</size>
         <input_file_ref idref="fl-f"/>
      </object_component>
      <object_component id="oc-24e">
         <name>.text:PRCMPeripheralClkDisable</name>
         <load_address>0x2000e204</load_address>
         <run_address>0x2000e204</run_address>
         <size>0x28</size>
         <input_file_ref idref="fl-20"/>
      </object_component>
      <object_component id="oc-49e">
         <name>.text:Power_registerNotify</name>
         <load_address>0x2000e22c</load_address>
         <run_address>0x2000e22c</run_address>
         <size>0x28</size>
         <input_file_ref idref="fl-f"/>
      </object_component>
      <object_component id="oc-55a">
         <name>.text:List_put</name>
         <load_address>0x2000e254</load_address>
         <run_address>0x2000e254</run_address>
         <size>0x26</size>
         <input_file_ref idref="fl-13"/>
      </object_component>
      <object_component id="oc-54c">
         <name>.text:List_remove</name>
         <load_address>0x2000e27a</load_address>
         <run_address>0x2000e27a</run_address>
         <size>0x26</size>
         <input_file_ref idref="fl-13"/>
      </object_component>
      <object_component id="oc-c5">
         <name>.text:_c_int00_noargs:_c_int00_noargs</name>
         <load_address>0x2000e2a0</load_address>
         <run_address>0x2000e2a0</run_address>
         <size>0x24</size>
         <input_file_ref idref="fl-e0"/>
      </object_component>
      <object_component id="oc-298">
         <name>.text:sleepTicks</name>
         <load_address>0x2000e2c4</load_address>
         <run_address>0x2000e2c4</run_address>
         <size>0x24</size>
         <input_file_ref idref="fl-17"/>
      </object_component>
      <object_component id="oc-47d">
         <name>.text:Power_unregisterNotify</name>
         <load_address>0x2000e2e8</load_address>
         <run_address>0x2000e2e8</run_address>
         <size>0x20</size>
         <input_file_ref idref="fl-f"/>
      </object_component>
      <object_component id="oc-483">
         <name>.text:PinToPadGet</name>
         <load_address>0x2000e308</load_address>
         <run_address>0x2000e308</run_address>
         <size>0x1c</size>
         <input_file_ref idref="fl-1f"/>
      </object_component>
      <object_component id="oc-358">
         <name>.text:SwiP_disable</name>
         <load_address>0x2000e324</load_address>
         <run_address>0x2000e324</run_address>
         <size>0x1c</size>
         <input_file_ref idref="fl-1b"/>
      </object_component>
      <object_component id="oc-47">
         <name>.text:decompress:ZI:__TI_zero_init_nomemset:__TI_zero_init_nomemset</name>
         <load_address>0x2000e340</load_address>
         <run_address>0x2000e340</run_address>
         <size>0x1c</size>
         <input_file_ref idref="fl-dc"/>
      </object_component>
      <object_component id="oc-21">
         <name>.text:resetISR</name>
         <load_address>0x2000e35c</load_address>
         <run_address>0x2000e35c</run_address>
         <size>0x1a</size>
         <input_file_ref idref="fl-1a"/>
      </object_component>
      <object_component id="oc-2e5">
         <name>.text:PowerCC32XX_initPolicy</name>
         <load_address>0x2000e376</load_address>
         <run_address>0x2000e376</run_address>
         <size>0x2</size>
         <input_file_ref idref="fl-19"/>
      </object_component>
      <object_component id="oc-36a">
         <name>.text:Power_getTransitionLatency</name>
         <load_address>0x2000e378</load_address>
         <run_address>0x2000e378</run_address>
         <size>0x18</size>
         <input_file_ref idref="fl-f"/>
      </object_component>
      <object_component id="oc-56c">
         <name>.text:Power_idleFunc</name>
         <load_address>0x2000e390</load_address>
         <run_address>0x2000e390</run_address>
         <size>0x18</size>
         <input_file_ref idref="fl-f"/>
      </object_component>
      <object_component id="oc-312">
         <name>.text</name>
         <load_address>0x2000e3a8</load_address>
         <run_address>0x2000e3a8</run_address>
         <size>0x18</size>
         <input_file_ref idref="fl-d9"/>
      </object_component>
      <object_component id="oc-23c">
         <name>.text:PRCMHIBRegRead</name>
         <load_address>0x2000e3c0</load_address>
         <run_address>0x2000e3c0</run_address>
         <size>0x16</size>
         <input_file_ref idref="fl-20"/>
      </object_component>
      <object_component id="oc-236">
         <name>.text:PRCMHIBRegWrite</name>
         <load_address>0x2000e3d6</load_address>
         <run_address>0x2000e3d6</run_address>
         <size>0x16</size>
         <input_file_ref idref="fl-20"/>
      </object_component>
      <object_component id="oc-a3">
         <name>.text:CPUcpsid</name>
         <load_address>0x2000e3ec</load_address>
         <run_address>0x2000e3ec</run_address>
         <size>0x14</size>
         <input_file_ref idref="fl-1d"/>
      </object_component>
      <object_component id="oc-af">
         <name>.text:IntVTableBaseSet</name>
         <load_address>0x2000e400</load_address>
         <run_address>0x2000e400</run_address>
         <size>0x14</size>
         <input_file_ref idref="fl-1e"/>
      </object_component>
      <object_component id="oc-1c3">
         <name>.text:PWM_Params_init</name>
         <load_address>0x2000e414</load_address>
         <run_address>0x2000e414</run_address>
         <size>0x14</size>
         <input_file_ref idref="fl-e"/>
      </object_component>
      <object_component id="oc-519">
         <name>.text:Power_getDependencyCount</name>
         <load_address>0x2000e428</load_address>
         <run_address>0x2000e428</run_address>
         <size>0x14</size>
         <input_file_ref idref="fl-f"/>
      </object_component>
      <object_component id="oc-11a">
         <name>.text:main</name>
         <load_address>0x2000e43c</load_address>
         <run_address>0x2000e43c</run_address>
         <size>0x12</size>
         <input_file_ref idref="fl-2"/>
      </object_component>
      <object_component id="oc-4b0">
         <name>.text:postNotifyFxn</name>
         <load_address>0x2000e44e</load_address>
         <run_address>0x2000e44e</run_address>
         <size>0x12</size>
         <input_file_ref idref="fl-11"/>
      </object_component>
      <object_component id="oc-152">
         <name>.text:Board_init</name>
         <load_address>0x2000e460</load_address>
         <run_address>0x2000e460</run_address>
         <size>0x10</size>
         <input_file_ref idref="fl-4"/>
      </object_component>
      <object_component id="oc-3eb">
         <name>.text:ClockP_add</name>
         <load_address>0x2000e470</load_address>
         <run_address>0x2000e470</run_address>
         <size>0x10</size>
         <input_file_ref idref="fl-17"/>
      </object_component>
      <object_component id="oc-352">
         <name>.text:ClockP_getCpuFreq</name>
         <load_address>0x2000e480</load_address>
         <run_address>0x2000e480</run_address>
         <size>0x10</size>
         <input_file_ref idref="fl-17"/>
      </object_component>
      <object_component id="oc-370">
         <name>.text:ClockP_getSystemTicks</name>
         <load_address>0x2000e490</load_address>
         <run_address>0x2000e490</run_address>
         <size>0x10</size>
         <input_file_ref idref="fl-17"/>
      </object_component>
      <object_component id="oc-387">
         <name>.text:ClockP_setTicks</name>
         <load_address>0x2000e4a0</load_address>
         <run_address>0x2000e4a0</run_address>
         <size>0x10</size>
         <input_file_ref idref="fl-17"/>
      </object_component>
      <object_component id="oc-275">
         <name>.text:HwiP_restore</name>
         <load_address>0x2000e4b0</load_address>
         <run_address>0x2000e4b0</run_address>
         <size>0x10</size>
         <input_file_ref idref="fl-18"/>
      </object_component>
      <object_component id="oc-3f7">
         <name>.text:Power_enablePolicy</name>
         <load_address>0x2000e4c0</load_address>
         <run_address>0x2000e4c0</run_address>
         <size>0x10</size>
         <input_file_ref idref="fl-f"/>
      </object_component>
      <object_component id="oc-3e0">
         <name>.text:SemaphoreP_Params_init</name>
         <load_address>0x2000e4d0</load_address>
         <run_address>0x2000e4d0</run_address>
         <size>0x10</size>
         <input_file_ref idref="fl-16"/>
      </object_component>
      <object_component id="oc-26f">
         <name>.text:HwiP_disable</name>
         <load_address>0x2000e4e0</load_address>
         <run_address>0x2000e4e0</run_address>
         <size>0xe</size>
         <input_file_ref idref="fl-18"/>
      </object_component>
      <object_component id="oc-158">
         <name>.text:HwiP_enable</name>
         <load_address>0x2000e4ee</load_address>
         <run_address>0x2000e4ee</run_address>
         <size>0xe</size>
         <input_file_ref idref="fl-18"/>
      </object_component>
      <object_component id="oc-1a">
         <name>.text:decompress:none:__TI_decompress_none</name>
         <load_address>0x2000e4fc</load_address>
         <run_address>0x2000e4fc</run_address>
         <size>0xe</size>
         <input_file_ref idref="fl-dd"/>
      </object_component>
      <object_component id="oc-324">
         <name>.text:SemaphoreP_destruct</name>
         <load_address>0x2000e50a</load_address>
         <run_address>0x2000e50a</run_address>
         <size>0x2</size>
         <input_file_ref idref="fl-16"/>
      </object_component>
      <object_component id="oc-35e">
         <name>.text:Power_getConstraintMask</name>
         <load_address>0x2000e50c</load_address>
         <run_address>0x2000e50c</run_address>
         <size>0xc</size>
         <input_file_ref idref="fl-f"/>
      </object_component>
      <object_component id="oc-3fd">
         <name>.text:ClockP_isActive</name>
         <load_address>0x2000e518</load_address>
         <run_address>0x2000e518</run_address>
         <size>0xa</size>
         <input_file_ref idref="fl-17"/>
      </object_component>
      <object_component id="oc-53">
         <name>.text:IntMasterDisable</name>
         <load_address>0x2000e522</load_address>
         <run_address>0x2000e522</run_address>
         <size>0xa</size>
         <input_file_ref idref="fl-1e"/>
      </object_component>
      <object_component id="oc-1d5">
         <name>.text:PWM_setDuty</name>
         <load_address>0x2000e52c</load_address>
         <run_address>0x2000e52c</run_address>
         <size>0xa</size>
         <input_file_ref idref="fl-e"/>
      </object_component>
      <object_component id="oc-1cf">
         <name>.text:PWM_start</name>
         <load_address>0x2000e536</load_address>
         <run_address>0x2000e536</run_address>
         <size>0xa</size>
         <input_file_ref idref="fl-e"/>
      </object_component>
      <object_component id="oc-3a8">
         <name>.text:PWMTimerCC32XX_control</name>
         <load_address>0x2000e540</load_address>
         <run_address>0x2000e540</run_address>
         <size>0x6</size>
         <input_file_ref idref="fl-11"/>
      </object_component>
      <object_component id="oc-235">
         <name>.text:UtilsDelay</name>
         <load_address>0x2000e546</load_address>
         <run_address>0x2000e546</run_address>
         <size>0x6</size>
         <input_file_ref idref="fl-22"/>
      </object_component>
      <object_component id="oc-460">
         <name>.text:HwiP_post</name>
         <load_address>0x2000e54c</load_address>
         <run_address>0x2000e54c</run_address>
         <size>0x4</size>
         <input_file_ref idref="fl-18"/>
      </object_component>
      <object_component id="oc-114">
         <name>.text:_system_pre_init</name>
         <load_address>0x2000e550</load_address>
         <run_address>0x2000e550</run_address>
         <size>0x4</size>
         <input_file_ref idref="fl-e4"/>
      </object_component>
      <object_component id="oc-165">
         <name>.text:abort:abort</name>
         <load_address>0x2000e554</load_address>
         <run_address>0x2000e554</run_address>
         <size>0x4</size>
         <input_file_ref idref="fl-e6"/>
      </object_component>
      <object_component id="oc-73">
         <name>.text:busFaultHandler</name>
         <load_address>0x2000e558</load_address>
         <run_address>0x2000e558</run_address>
         <size>0x2</size>
         <input_file_ref idref="fl-1a"/>
      </object_component>
      <object_component id="oc-409">
         <name>.text:clkFxn</name>
         <load_address>0x2000e55a</load_address>
         <run_address>0x2000e55a</run_address>
         <size>0x2</size>
         <input_file_ref idref="fl-16"/>
      </object_component>
      <object_component id="oc-6d">
         <name>.text:defaultHandler</name>
         <load_address>0x2000e55c</load_address>
         <run_address>0x2000e55c</run_address>
         <size>0x2</size>
         <input_file_ref idref="fl-1a"/>
      </object_component>
      <object_component id="oc-67">
         <name>.text:faultISR</name>
         <load_address>0x2000e55e</load_address>
         <run_address>0x2000e55e</run_address>
         <size>0x2</size>
         <input_file_ref idref="fl-1a"/>
      </object_component>
      <object_component id="oc-61">
         <name>.text:nmiISR</name>
         <load_address>0x2000e560</load_address>
         <run_address>0x2000e560</run_address>
         <size>0x2</size>
         <input_file_ref idref="fl-1a"/>
      </object_component>
      <object_component id="oc-423">
         <name>.text</name>
         <load_address>0x2000e562</load_address>
         <run_address>0x2000e562</run_address>
         <size>0x2</size>
         <input_file_ref idref="fl-e1"/>
      </object_component>
      <object_component id="oc-2db">
         <name>.const:g_ulPinToPadMap</name>
         <load_address>0x2000e564</load_address>
         <run_address>0x2000e564</run_address>
         <size>0x100</size>
         <input_file_ref idref="fl-1f"/>
      </object_component>
      <object_component id="oc-2d4">
         <name>.const:PRCM_PeriphRegsList</name>
         <load_address>0x2000e664</load_address>
         <run_address>0x2000e664</run_address>
         <size>0xa8</size>
         <input_file_ref idref="fl-20"/>
      </object_component>
      <object_component id="oc-26a">
         <name>.const:PowerCC32XX_config</name>
         <load_address>0x2000e70c</load_address>
         <run_address>0x2000e70c</run_address>
         <size>0x44</size>
         <input_file_ref idref="fl-4"/>
      </object_component>
      <object_component id="oc-2fd">
         <name>.const:PWMTimerCC32XX_fxnTable</name>
         <load_address>0x2000e750</load_address>
         <run_address>0x2000e750</run_address>
         <size>0x24</size>
         <input_file_ref idref="fl-11"/>
      </object_component>
      <object_component id="oc-4d6">
         <name>.const:gpioPinIndexes</name>
         <load_address>0x2000e774</load_address>
         <run_address>0x2000e774</run_address>
         <size>0x20</size>
         <input_file_ref idref="fl-11"/>
      </object_component>
      <object_component id="oc-281">
         <name>.const:PWM_config</name>
         <load_address>0x2000e794</load_address>
         <run_address>0x2000e794</run_address>
         <size>0x18</size>
         <input_file_ref idref="fl-4"/>
      </object_component>
      <object_component id="oc-285">
         <name>.const:PWM_defaultParams</name>
         <load_address>0x2000e7ac</load_address>
         <run_address>0x2000e7ac</run_address>
         <size>0x18</size>
         <input_file_ref idref="fl-e"/>
      </object_component>
      <object_component id="oc-10e">
         <name>.const:g_pulEnRegs</name>
         <load_address>0x2000e7c4</load_address>
         <run_address>0x2000e7c4</run_address>
         <size>0x18</size>
         <input_file_ref idref="fl-1e"/>
      </object_component>
      <object_component id="oc-581">
         <name>.const:g_pulPendRegs</name>
         <load_address>0x2000e7dc</load_address>
         <run_address>0x2000e7dc</run_address>
         <size>0x18</size>
         <input_file_ref idref="fl-1e"/>
      </object_component>
      <object_component id="oc-48c">
         <name>.const:gpioBaseAddresses</name>
         <load_address>0x2000e7f4</load_address>
         <run_address>0x2000e7f4</run_address>
         <size>0x10</size>
         <input_file_ref idref="fl-11"/>
      </object_component>
      <object_component id="oc-489">
         <name>.const:timerBaseAddresses</name>
         <load_address>0x2000e804</load_address>
         <run_address>0x2000e804</run_address>
         <size>0x10</size>
         <input_file_ref idref="fl-11"/>
      </object_component>
      <object_component id="oc-301">
         <name>.const:pwmTimerCC32XXHWAttrs</name>
         <load_address>0x2000e814</load_address>
         <run_address>0x2000e814</run_address>
         <size>0x8</size>
         <input_file_ref idref="fl-4"/>
      </object_component>
      <object_component id="oc-4bd">
         <name>.const:timerHalves</name>
         <load_address>0x2000e81c</load_address>
         <run_address>0x2000e81c</run_address>
         <size>0x8</size>
         <input_file_ref idref="fl-11"/>
      </object_component>
      <object_component id="oc-27e">
         <name>.const</name>
         <load_address>0x2000e824</load_address>
         <run_address>0x2000e824</run_address>
         <size>0x3</size>
         <input_file_ref idref="fl-4"/>
      </object_component>
      <object_component id="oc-5c5">
         <name>.cinit..data.load</name>
         <load_address>0x2000ec48</load_address>
         <run_address>0x2000ec48</run_address>
         <size>0xb0</size>
      </object_component>
      <object_component id="oc-5c3">
         <name>__TI_handler_table</name>
         <load_address>0x2000ecf8</load_address>
         <run_address>0x2000ecf8</run_address>
         <size>0xc</size>
      </object_component>
      <object_component id="oc-5c6">
         <name>.cinit..bss.load</name>
         <load_address>0x2000ed08</load_address>
         <run_address>0x2000ed08</run_address>
         <size>0x8</size>
      </object_component>
      <object_component id="oc-5c4">
         <name>__TI_cinit_table</name>
         <load_address>0x2000ed10</load_address>
         <run_address>0x2000ed10</run_address>
         <size>0x10</size>
      </object_component>
      <object_component id="oc-2f1">
         <name>.data:parkInfo</name>
         <load_address>0x2000e994</load_address>
         <run_address>0x2000e994</run_address>
         <size>0xf8</size>
         <input_file_ref idref="fl-4"/>
      </object_component>
      <object_component id="oc-27b">
         <name>.data</name>
         <load_address>0x2000eaa4</load_address>
         <run_address>0x2000eaa4</run_address>
         <size>0x1</size>
         <input_file_ref idref="fl-e"/>
      </object_component>
      <object_component id="oc-267">
         <name>.data:PowerCC32XX_module</name>
         <load_address>0x2000e828</load_address>
         <run_address>0x2000e828</run_address>
         <size>0x16c</size>
         <input_file_ref idref="fl-f"/>
      </object_component>
      <object_component id="oc-3e6">
         <name>.data</name>
         <load_address>0x2000eaa1</load_address>
         <run_address>0x2000eaa1</run_address>
         <size>0x3</size>
         <input_file_ref idref="fl-16"/>
      </object_component>
      <object_component id="oc-4da">
         <name>.data:SemaphoreP_defaultParams</name>
         <load_address>0x2000ea8c</load_address>
         <run_address>0x2000ea8c</run_address>
         <size>0x8</size>
         <input_file_ref idref="fl-16"/>
      </object_component>
      <object_component id="oc-29e">
         <name>.data</name>
         <load_address>0x2000ea9c</load_address>
         <run_address>0x2000ea9c</run_address>
         <size>0x5</size>
         <input_file_ref idref="fl-17"/>
      </object_component>
      <object_component id="oc-466">
         <name>.data</name>
         <load_address>0x2000ea94</load_address>
         <run_address>0x2000ea94</run_address>
         <size>0x8</size>
         <input_file_ref idref="fl-18"/>
      </object_component>
      <object_component id="oc-545">
         <name>.bss:timerState</name>
         <uninitialized>true</uninitialized>
         <run_address>0x2000ec40</run_address>
         <size>0x4</size>
         <input_file_ref idref="fl-12"/>
      </object_component>
      <object_component id="oc-30e">
         <name>.bss</name>
         <uninitialized>true</uninitialized>
         <run_address>0x2000ec1c</run_address>
         <size>0x4</size>
         <input_file_ref idref="fl-17"/>
      </object_component>
      <object_component id="oc-414">
         <name>.bss</name>
         <uninitialized>true</uninitialized>
         <run_address>0x2000ec30</run_address>
         <size>0xd</size>
         <input_file_ref idref="fl-1b"/>
      </object_component>
      <object_component id="oc-300">
         <name>.common:pwmTimerCC32XXObjects</name>
         <uninitialized>true</uninitialized>
         <run_address>0x2000ebd4</run_address>
         <size>0x48</size>
      </object_component>
      <object_component id="oc-50a">
         <name>.common:PowerCC32XX_contextSave</name>
         <uninitialized>true</uninitialized>
         <run_address>0x2000eaa8</run_address>
         <size>0x12c</size>
      </object_component>
      <object_component id="oc-e1">
         <name>.common:ClockP_ctrl</name>
         <uninitialized>true</uninitialized>
         <run_address>0x2000ec20</run_address>
         <size>0x10</size>
      </object_component>
      <object_component id="oc-2a">
         <name>.sysmem</name>
         <uninitialized>true</uninitialized>
         <run_address>0x20004040</run_address>
         <size>0x10</size>
         <input_file_ref idref="fl-df"/>
      </object_component>
      <object_component id="oc-5c9">
         <name>.sysmem</name>
         <uninitialized>true</uninitialized>
         <run_address>0x20004040</run_address>
         <size>0x0</size>
      </object_component>
      <object_component id="oc-2d">
         <name>.stack</name>
         <uninitialized>true</uninitialized>
         <run_address>0x20003000</run_address>
         <size>0x4</size>
         <input_file_ref idref="fl-e0"/>
      </object_component>
      <object_component id="oc-5c8">
         <name>.stack</name>
         <uninitialized>true</uninitialized>
         <run_address>0x20003000</run_address>
         <size>0x0</size>
      </object_component>
      <object_component id="oc-27">
         <name>.resetVecs:retain</name>
         <load_address>0x20004000</load_address>
         <run_address>0x20004000</run_address>
         <size>0x40</size>
         <input_file_ref idref="fl-1a"/>
      </object_component>
      <object_component id="oc-bb">
         <name>.ramVecs</name>
         <uninitialized>true</uninitialized>
         <run_address>0x20000000</run_address>
         <size>0x30c</size>
         <input_file_ref idref="fl-1a"/>
      </object_component>
      <object_component id="oc-14d">
         <name>.debug_info</name>
         <load_address>0x0</load_address>
         <run_address>0x0</run_address>
         <size>0x1b8</size>
         <input_file_ref idref="fl-2"/>
      </object_component>
      <object_component id="oc-11e">
         <name>.debug_info</name>
         <load_address>0x1b8</load_address>
         <run_address>0x1b8</run_address>
         <size>0x150</size>
         <input_file_ref idref="fl-2"/>
      </object_component>
      <object_component id="oc-e7">
         <name>.debug_info</name>
         <load_address>0x308</load_address>
         <run_address>0x308</run_address>
         <size>0x26b</size>
         <input_file_ref idref="fl-2"/>
      </object_component>
      <object_component id="oc-36">
         <name>.debug_info</name>
         <load_address>0x573</load_address>
         <run_address>0x573</run_address>
         <size>0x84</size>
         <input_file_ref idref="fl-2"/>
      </object_component>
      <object_component id="oc-148">
         <name>.debug_info</name>
         <load_address>0x5f7</load_address>
         <run_address>0x5f7</run_address>
         <size>0x2a4</size>
         <input_file_ref idref="fl-2"/>
      </object_component>
      <object_component id="oc-20a">
         <name>.debug_info</name>
         <load_address>0x89b</load_address>
         <run_address>0x89b</run_address>
         <size>0xef</size>
         <input_file_ref idref="fl-2"/>
      </object_component>
      <object_component id="oc-12f">
         <name>.debug_info</name>
         <load_address>0x98a</load_address>
         <run_address>0x98a</run_address>
         <size>0xbb</size>
         <input_file_ref idref="fl-2"/>
      </object_component>
      <object_component id="oc-53a">
         <name>.debug_info</name>
         <load_address>0xa45</load_address>
         <run_address>0xa45</run_address>
         <size>0x53</size>
         <input_file_ref idref="fl-2"/>
      </object_component>
      <object_component id="oc-1e2">
         <name>.debug_info</name>
         <load_address>0xa98</load_address>
         <run_address>0xa98</run_address>
         <size>0x2df</size>
         <input_file_ref idref="fl-3"/>
      </object_component>
      <object_component id="oc-15f">
         <name>.debug_info</name>
         <load_address>0xd77</load_address>
         <run_address>0xd77</run_address>
         <size>0x2e3</size>
         <input_file_ref idref="fl-3"/>
      </object_component>
      <object_component id="oc-1e3">
         <name>.debug_info</name>
         <load_address>0x105a</load_address>
         <run_address>0x105a</run_address>
         <size>0x30f</size>
         <input_file_ref idref="fl-3"/>
      </object_component>
      <object_component id="oc-2a4">
         <name>.debug_info</name>
         <load_address>0x1369</load_address>
         <run_address>0x1369</run_address>
         <size>0x53</size>
         <input_file_ref idref="fl-3"/>
      </object_component>
      <object_component id="oc-2ca">
         <name>.debug_info</name>
         <load_address>0x13bc</load_address>
         <run_address>0x13bc</run_address>
         <size>0x434</size>
         <input_file_ref idref="fl-4"/>
      </object_component>
      <object_component id="oc-302">
         <name>.debug_info</name>
         <load_address>0x17f0</load_address>
         <run_address>0x17f0</run_address>
         <size>0x111</size>
         <input_file_ref idref="fl-4"/>
      </object_component>
      <object_component id="oc-282">
         <name>.debug_info</name>
         <load_address>0x1901</load_address>
         <run_address>0x1901</run_address>
         <size>0xfb</size>
         <input_file_ref idref="fl-4"/>
      </object_component>
      <object_component id="oc-27f">
         <name>.debug_info</name>
         <load_address>0x19fc</load_address>
         <run_address>0x19fc</run_address>
         <size>0x163</size>
         <input_file_ref idref="fl-4"/>
      </object_component>
      <object_component id="oc-26b">
         <name>.debug_info</name>
         <load_address>0x1b5f</load_address>
         <run_address>0x1b5f</run_address>
         <size>0x10b</size>
         <input_file_ref idref="fl-4"/>
      </object_component>
      <object_component id="oc-2f2">
         <name>.debug_info</name>
         <load_address>0x1c6a</load_address>
         <run_address>0x1c6a</run_address>
         <size>0xf7</size>
         <input_file_ref idref="fl-4"/>
      </object_component>
      <object_component id="oc-1b7">
         <name>.debug_info</name>
         <load_address>0x1d61</load_address>
         <run_address>0x1d61</run_address>
         <size>0x14f</size>
         <input_file_ref idref="fl-4"/>
      </object_component>
      <object_component id="oc-153">
         <name>.debug_info</name>
         <load_address>0x1eb0</load_address>
         <run_address>0x1eb0</run_address>
         <size>0x185</size>
         <input_file_ref idref="fl-4"/>
      </object_component>
      <object_component id="oc-214">
         <name>.debug_info</name>
         <load_address>0x2035</load_address>
         <run_address>0x2035</run_address>
         <size>0x878</size>
         <input_file_ref idref="fl-4"/>
      </object_component>
      <object_component id="oc-20f">
         <name>.debug_info</name>
         <load_address>0x28ad</load_address>
         <run_address>0x28ad</run_address>
         <size>0xb6</size>
         <input_file_ref idref="fl-4"/>
      </object_component>
      <object_component id="oc-21e">
         <name>.debug_info</name>
         <load_address>0x2963</load_address>
         <run_address>0x2963</run_address>
         <size>0x10e</size>
         <input_file_ref idref="fl-4"/>
      </object_component>
      <object_component id="oc-228">
         <name>.debug_info</name>
         <load_address>0x2a71</load_address>
         <run_address>0x2a71</run_address>
         <size>0xa1</size>
         <input_file_ref idref="fl-4"/>
      </object_component>
      <object_component id="oc-342">
         <name>.debug_info</name>
         <load_address>0x2b12</load_address>
         <run_address>0x2b12</run_address>
         <size>0x62</size>
         <input_file_ref idref="fl-4"/>
      </object_component>
      <object_component id="oc-108">
         <name>.debug_info</name>
         <load_address>0x2b74</load_address>
         <run_address>0x2b74</run_address>
         <size>0x8b</size>
         <input_file_ref idref="fl-4"/>
      </object_component>
      <object_component id="oc-aa">
         <name>.debug_info</name>
         <load_address>0x2bff</load_address>
         <run_address>0x2bff</run_address>
         <size>0x2c</size>
         <input_file_ref idref="fl-4"/>
      </object_component>
      <object_component id="oc-1a4">
         <name>.debug_info</name>
         <load_address>0x2c2b</load_address>
         <run_address>0x2c2b</run_address>
         <size>0x2c2</size>
         <input_file_ref idref="fl-e"/>
      </object_component>
      <object_component id="oc-286">
         <name>.debug_info</name>
         <load_address>0x2eed</load_address>
         <run_address>0x2eed</run_address>
         <size>0xdd</size>
         <input_file_ref idref="fl-e"/>
      </object_component>
      <object_component id="oc-27c">
         <name>.debug_info</name>
         <load_address>0x2fca</load_address>
         <run_address>0x2fca</run_address>
         <size>0xd4</size>
         <input_file_ref idref="fl-e"/>
      </object_component>
      <object_component id="oc-1d0">
         <name>.debug_info</name>
         <load_address>0x309e</load_address>
         <run_address>0x309e</run_address>
         <size>0x120</size>
         <input_file_ref idref="fl-e"/>
      </object_component>
      <object_component id="oc-1d6">
         <name>.debug_info</name>
         <load_address>0x31be</load_address>
         <run_address>0x31be</run_address>
         <size>0x139</size>
         <input_file_ref idref="fl-e"/>
      </object_component>
      <object_component id="oc-1ca">
         <name>.debug_info</name>
         <load_address>0x32f7</load_address>
         <run_address>0x32f7</run_address>
         <size>0x15d</size>
         <input_file_ref idref="fl-e"/>
      </object_component>
      <object_component id="oc-1be">
         <name>.debug_info</name>
         <load_address>0x3454</load_address>
         <run_address>0x3454</run_address>
         <size>0x129</size>
         <input_file_ref idref="fl-e"/>
      </object_component>
      <object_component id="oc-1c4">
         <name>.debug_info</name>
         <load_address>0x357d</load_address>
         <run_address>0x357d</run_address>
         <size>0x110</size>
         <input_file_ref idref="fl-e"/>
      </object_component>
      <object_component id="oc-2cc">
         <name>.debug_info</name>
         <load_address>0x368d</load_address>
         <run_address>0x368d</run_address>
         <size>0xf8</size>
         <input_file_ref idref="fl-e"/>
      </object_component>
      <object_component id="oc-139">
         <name>.debug_info</name>
         <load_address>0x3785</load_address>
         <run_address>0x3785</run_address>
         <size>0x110</size>
         <input_file_ref idref="fl-e"/>
      </object_component>
      <object_component id="oc-2e1">
         <name>.debug_info</name>
         <load_address>0x3895</load_address>
         <run_address>0x3895</run_address>
         <size>0x5a4</size>
         <input_file_ref idref="fl-f"/>
      </object_component>
      <object_component id="oc-268">
         <name>.debug_info</name>
         <load_address>0x3e39</load_address>
         <run_address>0x3e39</run_address>
         <size>0xed</size>
         <input_file_ref idref="fl-f"/>
      </object_component>
      <object_component id="oc-47f">
         <name>.debug_info</name>
         <load_address>0x3f26</load_address>
         <run_address>0x3f26</run_address>
         <size>0x1b7</size>
         <input_file_ref idref="fl-f"/>
      </object_component>
      <object_component id="oc-42b">
         <name>.debug_info</name>
         <load_address>0x40dd</load_address>
         <run_address>0x40dd</run_address>
         <size>0x167</size>
         <input_file_ref idref="fl-f"/>
      </object_component>
      <object_component id="oc-504">
         <name>.debug_info</name>
         <load_address>0x4244</load_address>
         <run_address>0x4244</run_address>
         <size>0x255</size>
         <input_file_ref idref="fl-f"/>
      </object_component>
      <object_component id="oc-430">
         <name>.debug_info</name>
         <load_address>0x4499</load_address>
         <run_address>0x4499</run_address>
         <size>0x191</size>
         <input_file_ref idref="fl-f"/>
      </object_component>
      <object_component id="oc-436">
         <name>.debug_info</name>
         <load_address>0x462a</load_address>
         <run_address>0x462a</run_address>
         <size>0x121</size>
         <input_file_ref idref="fl-f"/>
      </object_component>
      <object_component id="oc-442">
         <name>.debug_info</name>
         <load_address>0x474b</load_address>
         <run_address>0x474b</run_address>
         <size>0x127</size>
         <input_file_ref idref="fl-f"/>
      </object_component>
      <object_component id="oc-51b">
         <name>.debug_info</name>
         <load_address>0x4872</load_address>
         <run_address>0x4872</run_address>
         <size>0x18a</size>
         <input_file_ref idref="fl-f"/>
      </object_component>
      <object_component id="oc-448">
         <name>.debug_info</name>
         <load_address>0x49fc</load_address>
         <run_address>0x49fc</run_address>
         <size>0x167</size>
         <input_file_ref idref="fl-f"/>
      </object_component>
      <object_component id="oc-522">
         <name>.debug_info</name>
         <load_address>0x4b63</load_address>
         <run_address>0x4b63</run_address>
         <size>0x1f8</size>
         <input_file_ref idref="fl-f"/>
      </object_component>
      <object_component id="oc-44d">
         <name>.debug_info</name>
         <load_address>0x4d5b</load_address>
         <run_address>0x4d5b</run_address>
         <size>0x171</size>
         <input_file_ref idref="fl-f"/>
      </object_component>
      <object_component id="oc-383">
         <name>.debug_info</name>
         <load_address>0x4ecc</load_address>
         <run_address>0x4ecc</run_address>
         <size>0x2d6</size>
         <input_file_ref idref="fl-f"/>
      </object_component>
      <object_component id="oc-35f">
         <name>.debug_info</name>
         <load_address>0x51a2</load_address>
         <run_address>0x51a2</run_address>
         <size>0x139</size>
         <input_file_ref idref="fl-f"/>
      </object_component>
      <object_component id="oc-499">
         <name>.debug_info</name>
         <load_address>0x52db</load_address>
         <run_address>0x52db</run_address>
         <size>0x1d9</size>
         <input_file_ref idref="fl-f"/>
      </object_component>
      <object_component id="oc-4ca">
         <name>.debug_info</name>
         <load_address>0x54b4</load_address>
         <run_address>0x54b4</run_address>
         <size>0x1b7</size>
         <input_file_ref idref="fl-f"/>
      </object_component>
      <object_component id="oc-478">
         <name>.debug_info</name>
         <load_address>0x566b</load_address>
         <run_address>0x566b</run_address>
         <size>0x1da</size>
         <input_file_ref idref="fl-f"/>
      </object_component>
      <object_component id="oc-4d1">
         <name>.debug_info</name>
         <load_address>0x5845</load_address>
         <run_address>0x5845</run_address>
         <size>0x1db</size>
         <input_file_ref idref="fl-f"/>
      </object_component>
      <object_component id="oc-49f">
         <name>.debug_info</name>
         <load_address>0x5a20</load_address>
         <run_address>0x5a20</run_address>
         <size>0x240</size>
         <input_file_ref idref="fl-f"/>
      </object_component>
      <object_component id="oc-262">
         <name>.debug_info</name>
         <load_address>0x5c60</load_address>
         <run_address>0x5c60</run_address>
         <size>0x18d</size>
         <input_file_ref idref="fl-f"/>
      </object_component>
      <object_component id="oc-1b0">
         <name>.debug_info</name>
         <load_address>0x5ded</load_address>
         <run_address>0x5ded</run_address>
         <size>0x14b</size>
         <input_file_ref idref="fl-f"/>
      </object_component>
      <object_component id="oc-56d">
         <name>.debug_info</name>
         <load_address>0x5f38</load_address>
         <run_address>0x5f38</run_address>
         <size>0x12a</size>
         <input_file_ref idref="fl-f"/>
      </object_component>
      <object_component id="oc-36b">
         <name>.debug_info</name>
         <load_address>0x6062</load_address>
         <run_address>0x6062</run_address>
         <size>0x195</size>
         <input_file_ref idref="fl-f"/>
      </object_component>
      <object_component id="oc-3f8">
         <name>.debug_info</name>
         <load_address>0x61f7</load_address>
         <run_address>0x61f7</run_address>
         <size>0x12b</size>
         <input_file_ref idref="fl-f"/>
      </object_component>
      <object_component id="oc-4ab">
         <name>.debug_info</name>
         <load_address>0x6322</load_address>
         <run_address>0x6322</run_address>
         <size>0x197</size>
         <input_file_ref idref="fl-f"/>
      </object_component>
      <object_component id="oc-34c">
         <name>.debug_info</name>
         <load_address>0x64b9</load_address>
         <run_address>0x64b9</run_address>
         <size>0x2c</size>
         <input_file_ref idref="fl-f"/>
      </object_component>
      <object_component id="oc-43c">
         <name>.debug_info</name>
         <load_address>0x64e5</load_address>
         <run_address>0x64e5</run_address>
         <size>0x11f</size>
         <input_file_ref idref="fl-10"/>
      </object_component>
      <object_component id="oc-50e">
         <name>.debug_info</name>
         <load_address>0x6604</load_address>
         <run_address>0x6604</run_address>
         <size>0x103</size>
         <input_file_ref idref="fl-10"/>
      </object_component>
      <object_component id="oc-1a3">
         <name>.debug_info</name>
         <load_address>0x6707</load_address>
         <run_address>0x6707</run_address>
         <size>0x731</size>
         <input_file_ref idref="fl-11"/>
      </object_component>
      <object_component id="oc-2fe">
         <name>.debug_info</name>
         <load_address>0x6e38</load_address>
         <run_address>0x6e38</run_address>
         <size>0xf8</size>
         <input_file_ref idref="fl-11"/>
      </object_component>
      <object_component id="oc-48a">
         <name>.debug_info</name>
         <load_address>0x6f30</load_address>
         <run_address>0x6f30</run_address>
         <size>0xed</size>
         <input_file_ref idref="fl-11"/>
      </object_component>
      <object_component id="oc-4be">
         <name>.debug_info</name>
         <load_address>0x701d</load_address>
         <run_address>0x701d</run_address>
         <size>0xdf</size>
         <input_file_ref idref="fl-11"/>
      </object_component>
      <object_component id="oc-48d">
         <name>.debug_info</name>
         <load_address>0x70fc</load_address>
         <run_address>0x70fc</run_address>
         <size>0xeb</size>
         <input_file_ref idref="fl-11"/>
      </object_component>
      <object_component id="oc-4d7">
         <name>.debug_info</name>
         <load_address>0x71e7</load_address>
         <run_address>0x71e7</run_address>
         <size>0xe5</size>
         <input_file_ref idref="fl-11"/>
      </object_component>
      <object_component id="oc-4c3">
         <name>.debug_info</name>
         <load_address>0x72cc</load_address>
         <run_address>0x72cc</run_address>
         <size>0x1c7</size>
         <input_file_ref idref="fl-11"/>
      </object_component>
      <object_component id="oc-4b9">
         <name>.debug_info</name>
         <load_address>0x7493</load_address>
         <run_address>0x7493</run_address>
         <size>0x215</size>
         <input_file_ref idref="fl-11"/>
      </object_component>
      <object_component id="oc-473">
         <name>.debug_info</name>
         <load_address>0x76a8</load_address>
         <run_address>0x76a8</run_address>
         <size>0x15e</size>
         <input_file_ref idref="fl-11"/>
      </object_component>
      <object_component id="oc-3a4">
         <name>.debug_info</name>
         <load_address>0x7806</load_address>
         <run_address>0x7806</run_address>
         <size>0x2db</size>
         <input_file_ref idref="fl-11"/>
      </object_component>
      <object_component id="oc-3b6">
         <name>.debug_info</name>
         <load_address>0x7ae1</load_address>
         <run_address>0x7ae1</run_address>
         <size>0x37b</size>
         <input_file_ref idref="fl-11"/>
      </object_component>
      <object_component id="oc-3b0">
         <name>.debug_info</name>
         <load_address>0x7e5c</load_address>
         <run_address>0x7e5c</run_address>
         <size>0x148</size>
         <input_file_ref idref="fl-11"/>
      </object_component>
      <object_component id="oc-3aa">
         <name>.debug_info</name>
         <load_address>0x7fa4</load_address>
         <run_address>0x7fa4</run_address>
         <size>0x170</size>
         <input_file_ref idref="fl-11"/>
      </object_component>
      <object_component id="oc-3bd">
         <name>.debug_info</name>
         <load_address>0x8114</load_address>
         <run_address>0x8114</run_address>
         <size>0x26d</size>
         <input_file_ref idref="fl-11"/>
      </object_component>
      <object_component id="oc-3c9">
         <name>.debug_info</name>
         <load_address>0x8381</load_address>
         <run_address>0x8381</run_address>
         <size>0x338</size>
         <input_file_ref idref="fl-11"/>
      </object_component>
      <object_component id="oc-3cf">
         <name>.debug_info</name>
         <load_address>0x86b9</load_address>
         <run_address>0x86b9</run_address>
         <size>0x22f</size>
         <input_file_ref idref="fl-11"/>
      </object_component>
      <object_component id="oc-3d5">
         <name>.debug_info</name>
         <load_address>0x88e8</load_address>
         <run_address>0x88e8</run_address>
         <size>0x29c</size>
         <input_file_ref idref="fl-11"/>
      </object_component>
      <object_component id="oc-3c3">
         <name>.debug_info</name>
         <load_address>0x8b84</load_address>
         <run_address>0x8b84</run_address>
         <size>0x27b</size>
         <input_file_ref idref="fl-11"/>
      </object_component>
      <object_component id="oc-4a6">
         <name>.debug_info</name>
         <load_address>0x8dff</load_address>
         <run_address>0x8dff</run_address>
         <size>0x29e</size>
         <input_file_ref idref="fl-11"/>
      </object_component>
      <object_component id="oc-4b2">
         <name>.debug_info</name>
         <load_address>0x909d</load_address>
         <run_address>0x909d</run_address>
         <size>0x1a1</size>
         <input_file_ref idref="fl-11"/>
      </object_component>
      <object_component id="oc-223">
         <name>.debug_info</name>
         <load_address>0x923e</load_address>
         <run_address>0x923e</run_address>
         <size>0x2a9</size>
         <input_file_ref idref="fl-11"/>
      </object_component>
      <object_component id="oc-134">
         <name>.debug_info</name>
         <load_address>0x94e7</load_address>
         <run_address>0x94e7</run_address>
         <size>0x100</size>
         <input_file_ref idref="fl-11"/>
      </object_component>
      <object_component id="oc-219">
         <name>.debug_info</name>
         <load_address>0x95e7</load_address>
         <run_address>0x95e7</run_address>
         <size>0x183</size>
         <input_file_ref idref="fl-11"/>
      </object_component>
      <object_component id="oc-13e">
         <name>.debug_info</name>
         <load_address>0x976a</load_address>
         <run_address>0x976a</run_address>
         <size>0x137</size>
         <input_file_ref idref="fl-11"/>
      </object_component>
      <object_component id="oc-549">
         <name>.debug_info</name>
         <load_address>0x98a1</load_address>
         <run_address>0x98a1</run_address>
         <size>0x8ef</size>
         <input_file_ref idref="fl-12"/>
      </object_component>
      <object_component id="oc-546">
         <name>.debug_info</name>
         <load_address>0xa190</load_address>
         <run_address>0xa190</run_address>
         <size>0xdc</size>
         <input_file_ref idref="fl-12"/>
      </object_component>
      <object_component id="oc-541">
         <name>.debug_info</name>
         <load_address>0xa26c</load_address>
         <run_address>0xa26c</run_address>
         <size>0x15b</size>
         <input_file_ref idref="fl-12"/>
      </object_component>
      <object_component id="oc-494">
         <name>.debug_info</name>
         <load_address>0xa3c7</load_address>
         <run_address>0xa3c7</run_address>
         <size>0x253</size>
         <input_file_ref idref="fl-12"/>
      </object_component>
      <object_component id="oc-46e">
         <name>.debug_info</name>
         <load_address>0xa61a</load_address>
         <run_address>0xa61a</run_address>
         <size>0x21b</size>
         <input_file_ref idref="fl-12"/>
      </object_component>
      <object_component id="oc-588">
         <name>.debug_info</name>
         <load_address>0xa835</load_address>
         <run_address>0xa835</run_address>
         <size>0x3d</size>
         <input_file_ref idref="fl-12"/>
      </object_component>
      <object_component id="oc-58f">
         <name>.debug_info</name>
         <load_address>0xa872</load_address>
         <run_address>0xa872</run_address>
         <size>0x1e8</size>
         <input_file_ref idref="fl-13"/>
      </object_component>
      <object_component id="oc-550">
         <name>.debug_info</name>
         <load_address>0xaa5a</load_address>
         <run_address>0xaa5a</run_address>
         <size>0x172</size>
         <input_file_ref idref="fl-13"/>
      </object_component>
      <object_component id="oc-55e">
         <name>.debug_info</name>
         <load_address>0xabcc</load_address>
         <run_address>0xabcc</run_address>
         <size>0x16c</size>
         <input_file_ref idref="fl-13"/>
      </object_component>
      <object_component id="oc-3ea">
         <name>.debug_info</name>
         <load_address>0xad38</load_address>
         <run_address>0xad38</run_address>
         <size>0x459</size>
         <input_file_ref idref="fl-16"/>
      </object_component>
      <object_component id="oc-3e7">
         <name>.debug_info</name>
         <load_address>0xb191</load_address>
         <run_address>0xb191</run_address>
         <size>0x17f</size>
         <input_file_ref idref="fl-16"/>
      </object_component>
      <object_component id="oc-4db">
         <name>.debug_info</name>
         <load_address>0xb310</load_address>
         <run_address>0xb310</run_address>
         <size>0x12c</size>
         <input_file_ref idref="fl-16"/>
      </object_component>
      <object_component id="oc-40a">
         <name>.debug_info</name>
         <load_address>0xb43c</load_address>
         <run_address>0xb43c</run_address>
         <size>0x15d</size>
         <input_file_ref idref="fl-16"/>
      </object_component>
      <object_component id="oc-31f">
         <name>.debug_info</name>
         <load_address>0xb599</load_address>
         <run_address>0xb599</run_address>
         <size>0x2c5</size>
         <input_file_ref idref="fl-16"/>
      </object_component>
      <object_component id="oc-325">
         <name>.debug_info</name>
         <load_address>0xb85e</load_address>
         <run_address>0xb85e</run_address>
         <size>0x17d</size>
         <input_file_ref idref="fl-16"/>
      </object_component>
      <object_component id="oc-3e1">
         <name>.debug_info</name>
         <load_address>0xb9db</load_address>
         <run_address>0xb9db</run_address>
         <size>0x183</size>
         <input_file_ref idref="fl-16"/>
      </object_component>
      <object_component id="oc-319">
         <name>.debug_info</name>
         <load_address>0xbb5e</load_address>
         <run_address>0xbb5e</run_address>
         <size>0x237</size>
         <input_file_ref idref="fl-16"/>
      </object_component>
      <object_component id="oc-4e2">
         <name>.debug_info</name>
         <load_address>0xbd95</load_address>
         <run_address>0xbd95</run_address>
         <size>0x76</size>
         <input_file_ref idref="fl-16"/>
      </object_component>
[...]
         <object_component_ref idref="oc-26a"/>
      </symbol>
      <symbol id="sm-d5">
         <name>PWM_count</name>
         <value>0x2000e826</value>
         <object_component_ref idref="oc-27e"/>
      </symbol>
      <symbol id="sm-128">
         <name>PWM_Params_init</name>
         <value>0x2000e415</value>
         <object_component_ref idref="oc-1c3"/>
      </symbol>
      <symbol id="sm-129">
         <name>PWM_setDuty</name>
         <value>0x2000e52d</value>
         <object_component_ref idref="oc-1d5"/>
      </symbol>
      <symbol id="sm-12a">
         <name>PWM_start</name>
         <value>0x2000e537</value>
         <object_component_ref idref="oc-1cf"/>
      </symbol>
      <symbol id="sm-12b">
         <name>PWM_open</name>
         <value>0x2000de55</value>
         <object_component_ref idref="oc-1c9"/>
      </symbol>
      <symbol id="sm-12c">
         <name>PWM_defaultParams</name>
         <value>0x2000e7ac</value>
         <object_component_ref idref="oc-285"/>
      </symbol>
      <symbol id="sm-12d">
         <name>PWM_init</name>
         <value>0x2000dd45</value>
         <object_component_ref idref="oc-1bd"/>
      </symbol>
      <symbol id="sm-28d">
         <name>PowerCC32XX_contextSave</name>
         <value>0x2000eaa8</value>
      </symbol>
      <symbol id="sm-28e">
         <name>PowerCC32XX_configureWakeup</name>
         <value>0x2000ce79</value>
         <object_component_ref idref="oc-261"/>
      </symbol>
      <symbol id="sm-28f">
         <name>Power_registerNotify</name>
         <value>0x2000e22d</value>
         <object_component_ref idref="oc-49e"/>
      </symbol>
      <symbol id="sm-290">
         <name>PowerCC32XX_restoreParkedPin</name>
         <value>0x2000e1d5</value>
         <object_component_ref idref="oc-520"/>
      </symbol>
      <symbol id="sm-291">
         <name>Power_releaseDependency</name>
         <value>0x2000d889</value>
         <object_component_ref idref="oc-477"/>
      </symbol>
      <symbol id="sm-292">
         <name>Power_unregisterNotify</name>
         <value>0x2000e2e9</value>
         <object_component_ref idref="oc-47d"/>
      </symbol>
      <symbol id="sm-293">
         <name>Power_sleep</name>
         <value>0x2000c891</value>
         <object_component_ref idref="oc-381"/>
      </symbol>
      <symbol id="sm-294">
         <name>Power_releaseConstraint</name>
         <value>0x2000dc75</value>
         <object_component_ref idref="oc-4d0"/>
      </symbol>
      <symbol id="sm-295">
         <name>Power_idleFunc</name>
         <value>0x2000e391</value>
         <object_component_ref idref="oc-56c"/>
      </symbol>
      <symbol id="sm-296">
         <name>Power_getConstraintMask</name>
         <value>0x2000e50d</value>
         <object_component_ref idref="oc-35e"/>
      </symbol>
      <symbol id="sm-297">
         <name>Power_init</name>
         <value>0x2000d459</value>
         <object_component_ref idref="oc-1af"/>
      </symbol>
      <symbol id="sm-298">
         <name>PowerCC32XX_setParkState</name>
         <value>0x2000d6b1</value>
         <object_component_ref idref="oc-4aa"/>
      </symbol>
      <symbol id="sm-299">
         <name>Power_getDependencyCount</name>
         <value>0x2000e429</value>
         <object_component_ref idref="oc-519"/>
      </symbol>
      <symbol id="sm-29a">
         <name>Power_enablePolicy</name>
         <value>0x2000e4c1</value>
         <object_component_ref idref="oc-3f7"/>
      </symbol>
      <symbol id="sm-29b">
         <name>Power_setConstraint</name>
         <value>0x2000df11</value>
         <object_component_ref idref="oc-4c9"/>
      </symbol>
      <symbol id="sm-29c">
         <name>PowerCC32XX_parkPin</name>
         <value>0x2000da25</value>
         <object_component_ref idref="oc-503"/>
      </symbol>
      <symbol id="sm-29d">
         <name>PowerCC32XX_module</name>
         <value>0x2000e828</value>
         <object_component_ref idref="oc-267"/>
      </symbol>
      <symbol id="sm-29e">
         <name>Power_getTransitionLatency</name>
         <value>0x2000e379</value>
         <object_component_ref idref="oc-36a"/>
      </symbol>
      <symbol id="sm-29f">
         <name>Power_setDependency</name>
         <value>0x2000d561</value>
         <object_component_ref idref="oc-498"/>
      </symbol>
      <symbol id="sm-2b0">
         <name>PowerCC32XX_enterLPDS</name>
         <value>0x2000dd89</value>
         <object_component_ref idref="oc-43b"/>
      </symbol>
      <symbol id="sm-2b1">
         <name>PowerCC32XX_resumeLPDS</name>
         <value>0x2000d8e1</value>
         <object_component_ref idref="oc-50c"/>
      </symbol>
      <symbol id="sm-3b2">
         <name>PWMTimerCC32XX_fxnTable</name>
         <value>0x2000e750</value>
         <object_component_ref idref="oc-2fd"/>
      </symbol>
      <symbol id="sm-3b3">
         <name>PWMTimerCC32XX_setPeriod</name>
         <value>0x2000d101</value>
         <object_component_ref idref="oc-3c0"/>
      </symbol>
      <symbol id="sm-3b4">
         <name>PWMTimerCC32XX_setDutyAndPeriod</name>
         <value>0x2000c751</value>
         <object_component_ref idref="oc-3c6"/>
      </symbol>
      <symbol id="sm-3b5">
         <name>PWMTimerCC32XX_stop</name>
         <value>0x2000cb95</value>
         <object_component_ref idref="oc-3d2"/>
      </symbol>
      <symbol id="sm-3b6">
         <name>PWMTimerCC32XX_start</name>
         <value>0x2000d5e1</value>
         <object_component_ref idref="oc-3cc"/>
      </symbol>
      <symbol id="sm-3b7">
         <name>PWMTimerCC32XX_close</name>
         <value>0x2000d349</value>
         <object_component_ref idref="oc-3a2"/>
      </symbol>
      <symbol id="sm-3b8">
         <name>PWMTimerCC32XX_setDuty</name>
         <value>0x2000cd19</value>
         <object_component_ref idref="oc-3ba"/>
      </symbol>
      <symbol id="sm-3b9">
         <name>PWMTimerCC32XX_init</name>
         <value>0x2000d933</value>
         <object_component_ref idref="oc-3ae"/>
      </symbol>
      <symbol id="sm-3ba">
         <name>PWMTimerCC32XX_control</name>
         <value>0x2000e541</value>
         <object_component_ref idref="oc-3a8"/>
      </symbol>
      <symbol id="sm-3bb">
         <name>PWMTimerCC32XX_open</name>
         <value>0x2000c9c9</value>
         <object_component_ref idref="oc-3b4"/>
      </symbol>
      <symbol id="sm-3f1">
         <name>TimerCC32XX_freeTimerResource</name>
         <value>0x2000e13d</value>
         <object_component_ref idref="oc-46b"/>
      </symbol>
      <symbol id="sm-3f2">
         <name>TimerCC32XX_allocateTimerResource</name>
         <value>0x2000d9d5</value>
         <object_component_ref idref="oc-492"/>
      </symbol>
      <symbol id="sm-40a">
         <name>List_remove</name>
         <value>0x2000e27b</value>
         <object_component_ref idref="oc-54c"/>
      </symbol>
      <symbol id="sm-40b">
         <name>List_put</name>
         <value>0x2000e255</value>
         <object_component_ref idref="oc-55a"/>
      </symbol>
      <symbol id="sm-46a">
         <name>SemaphoreP_defaultParams</name>
         <value>0x2000ea8c</value>
         <object_component_ref idref="oc-4da"/>
      </symbol>
      <symbol id="sm-46b">
         <name>SemaphoreP_construct</name>
         <value>0x2000d985</value>
         <object_component_ref idref="oc-318"/>
      </symbol>
      <symbol id="sm-46c">
         <name>SemaphoreP_destruct</name>
         <value>0x2000e50b</value>
         <object_component_ref idref="oc-324"/>
      </symbol>
      <symbol id="sm-46d">
         <name>SemaphoreP_pend</name>
         <value>0x2000cfc5</value>
         <object_component_ref idref="oc-31e"/>
      </symbol>
      <symbol id="sm-46e">
         <name>SemaphoreP_Params_init</name>
         <value>0x2000e4d1</value>
         <object_component_ref idref="oc-3e0"/>
      </symbol>
      <symbol id="sm-46f">
         <name>clkFxn</name>
         <value>0x2000e55b</value>
         <object_component_ref idref="oc-409"/>
      </symbol>
      <symbol id="sm-54f">
         <name>ClockP_ctrl</name>
         <value>0x2000ec20</value>
      </symbol>
      <symbol id="sm-550">
         <name>ClockP_doTick</name>
         <value>0x2000d935</value>
         <object_component_ref idref="oc-79"/>
      </symbol>
      <symbol id="sm-551">
         <name>ClockP_startup</name>
         <value>0x2000e0d5</value>
         <object_component_ref idref="oc-28c"/>
      </symbol>
      <symbol id="sm-552">
         <name>ClockP_stop</name>
         <value>0x2000dcbd</value>
         <object_component_ref idref="oc-4e8"/>
      </symbol>
      <symbol id="sm-553">
         <name>ClockP_getTicksUntilInterrupt</name>
         <value>0x2000e0a1</value>
         <object_component_ref idref="oc-364"/>
      </symbol>
      <symbol id="sm-554">
         <name>ClockP_setTicks</name>
         <value>0x2000e4a1</value>
         <object_component_ref idref="oc-387"/>
      </symbol>
      <symbol id="sm-555">
         <name>ClockP_tickPeriod</name>
         <value>0x2000ea9c</value>
         <object_component_ref idref="oc-29e"/>
      </symbol>
      <symbol id="sm-556">
         <name>ClockP_usleep</name>
         <value>0x2000db55</value>
         <object_component_ref idref="oc-1db"/>
      </symbol>
      <symbol id="sm-557">
         <name>ClockP_getSystemTicks</name>
         <value>0x2000e491</value>
         <object_component_ref idref="oc-370"/>
      </symbol>
      <symbol id="sm-558">
         <name>ClockP_destruct</name>
         <value>0x2000ded5</value>
         <object_component_ref idref="oc-403"/>
      </symbol>
      <symbol id="sm-559">
         <name>ClockP_start</name>
         <value>0x2000e1a5</value>
         <object_component_ref idref="oc-3f1"/>
      </symbol>
      <symbol id="sm-55a">
         <name>ClockP_sysTickHandler</name>
         <value>0x2000d935</value>
         <object_component_ref idref="oc-79"/>
      </symbol>
      <symbol id="sm-55b">
         <name>ClockP_isActive</name>
         <value>0x2000e519</value>
         <object_component_ref idref="oc-3fd"/>
      </symbol>
      <symbol id="sm-55c">
         <name>ClockP_getCpuFreq</name>
         <value>0x2000e481</value>
         <object_component_ref idref="oc-352"/>
      </symbol>
      <symbol id="sm-55d">
         <name>ClockP_add</name>
         <value>0x2000e471</value>
         <object_component_ref idref="oc-3eb"/>
      </symbol>
      <symbol id="sm-58f">
         <name>HwiP_swiPIntNum</name>
         <value>0x2000ea98</value>
         <object_component_ref idref="oc-466"/>
      </symbol>
      <symbol id="sm-590">
         <name>HwiP_disable</name>
         <value>0x2000e4e1</value>
         <object_component_ref idref="oc-26f"/>
      </symbol>
      <symbol id="sm-591">
         <name>HwiP_key</name>
         <value>0x2000ea94</value>
         <object_component_ref idref="oc-466"/>
      </symbol>
      <symbol id="sm-592">
         <name>HwiP_post</name>
         <value>0x2000e54d</value>
         <object_component_ref idref="oc-460"/>
      </symbol>
      <symbol id="sm-593">
         <name>HwiP_enable</name>
         <value>0x2000e4ef</value>
         <object_component_ref idref="oc-158"/>
      </symbol>
      <symbol id="sm-594">
         <name>HwiP_restore</name>
         <value>0x2000e4b1</value>
         <object_component_ref idref="oc-275"/>
      </symbol>
      <symbol id="sm-5c4">
         <name>PowerCC32XX_initPolicy</name>
         <value>0x2000e377</value>
         <object_component_ref idref="oc-2e5"/>
      </symbol>
      <symbol id="sm-5c5">
         <name>PowerCC32XX_sleepPolicy</name>
         <value>0x2000c46d</value>
         <object_component_ref idref="oc-2eb"/>
      </symbol>
      <symbol id="sm-61a">
         <name>resetISR</name>
         <value>0x2000e35d</value>
         <object_component_ref idref="oc-21"/>
      </symbol>
      <symbol id="sm-61b">
         <name>resetVectorAddr</name>
         <value>0x2000e370</value>
         <object_component_ref idref="oc-21"/>
      </symbol>
      <symbol id="sm-61c">
         <name>initVectors</name>
         <value>0x2000e031</value>
         <object_component_ref idref="oc-59"/>
      </symbol>
      <symbol id="sm-61d">
         <name>resetVectors</name>
         <value>0x20004000</value>
         <object_component_ref idref="oc-27"/>
      </symbol>
      <symbol id="sm-64d">
         <name>SwiP_disable</name>
         <value>0x2000e325</value>
         <object_component_ref idref="oc-358"/>
      </symbol>
      <symbol id="sm-64e">
         <name>SwiP_restore</name>
         <value>0x2000ddcd</value>
         <object_component_ref idref="oc-38d"/>
      </symbol>
      <symbol id="sm-659">
         <name>CPUcpsid</name>
         <value>0x2000e3ed</value>
         <object_component_ref idref="oc-a3"/>
      </symbol>
      <symbol id="sm-69e">
         <name>IntVTableBaseSet</name>
         <value>0x2000e401</value>
         <object_component_ref idref="oc-af"/>
      </symbol>
      <symbol id="sm-69f">
         <name>IntEnable</name>
         <value>0x2000cdd1</value>
         <object_component_ref idref="oc-b5"/>
      </symbol>
      <symbol id="sm-6a0">
         <name>IntMasterDisable</name>
         <value>0x2000e523</value>
         <object_component_ref idref="oc-53"/>
      </symbol>
      <symbol id="sm-6a1">
         <name>IntPendSet</name>
         <value>0x2000d2c1</value>
         <object_component_ref idref="oc-52f"/>
      </symbol>
      <symbol id="sm-6db">
         <name>PinModeGet</name>
         <value>0x2000e109</value>
         <object_component_ref idref="oc-254"/>
      </symbol>
      <symbol id="sm-6dc">
         <name>PinConfigSet</name>
         <value>0x2000d3d1</value>
         <object_component_ref idref="oc-575"/>
      </symbol>
      <symbol id="sm-6dd">
         <name>PinModeSet</name>
         <value>0x2000de95</value>
         <object_component_ref idref="oc-25a"/>
      </symbol>
      <symbol id="sm-6de">
         <name>PinToPadGet</name>
         <value>0x2000e309</value>
         <object_component_ref idref="oc-483"/>
      </symbol>
      <symbol id="sm-7a7">
         <name>PRCMLPDSRestoreInfoSet</name>
         <value>0x2000dd01</value>
         <object_component_ref idref="oc-511"/>
      </symbol>
      <symbol id="sm-7a8">
         <name>PRCMPeripheralReset</name>
         <value>0x2000d831</value>
         <object_component_ref idref="oc-248"/>
      </symbol>
      <symbol id="sm-7a9">
         <name>PRCMLPDSEnter</name>
         <value>0x2000dbe5</value>
         <object_component_ref idref="oc-452"/>
      </symbol>
      <symbol id="sm-7aa">
         <name>PRCMPeripheralClkEnable</name>
         <value>0x2000dc2d</value>
         <object_component_ref idref="oc-242"/>
      </symbol>
      <symbol id="sm-7ab">
         <name>PRCMLPDSEnterKeepDebugIf</name>
         <value>0x2000dfc1</value>
         <object_component_ref idref="oc-458"/>
      </symbol>
      <symbol id="sm-7ac">
         <name>PRCMCC3200MCUInit</name>
         <value>0x2000c041</value>
         <object_component_ref idref="oc-1a9"/>
      </symbol>
      <symbol id="sm-7ad">
         <name>PRCMHIBRegWrite</name>
         <value>0x2000e3d7</value>
         <object_component_ref idref="oc-236"/>
      </symbol>
      <symbol id="sm-7ae">
         <name>PRCMSysResetCauseGet</name>
         <value>0x2000d715</value>
         <object_component_ref idref="oc-22f"/>
      </symbol>
      <symbol id="sm-7af">
         <name>PRCMPeripheralClkDisable</name>
         <value>0x2000e205</value>
         <object_component_ref idref="oc-24e"/>
      </symbol>
      <symbol id="sm-7b0">
         <name>PRCMHIBRegRead</name>
         <value>0x2000e3c1</value>
         <object_component_ref idref="oc-23c"/>
      </symbol>
      <symbol id="sm-7b5">
         <name>UtilsDelay</name>
         <value>0x2000e547</value>
         <object_component_ref idref="oc-235"/>
      </symbol>
      <symbol id="sm-7c5">
         <name>FlashDisable</name>
         <value>0x2000db9d</value>
         <object_component_ref idref="oc-527"/>
      </symbol>
      <symbol id="sm-7ce">
         <name>__aeabi_lmul</name>
         <value>0x2000e3a9</value>
         <object_component_ref idref="oc-312"/>
      </symbol>
      <symbol id="sm-7e9">
         <name>memcpy</name>
         <value>0x2000d065</value>
         <object_component_ref idref="oc-3b"/>
      </symbol>
      <symbol id="sm-7ea">
         <name>__aeabi_memcpy</name>
         <value>0x2000d065</value>
         <object_component_ref idref="oc-3b"/>
      </symbol>
      <symbol id="sm-7eb">
         <name>__aeabi_memcpy8</name>
         <value>0x2000d065</value>
         <object_component_ref idref="oc-3b"/>
      </symbol>
      <symbol id="sm-7ec">
         <name>__aeabi_memcpy4</name>
         <value>0x2000d065</value>
         <object_component_ref idref="oc-3b"/>
      </symbol>
      <symbol id="sm-7f9">
         <name>__aeabi_uldivmod</name>
         <value>0x2000d199</value>
         <object_component_ref idref="oc-37c"/>
      </symbol>
      <symbol id="sm-80d">
         <name>__TI_zero_init_nomemset</name>
         <value>0x2000e341</value>
         <object_component_ref idref="oc-47"/>
      </symbol>
      <symbol id="sm-824">
         <name>__TI_decompress_none</name>
         <value>0x2000e4fd</value>
         <object_component_ref idref="oc-1a"/>
      </symbol>
      <symbol id="sm-847">
         <name>__TI_decompress_lzss</name>
         <value>0x2000d649</value>
         <object_component_ref idref="oc-14"/>
      </symbol>
      <symbol id="sm-85c">
         <name>_sys_memory</name>
         <value>0x20004040</value>
         <object_component_ref idref="oc-2a"/>
      </symbol>
      <symbol id="sm-86e">
         <name>__stack</name>
         <value>0x20003000</value>
         <object_component_ref idref="oc-2d"/>
      </symbol>
      <symbol id="sm-86f">
         <name>_c_int00_noargs</name>
         <value>0x2000e2a1</value>
         <object_component_ref idref="oc-c5"/>
      </symbol>
      <symbol id="sm-879">
         <name>__aeabi_idiv0</name>
         <value>0x2000e563</value>
         <object_component_ref idref="oc-423"/>
      </symbol>
      <symbol id="sm-87a">
         <name>__aeabi_ldiv0</name>
         <value>0x2000e563</value>
         <object_component_ref idref="oc-423"/>
      </symbol>
      <symbol id="sm-8a3">
         <name>__TI_auto_init_nobinit_nopinit</name>
         <value>0x2000de11</value>
         <object_component_ref idref="oc-171"/>
      </symbol>
      <symbol id="sm-8ad">
         <name>_system_pre_init</name>
         <value>0x2000e551</value>
         <object_component_ref idref="oc-114"/>
      </symbol>
      <symbol id="sm-8b9">
         <name>C$$EXIT</name>
         <value>0x2000e555</value>
         <object_component_ref idref="oc-165"/>
      </symbol>
      <symbol id="sm-8ba">
         <name>abort</name>
         <value>0x2000e555</value>
         <object_component_ref idref="oc-165"/>
      </symbol>
      <symbol id="sm-8bd">
         <name>__TI_static_base__</name>
         <value>0x2000ec48</value>
      </symbol>
      <symbol id="sm-8c0">
         <name>ITM_flush</name>
         <value>0x0</value>
      </symbol>
      <symbol id="sm-8c1">
         <name>ITM_restore</name>
         <value>0x0</value>
      </symbol>
      <symbol id="sm-8c2">
         <name>__mpu_init</name>
         <value>0x0</value>
      </symbol>
      <symbol id="sm-8c3">
         <name>_system_post_cinit</name>
         <value>0x0</value>
      </symbol>
      <symbol id="sm-8c4">
         <name>usleep</name>
         <value>0x2000db55</value>
      </symbol>
      <symbol id="sm-8c5">
         <name>NoRTOS_start</name>
         <value>0x2000e4ef</value>
      </symbol>
   </symbol_table>
   <title>Link successful</title>
</link_info>
