******************************************************************************
                  TI ARM Linker PC v20.2.7                     
******************************************************************************
>> Linked Thu Nov  9 12:19:24 2023

OUTPUT FILE NAME:   <uartecho_CC3220S_LAUNCHXL_nortos_ccs.out>
ENTRY POINT SYMBOL: "resetISR"  address: 2000f321


MEMORY CONFIGURATION

         name            origin    length      used     unused   attr    fill
----------------------  --------  ---------  --------  --------  ----  --------
  SRAM2                 20000000   00004000  0000130c  00002cf4  RW X
  SRAM                  20004000   0003c000  0000c25e  0002fda2  RW X
  LOG_DATA              90000000   00040000  00000000  00040000  R   


SEGMENT ALLOCATION MAP

run origin  load origin   length   init length attrs members
----------  ----------- ---------- ----------- ----- -------
20003000    20003000    00001000   00000000    rw-
  20003000    20003000    00001000   00000000    rw- .stack
20004000    20004000    00000040   00000040    r--
  20004000    20004000    00000040   00000040    r-- .resetVecs
20004040    20004040    00008000   00000000    rw-
  20004040    20004040    00008000   00000000    rw- .sysmem
2000c040    2000c040    000035e4   000035e4    r-x
  2000c040    2000c040    000035e4   000035e4    r-x .text
2000f624    2000f624    000005ac   00000000    rw-
  2000f624    2000f624    000005ac   00000000    rw- .data
2000fbd0    2000fbd0    0000037a   0000037a    r--
  2000fbd0    2000fbd0    0000037a   0000037a    r-- .const
2000ff50    2000ff50    0000022c   00000000    rw-
  2000ff50    2000ff50    0000022c   00000000    rw- .bss
20010180    20010180    000000e8   000000e8    r--
  20010180    20010180    000000e8   000000e8    r-- .cinit


SECTION ALLOCATION MAP

 output                                  attributes/
section   page    origin      length       input sections
--------  ----  ----------  ----------   ----------------
.text      0    2000c040    000035e4     
                  2000c040    0000042c     driverlib.a : prcm.obj (.text:PRCMCC3200MCUInit)
                  2000c46c    00000288     drivers_cc32xx.a : UARTCC32XX.oem4 (.text:UARTCC32XX_open)
                  2000c6f4    000001e4                      : GPIOCC32XX.oem4 (.text:GPIO_setConfig)
                  2000c8d8    0000019c     nortos_cc32xx.a : PowerCC32XX_nortos.oem4 (.text:PowerCC32XX_sleepPolicy)
                  2000ca74    00000148     uartecho.obj (.text:mainThread)
                  2000cbbc    00000148     drivers_cc32xx.a : PowerCC32XX.oem4 (.text:parkPins)
                  2000cd04    00000138                      : PowerCC32XX.oem4 (.text:Power_sleep)
                  2000ce3c    00000120                      : UARTCC32XX.oem4 (.text:UARTCC32XX_close)
                  2000cf5c    00000100     rtsv7M4_T_le_eabi.lib : memory.c.obj (.text:aligned_alloc)
                  2000d05c    000000f2     drivers_cc32xx.a : UARTCC32XX.oem4 (.text:UARTCC32XX_control)
                  2000d14e    00000002     ti_drivers_config.obj (.text:Board_initHook)
                  2000d150    000000e4     rtsv7M4_T_le_eabi.lib : memory.c.obj (.text:free)
                  2000d234    000000ca     drivers_cc32xx.a : UARTCC32XX.oem4 (.text:UARTCC32XX_write)
                  2000d2fe    00000002     nortos_cc32xx.a : PowerCC32XX_nortos.oem4 (.text:PowerCC32XX_initPolicy)
                  2000d300    000000c4     drivers_cc32xx.a : GPIOCC32XX.oem4 (.text:GPIO_init)
                  2000d3c4    000000c0                      : PowerCC32XX.oem4 (.text:restoreParkedPins)
                  2000d484    000000ba                      : UARTCC32XX.oem4 (.text:UARTCC32XX_readPolling)
                  2000d53e    00000002                      : UARTCC32XX.oem4 (.text:UARTCC32XX_init)
                  2000d540    000000b8                      : UARTCC32XX.oem4 (.text:initHw)
                  2000d5f8    000000b6                      : UARTCC32XX.oem4 (.text:readTaskCallback)
                  2000d6ae    000000b0                      : UARTCC32XX.oem4 (.text:readTaskBlocking)
                  2000d75e    000000ae                      : UARTCC32XX.oem4 (.text:readIsrTextBlocking)
                  2000d80c    000000a8     driverlib.a : interrupt.obj (.text:IntEnable)
                  2000d8b4    000000a8     drivers_cc32xx.a : PowerCC32XX.oem4 (.text:PowerCC32XX_configureWakeup)
                  2000d95c    000000a2                      : UARTCC32XX.oem4 (.text:readIsrTextCallback)
                  2000d9fe    000000a2                      : UARTCC32XX.oem4 (.text:writeData)
                  2000daa0    000000a0     nortos_cc32xx.a : SemaphoreP_nortos.oem4 (.text:SemaphoreP_pend)
                  2000db40    0000009c     rtsv7M4_T_le_eabi.lib : memcpy_t2.asm.obj (.text)
                  2000dbdc    00000098     drivers_cc32xx.a : GPIOCC32XX.oem4 (.text:powerNotifyFxn)
                  2000dc74    00000096     rtsv7M4_T_le_eabi.lib : ull_div_t2.asm.obj (.text)
                  2000dd0a    00000002                           : _lock.c.obj (.text:_nop)
                  2000dd0c    00000090     drivers_cc32xx.a : PowerCC32XX.oem4 (.text:restoreNVICRegs)
                  2000dd9c    0000008c     nortos_cc32xx.a : HwiPCC32XX_nortos.oem4 (.text:HwiP_construct)
                  2000de28    00000088     driverlib.a : interrupt.obj (.text:IntPendSet)
                  2000deb0    00000088                 : pin.obj (.text:PinConfigSet)
                  2000df38    00000084     drivers_cc32xx.a : PowerCC32XX.oem4 (.text:Power_init)
                  2000dfbc    00000084                      : PowerCC32XX.oem4 (.text:saveNVICRegs)
                  2000e040    00000080                      : PowerCC32XX.oem4 (.text:Power_setDependency)
                  2000e0c0    0000007c                      : UARTCC32XX.oem4 (.text:readIsrBinaryBlocking)
                  2000e13c    00000078                      : GPIOCC32XX.oem4 (.text:GPIO_hwiIntFxn)
                  2000e1b4    00000078                      : UARTCC32XX.oem4 (.text:readIsrBinaryCallback)
                  2000e22c    00000074                      : UARTCC32XX.oem4 (.text:UARTCC32XX_hwiIntFxn)
                  2000e2a0    00000070     rtsv7M4_T_le_eabi.lib : memory.c.obj (.text:split)
                  2000e310    00000068                           : copy_decompress_lzss.c.obj (.text:decompress:lzss:__TI_decompress_lzss)
                  2000e378    00000066     drivers_cc32xx.a : UARTCC32XX.oem4 (.text:UARTCC32XX_writeCancel)
                  2000e3de    00000002     nortos_cc32xx.a : startup_cc32xx_ccs.oem4 (.text:busFaultHandler)
                  2000e3e0    00000064     drivers_cc32xx.a : PowerCC32XX.oem4 (.text:PowerCC32XX_setParkState)
                  2000e444    00000062                      : UARTCC32XX.oem4 (.text:UARTCC32XX_writePolling)
                  2000e4a6    00000002     nortos_cc32xx.a : SemaphoreP_nortos.oem4 (.text:clkFxn)
                  2000e4a8    00000060     driverlib.a : prcm.obj (.text:PRCMSysResetCauseGet)
                  2000e508    0000005c     drivers_cc32xx.a : GPIOCC32XX.oem4 (.text:GPIO_setCallback)
                  2000e564    0000005c     nortos_cc32xx.a : ClockPSysTick_nortos.oem4 (.text:sysTickInit)
                  2000e5c0    00000058     drivers_cc32xx.a : GPIOCC32XX.oem4 (.text:GPIO_write)
                  2000e618    00000058     driverlib.a : prcm.obj (.text:PRCMPeripheralReset)
                  2000e670    00000058     drivers_cc32xx.a : PowerCC32XX.oem4 (.text:Power_releaseDependency)
                  2000e6c8    00000054                      : UARTCC32XX.oem4 (.text:ringBufGet)
                  2000e71c    00000052                      : PowerCC32XX_asm.oem4 (.text:PowerCC32XX_resumeLPDS)
                  2000e76e    00000002     nortos_cc32xx.a : startup_cc32xx_ccs.oem4 (.text:defaultHandler)
                  2000e770    00000050                     : ClockPSysTick_nortos.oem4 (.text:ClockP_sysTickHandler)
                  2000e7c0    00000050                     : SemaphoreP_nortos.oem4 (.text:SemaphoreP_construct)
                  2000e810    0000004c     drivers_cc32xx.a : GPIOCC32XX.oem4 (.text:GPIO_enableInt)
                  2000e85c    0000004c                      : PowerCC32XX.oem4 (.text:PowerCC32XX_parkPin)
                  2000e8a8    0000004c                      : PowerCC32XX.oem4 (.text:restorePeriphClocks)
                  2000e8f4    00000048     driverlib.a : flash.obj (.text:FlashDisable)
                  2000e93c    00000048                 : prcm.obj (.text:PRCMLPDSEnter)
                  2000e984    00000048                 : prcm.obj (.text:PRCMPeripheralClkEnable)
                  2000e9cc    00000048     drivers_cc32xx.a : PowerCC32XX.oem4 (.text:Power_releaseConstraint)
                  2000ea14    00000046                      : RingBuf.oem4 (.text:RingBuf_put)
                  2000ea5a    00000002     nortos_cc32xx.a : startup_cc32xx_ccs.oem4 (.text:faultISR)
                  2000ea5c    00000044                     : ClockPSysTick_nortos.oem4 (.text:ClockP_stop)
                  2000eaa0    00000044     driverlib.a : prcm.obj (.text:PRCMLPDSRestoreInfoSet)
                  2000eae4    00000044     drivers_cc32xx.a : PowerCC32XX_asm.oem4 (.text:PowerCC32XX_enterLPDS)
                  2000eb28    00000044     nortos_cc32xx.a : SemaphoreP_nortos.oem4 (.text:SemaphoreP_post)
                  2000eb6c    00000044                     : SwiP_nortos.oem4 (.text:SwiP_restore)
                  2000ebb0    00000044     drivers_cc32xx.a : UART.oem4 (.text:UART_init)
                  2000ebf4    00000044     rtsv7M4_T_le_eabi.lib : autoinit.c.obj (.text:__TI_auto_init_nobinit_nopinit:__TI_auto_init_nobinit_nopinit)
                  2000ec38    00000040     nortos_cc32xx.a : ClockPSysTick_nortos.oem4 (.text:ClockP_construct)
                  2000ec78    00000040     driverlib.a : pin.obj (.text:PinModeSet)
                  2000ecb8    00000040     drivers_cc32xx.a : RingBuf.oem4 (.text:RingBuf_get)
                  2000ecf8    00000040                      : UARTCC32XX.oem4 (.text:UARTCC32XX_read)
                  2000ed38    00000040                      : UART.oem4 (.text:UART_open)
                  2000ed78    0000003c     nortos_cc32xx.a : ClockPSysTick_nortos.oem4 (.text:ClockP_destruct)
                  2000edb4    0000003c     drivers_cc32xx.a : PowerCC32XX.oem4 (.text:Power_setConstraint)
                  2000edf0    0000003a     nortos_cc32xx.a : PowerCC32XX_nortos.oem4 (.text:getCountsRTC)
                  2000ee2a    00000002                     : startup_cc32xx_ccs.oem4 (.text:nmiISR)
                  2000ee2c    00000038     driverlib.a : prcm.obj (.text:PRCMLPDSEnterKeepDebugIf)
                  2000ee64    00000038     nortos_cc32xx.a : ClockPSysTick_nortos.oem4 (.text:addToList)
                  2000ee9c    00000038                     : startup_cc32xx_ccs.oem4 (.text:initVectors)
                  2000eed4    00000038     drivers_cc32xx.a : PowerCC32XX.oem4 (.text:notify)
                  2000ef0c    00000036                      : UARTCC32XX.oem4 (.text:UARTCC32XX_readCancel)
                  2000ef42    00000002     rtsv7M4_T_le_eabi.lib : div0.asm.obj (.text)
                  2000ef44    00000034     nortos_cc32xx.a : ClockPSysTick_nortos.oem4 (.text:ClockP_getTicksUntilInterrupt)
                  2000ef78    00000034                     : ClockPSysTick_nortos.oem4 (.text:ClockP_startup)
                  2000efac    00000034     driverlib.a : pin.obj (.text:PinModeGet)
                  2000efe0    00000034     drivers_cc32xx.a : PowerCC32XX.oem4 (.text:PowerCC32XX_restoreParkState)
                  2000f014    00000030     nortos_cc32xx.a : ClockPSysTick_nortos.oem4 (.text:ClockP_start)
                  2000f044    00000030     drivers_cc32xx.a : PowerCC32XX.oem4 (.text:PowerCC32XX_restoreParkedPin)
                  2000f074    0000002c                      : PowerCC32XX.oem4 (.text:PowerCC32XX_getParkState)
                  2000f0a0    0000002a     nortos_cc32xx.a : HwiPCC32XX_nortos.oem4 (.text:HwiP_create)
                  2000f0ca    00000002     --HOLE-- [fill = 0]
                  2000f0cc    00000028     driverlib.a : prcm.obj (.text:PRCMPeripheralClkDisable)
                  2000f0f4    00000028     drivers_cc32xx.a : PowerCC32XX.oem4 (.text:Power_registerNotify)
                  2000f11c    00000028     rtsv7M4_T_le_eabi.lib : memory.c.obj (.text:free_list_insert)
                  2000f144    00000026     drivers_cc32xx.a : List.oem4 (.text:List_put)
                  2000f16a    00000026                      : List.oem4 (.text:List_remove)
                  2000f190    00000024     nortos_cc32xx.a : HwiPCC32XX_nortos.oem4 (.text:HwiP_dispatch)
                  2000f1b4    00000024     drivers_cc32xx.a : PowerCC32XX.oem4 (.text:PowerCC32XX_reset)
                  2000f1d8    00000024     rtsv7M4_T_le_eabi.lib : boot_cortex_m.c.obj (.text:_c_int00_noargs:_c_int00_noargs)
                  2000f1fc    00000020     nortos_cc32xx.a : HwiPCC32XX_nortos.oem4 (.text:HwiP_destruct)
                  2000f21c    00000020     drivers_cc32xx.a : PowerCC32XX.oem4 (.text:Power_unregisterNotify)
                  2000f23c    00000020                      : RingBuf.oem4 (.text:RingBuf_peek)
                  2000f25c    00000020                      : UARTCC32XX.oem4 (.text:getPowerMgrId)
                  2000f27c    0000001c     driverlib.a : pin.obj (.text:PinToPadGet)
                  2000f298    0000001c     nortos_cc32xx.a : SwiP_nortos.oem4 (.text:SwiP_disable)
                  2000f2b4    0000001c     rtsv7M4_T_le_eabi.lib : copy_zero_init.c.obj (.text:decompress:ZI:__TI_zero_init_nomemset:__TI_zero_init_nomemset)
                  2000f2d0    0000001c                           : memory.c.obj (.text:free_list_remove)
                  2000f2ec    0000001a     nortos_cc32xx.a : ClockPSysTick_nortos.oem4 (.text:ClockP_create)
                  2000f306    0000001a                     : SemaphoreP_nortos.oem4 (.text:SemaphoreP_createBinary)
                  2000f320    0000001a                     : startup_cc32xx_ccs.oem4 (.text:resetISR)
                  2000f33a    00000002     --HOLE-- [fill = 0]
                  2000f33c    00000018     drivers_cc32xx.a : PowerCC32XX.oem4 (.text:Power_getTransitionLatency)
                  2000f354    00000018                      : PowerCC32XX.oem4 (.text:Power_idleFunc)
                  2000f36c    00000018     driverlib.a : uart.obj (.text:UARTBusy)
                  2000f384    00000018                 : uart.obj (.text:UARTIntEnable)
                  2000f39c    00000018     drivers_cc32xx.a : UART.oem4 (.text:UART_Params_init)
                  2000f3b4    00000018     rtsv7M4_T_le_eabi.lib : ll_mul_t2.asm.obj (.text)
                  2000f3cc    00000016     driverlib.a : prcm.obj (.text:PRCMHIBRegRead)
                  2000f3e2    00000016                 : prcm.obj (.text:PRCMHIBRegWrite)
                  2000f3f8    00000016     nortos_cc32xx.a : SemaphoreP_nortos.oem4 (.text:SemaphoreP_create)
                  2000f40e    00000014     driverlib.a : cpu.obj (.text:CPUcpsid)
                  2000f422    00000002     --HOLE-- [fill = 0]
                  2000f424    00000014     nortos_cc32xx.a : HwiPCC32XX_nortos.oem4 (.text:HwiP_inISR)
                  2000f438    00000014     driverlib.a : interrupt.obj (.text:IntVTableBaseSet)
                  2000f44c    00000014     drivers_cc32xx.a : PowerCC32XX.oem4 (.text:Power_disablePolicy)
                  2000f460    00000014                      : PowerCC32XX.oem4 (.text:Power_getDependencyCount)
                  2000f474    00000014                      : UARTCC32XX.oem4 (.text:releasePowerConstraint)
                  2000f488    00000012     nortos_cc32xx.a : HwiPCC32XX_nortos.oem4 (.text:HwiP_Params_init)
                  2000f49a    00000012     drivers_cc32xx.a : RingBuf.oem4 (.text:RingBuf_construct)
                  2000f4ac    00000012     main_nortos.obj (.text:main)
                  2000f4be    00000010     ti_drivers_config.obj (.text:Board_init)
                  2000f4ce    00000010     nortos_cc32xx.a : ClockPSysTick_nortos.oem4 (.text:ClockP_add)
                  2000f4de    00000010                     : ClockPSysTick_nortos.oem4 (.text:ClockP_delete)
                  2000f4ee    00000002     --HOLE-- [fill = 0]
                  2000f4f0    00000010                     : ClockPSysTick_nortos.oem4 (.text:ClockP_getCpuFreq)
                  2000f500    00000010                     : ClockPSysTick_nortos.oem4 (.text:ClockP_getSystemTicks)
                  2000f510    00000010                     : ClockPSysTick_nortos.oem4 (.text:ClockP_setTicks)
                  2000f520    00000010                     : HwiPCC32XX_nortos.oem4 (.text:HwiP_delete)
                  2000f530    00000010                     : HwiPCC32XX_nortos.oem4 (.text:HwiP_restore)
                  2000f540    00000010     drivers_cc32xx.a : PowerCC32XX.oem4 (.text:Power_enablePolicy)
                  2000f550    00000010     nortos_cc32xx.a : SemaphoreP_nortos.oem4 (.text:SemaphoreP_Params_init)
                  2000f560    00000010     drivers_cc32xx.a : UARTCC32XX.oem4 (.text:readBlockingTimeout)
                  2000f570    0000000e     nortos_cc32xx.a : HwiPCC32XX_nortos.oem4 (.text:HwiP_disable)
                  2000f57e    0000000e                     : HwiPCC32XX_nortos.oem4 (.text:HwiP_enable)
                  2000f58c    0000000e     drivers_cc32xx.a : RingBuf.oem4 (.text:RingBuf_isFull)
                  2000f59a    0000000e     rtsv7M4_T_le_eabi.lib : copy_decompress_none.c.obj (.text:decompress:none:__TI_decompress_none)
                  2000f5a8    0000000c     drivers_cc32xx.a : PowerCC32XX.oem4 (.text:Power_getConstraintMask)
                  2000f5b4    0000000c                      : UARTCC32XX.oem4 (.text:postNotifyFxn)
                  2000f5c0    0000000a     nortos_cc32xx.a : ClockPSysTick_nortos.oem4 (.text:ClockP_Params_init)
                  2000f5ca    0000000a                     : ClockPSysTick_nortos.oem4 (.text:ClockP_isActive)
                  2000f5d4    0000000a     driverlib.a : interrupt.obj (.text:IntMasterDisable)
                  2000f5de    0000000a     drivers_cc32xx.a : UART.oem4 (.text:UART_read)
                  2000f5e8    0000000a                      : UART.oem4 (.text:UART_write)
                  2000f5f2    00000008     rtsv7M4_T_le_eabi.lib : memory.c.obj (.text:malloc)
                  2000f5fa    00000008     drivers_cc32xx.a : UARTCC32XX.oem4 (.text:readSemCallback)
                  2000f602    00000008                      : UARTCC32XX.oem4 (.text:writeSemCallback)
                  2000f60a    00000006     driverlib.a : utils.obj (.text:UtilsDelay)
                  2000f610    00000004     nortos_cc32xx.a : ClockPSysTick_nortos.oem4 (.text:ClockP_setTimeout)
                  2000f614    00000004                     : HwiPCC32XX_nortos.oem4 (.text:HwiP_post)
                  2000f618    00000004                     : SemaphoreP_nortos.oem4 (.text:SemaphoreP_delete)
                  2000f61c    00000004     rtsv7M4_T_le_eabi.lib : pre_init.c.obj (.text:_system_pre_init)
                  2000f620    00000004                           : exit.c.obj (.text:abort:abort)

.const     0    2000fbd0    0000037a     
                  2000fbd0    00000100     driverlib.a : pin.obj (.const:g_ulPinToPadMap)
                  2000fcd0    000000a8                 : prcm.obj (.const:PRCM_PeriphRegsList)
                  2000fd78    00000044     ti_drivers_config.obj (.const:PowerCC32XX_config)
                  2000fdbc    00000028     drivers_cc32xx.a : UARTCC32XX.oem4 (.const:UARTCC32XX_fxnTable)
                  2000fde4    00000024                      : UART.oem4 (.const:UART_defaultParams)
                  2000fe08    00000024     ti_drivers_config.obj (.const:uartCC32XXHWAttrs0)
                  2000fe2c    00000021     drivers_cc32xx.a : GPIOCC32XX.oem4 (.const:.string:pinTable)
                  2000fe4d    00000003     ti_drivers_config.obj (.const)
                  2000fe50    00000020     drivers_cc32xx.a : UARTCC32XX.oem4 (.const:staticFxnTable)
                  2000fe70    00000018     driverlib.a : interrupt.obj (.const:g_pulEnRegs)
                  2000fe88    00000018                 : interrupt.obj (.const:g_pulPendRegs)
                  2000fea0    00000016     uartecho.obj (.const:.string:$P$T0$1)
                  2000feb6    00000002     --HOLE-- [fill = 0]
                  2000feb8    00000014     ti_drivers_config.obj (.const:GPIOCC32XX_config)
                  2000fecc    00000014     drivers_cc32xx.a : GPIOCC32XX.oem4 (.const:gpioBaseAddresses)
                  2000fee0    00000014                      : UARTCC32XX.oem4 (.const:parityType)
                  2000fef4    00000014                      : GPIOCC32XX.oem4 (.const:powerResources)
                  2000ff08    00000010                      : UARTCC32XX.oem4 (.const:dataLength)
                  2000ff18    0000000c     ti_drivers_config.obj (.const:UART_config)
                  2000ff24    00000008     drivers_cc32xx.a : GPIOCC32XX.oem4 (.const:outPinTypes)
                  2000ff2c    00000008                      : UARTCC32XX.oem4 (.const:stopBits)
                  2000ff34    00000006                      : GPIOCC32XX.oem4 (.const:.string:interruptType)
                  2000ff3a    00000006                      : GPIOCC32XX.oem4 (.const:inPinTypes)
                  2000ff40    00000006                      : GPIOCC32XX.oem4 (.const:outPinStrengths)
                  2000ff46    00000004                      : GPIOCC32XX.oem4 (.const:.string:portInterruptIds)

.cinit     0    20010180    000000e8     
                  20010180    000000be     (.cinit..data.load) [load image, compression = lzss]
                  2001023e    00000002     --HOLE-- [fill = 0]
                  20010240    0000000c     (__TI_handler_table)
                  2001024c    00000004     --HOLE-- [fill = 0]
                  20010250    00000008     (.cinit..bss.load) [load image, compression = zero_init]
                  20010258    00000010     (__TI_cinit_table)

.init_array 
*          0    20004000    00000000     UNINITIALIZED

.ramVecs   0    20000000    0000030c     NOLOAD SECTION
                  20000000    0000030c     nortos_cc32xx.a : startup_cc32xx_ccs.oem4 (.ramVecs)

.stack     0    20003000    00001000     UNINITIALIZED
                  20003000    00000004     rtsv7M4_T_le_eabi.lib : boot_cortex_m.c.obj (.stack)
                  20003004    00000ffc     --HOLE--

.resetVecs 
*          0    20004000    00000040     
                  20004000    00000040     nortos_cc32xx.a : startup_cc32xx_ccs.oem4 (.resetVecs:retain)

.sysmem    0    20004040    00008000     UNINITIALIZED
                  20004040    00000010     rtsv7M4_T_le_eabi.lib : memory.c.obj (.sysmem)
                  20004050    00007ff0     --HOLE--

.data      0    2000f624    000005ac     UNINITIALIZED
                  2000f624    0000030c     nortos_cc32xx.a : HwiPCC32XX_nortos.oem4 (.data:HwiP_dispatchTable)
                  2000f930    0000016c     drivers_cc32xx.a : PowerCC32XX.oem4 (.data:PowerCC32XX_module)
                  2000fa9c    000000f8     ti_drivers_config.obj (.data:parkInfo)
                  2000fb94    00000009     drivers_cc32xx.a : GPIOCC32XX.oem4 (.data)
                  2000fb9d    00000003     nortos_cc32xx.a : SemaphoreP_nortos.oem4 (.data)
                  2000fba0    00000008     rtsv7M4_T_le_eabi.lib : _lock.c.obj (.data:$O1$$)
                  2000fba8    00000008                           : memory.c.obj (.data:$O1$$)
                  2000fbb0    00000008     nortos_cc32xx.a : SemaphoreP_nortos.oem4 (.data:SemaphoreP_defaultParams)
                  2000fbb8    00000008                     : HwiPCC32XX_nortos.oem4 (.data)
                  2000fbc0    00000005                     : ClockPSysTick_nortos.oem4 (.data)
                  2000fbc5    00000001     drivers_cc32xx.a : UART.oem4 (.data)
                  2000fbc6    00000002     --HOLE--
                  2000fbc8    00000004     ti_drivers_config.obj (.data:gpioCallbackFunctions)
                  2000fbcc    00000004     ti_drivers_config.obj (.data:gpioPinConfigs)

.bss       0    2000ff50    0000022c     UNINITIALIZED
                  2000ff50    0000012c     (.common:PowerCC32XX_contextSave)
                  2001007c    00000084     (.common:uartCC32XXObjects0)
                  20010100    00000020     drivers_cc32xx.a : GPIOCC32XX.oem4 (.bss:gpioCallbackInfo)
                  20010120    00000020     ti_drivers_config.obj (.bss:uartCC32XXRingBuffer0)
                  20010140    00000014     drivers_cc32xx.a : GPIOCC32XX.oem4 (.bss:powerNotifyObj)
                  20010154    00000004                      : GPIOCC32XX.oem4 (.bss)
                  20010158    00000010     (.common:ClockP_ctrl)
                  20010168    0000000d     nortos_cc32xx.a : SwiP_nortos.oem4 (.bss)
                  20010175    00000003     --HOLE--
                  20010178    00000004                     : ClockPSysTick_nortos.oem4 (.bss)

.log_data 
*          0    90000000    00000000     COPY SECTION

__llvm_prf_cnts 
*          0    20004000    00000000     UNINITIALIZED

MODULE SUMMARY

       Module                       code    ro data   rw data
       ------                       ----    -------   -------
    .\
       uartecho.obj                 328     22        0      
       main_nortos.obj              18      0         0      
    +--+----------------------------+-------+---------+---------+
       Total:                       346     22        0      
                                                             
    .\syscfg\
       ti_drivers_config.obj        18      139       420    
    +--+----------------------------+-------+---------+---------+
       Total:                       18      139       420    
                                                             
    C:/ti/simplelink_cc32xx_sdk_4_30_00_06/kernel/nortos/lib/ccs/m4/nortos_cc32xx.a
       HwiPCC32XX_nortos.oem4       352     0         788    
       startup_cc32xx_ccs.oem4      90      64        780    
       ClockPSysTick_nortos.oem4    702     0         25     
       PowerCC32XX_nortos.oem4      472     0         0      
       SemaphoreP_nortos.oem4       378     0         11     
       SwiP_nortos.oem4             96      0         13     
    +--+----------------------------+-------+---------+---------+
       Total:                       2090    64        1617   
                                                             
    C:/ti/simplelink_cc32xx_sdk_4_30_00_06/source/ti/devices/cc32xx/driverlib/ccs/Release/driverlib.a
       prcm.obj                     1604    168       0      
       pin.obj                      280     256       0      
       interrupt.obj                334     48        0      
       flash.obj                    72      0         0      
       uart.obj                     48      0         0      
       cpu.obj                      20      0         0      
       utils.obj                    6       0         0      
    +--+----------------------------+-------+---------+---------+
       Total:                       2364    472       0      
                                                             
    C:/ti/simplelink_cc32xx_sdk_4_30_00_06/source/ti/drivers/lib/ccs/m4/drivers_cc32xx.a
       UARTCC32XX.oem4              3466    116       0      
       PowerCC32XX.oem4             2432    0         664    
       GPIOCC32XX.oem4              1208    103       65     
       UART.oem4                    176     36        1      
       RingBuf.oem4                 198     0         0      
       PowerCC32XX_asm.oem4         150     0         0      
       List.oem4                    76      0         0      
    +--+----------------------------+-------+---------+---------+
       Total:                       7706    255       730    
                                                             
    C:\ti\ccs1250\ccs\tools\compiler\ti-cgt-arm_20.2.7.LTS\lib\rtsv7M4_T_le_eabi.lib
       memory.c.obj                 672     0         8      
       memcpy_t2.asm.obj            156     0         0      
       ull_div_t2.asm.obj           150     0         0      
       copy_decompress_lzss.c.obj   104     0         0      
       autoinit.c.obj               68      0         0      
       boot_cortex_m.c.obj          36      0         0      
       copy_zero_init.c.obj         28      0         0      
       ll_mul_t2.asm.obj            24      0         0      
       copy_decompress_none.c.obj   14      0         0      
       _lock.c.obj                  2       0         8      
       exit.c.obj                   4       0         0      
       pre_init.c.obj               4       0         0      
       div0.asm.obj                 2       0         0      
    +--+----------------------------+-------+---------+---------+
       Total:                       1264    0         16     
                                                             
       Heap:                        0       0         32768  
       Stack:                       0       0         4096   
       Linker Generated:            0       226       0      
    +--+----------------------------+-------+---------+---------+
       Grand Total:                 13788   1178      39647  


LINKER GENERATED COPY TABLES

__TI_cinit_table @ 20010258 records: 2, size/record: 8, table size: 16
	.data: load addr=20010180, load size=000000be bytes, run addr=2000f624, run size=000005ac bytes, compression=lzss
	.bss: load addr=20010250, load size=00000008 bytes, run addr=2000ff50, run size=0000022c bytes, compression=zero_init


LINKER GENERATED HANDLER TABLE

__TI_handler_table @ 20010240 records: 3, size/record: 4, table size: 12
	index: 0, handler: __TI_decompress_lzss
	index: 1, handler: __TI_decompress_none
	index: 2, handler: __TI_zero_init


GLOBAL SYMBOLS: SORTED ALPHABETICALLY BY Name 

address   name                          
-------   ----                          
2000f4bf  Board_init                    
2000d14f  Board_initHook                
2000f621  C$$EXIT                       
2000fe4d  CONFIG_GPIO_LED_0_CONST       
2000fe4e  CONFIG_UART_0_CONST           
2000f40f  CPUcpsid                      
2000f5c1  ClockP_Params_init            
2000f4cf  ClockP_add                    
2000ec39  ClockP_construct              
2000f2ed  ClockP_create                 
20010158  ClockP_ctrl                   
2000f4df  ClockP_delete                 
2000ed79  ClockP_destruct               
2000e771  ClockP_doTick                 
2000f4f1  ClockP_getCpuFreq             
2000f501  ClockP_getSystemTicks         
2000ef45  ClockP_getTicksUntilInterrupt 
2000f5cb  ClockP_isActive               
2000f511  ClockP_setTicks               
2000f611  ClockP_setTimeout             
2000f015  ClockP_start                  
2000ef79  ClockP_startup                
2000ea5d  ClockP_stop                   
2000e771  ClockP_sysTickHandler         
2000fbc0  ClockP_tickPeriod             
2000e8f5  FlashDisable                  
2000feb8  GPIOCC32XX_config             
2000e811  GPIO_enableInt                
2000e13d  GPIO_hwiIntFxn                
2000d301  GPIO_init                     
2000e509  GPIO_setCallback              
2000c6f5  GPIO_setConfig                
2000e5c1  GPIO_write                    
2000f489  HwiP_Params_init              
2000dd9d  HwiP_construct                
2000f0a1  HwiP_create                   
2000f521  HwiP_delete                   
2000f1fd  HwiP_destruct                 
2000f571  HwiP_disable                  
2000f191  HwiP_dispatch                 
2000f57f  HwiP_enable                   
2000f425  HwiP_inISR                    
2000fbb8  HwiP_key                      
2000f615  HwiP_post                     
2000f531  HwiP_restore                  
2000fbbc  HwiP_swiPIntNum               
UNDEFED   ITM_flush                     
UNDEFED   ITM_restore                   
2000d80d  IntEnable                     
2000f5d5  IntMasterDisable              
2000de29  IntPendSet                    
2000f439  IntVTableBaseSet              
2000f145  List_put                      
2000f16b  List_remove                   
2000f57f  NoRTOS_start                  
2000c041  PRCMCC3200MCUInit             
2000f3cd  PRCMHIBRegRead                
2000f3e3  PRCMHIBRegWrite               
2000e93d  PRCMLPDSEnter                 
2000ee2d  PRCMLPDSEnterKeepDebugIf      
2000eaa1  PRCMLPDSRestoreInfoSet        
2000f0cd  PRCMPeripheralClkDisable      
2000e985  PRCMPeripheralClkEnable       
2000e619  PRCMPeripheralReset           
2000e4a9  PRCMSysResetCauseGet          
2000deb1  PinConfigSet                  
2000efad  PinModeGet                    
2000ec79  PinModeSet                    
2000f27d  PinToPadGet                   
2000fd78  PowerCC32XX_config            
2000d8b5  PowerCC32XX_configureWakeup   
2000ff50  PowerCC32XX_contextSave       
2000eae5  PowerCC32XX_enterLPDS         
2000f075  PowerCC32XX_getParkState      
2000d2ff  PowerCC32XX_initPolicy        
2000f930  PowerCC32XX_module            
2000e85d  PowerCC32XX_parkPin           
2000f1b5  PowerCC32XX_reset             
2000efe1  PowerCC32XX_restoreParkState  
2000f045  PowerCC32XX_restoreParkedPin  
2000e71d  PowerCC32XX_resumeLPDS        
2000e3e1  PowerCC32XX_setParkState      
2000c8d9  PowerCC32XX_sleepPolicy       
2000f44d  Power_disablePolicy           
2000f541  Power_enablePolicy            
2000f5a9  Power_getConstraintMask       
2000f461  Power_getDependencyCount      
2000f33d  Power_getTransitionLatency    
2000f355  Power_idleFunc                
2000df39  Power_init                    
2000f0f5  Power_registerNotify          
2000e9cd  Power_releaseConstraint       
2000e671  Power_releaseDependency       
2000edb5  Power_setConstraint           
2000e041  Power_setDependency           
2000cd05  Power_sleep                   
2000f21d  Power_unregisterNotify        
2000f49b  RingBuf_construct             
2000ecb9  RingBuf_get                   
2000f58d  RingBuf_isFull                
2000f23d  RingBuf_peek                  
2000ea15  RingBuf_put                   
2000f551  SemaphoreP_Params_init        
2000e7c1  SemaphoreP_construct          
2000f3f9  SemaphoreP_create             
2000f307  SemaphoreP_createBinary       
2000fbb0  SemaphoreP_defaultParams      
2000f619  SemaphoreP_delete             
2000daa1  SemaphoreP_pend               
2000eb29  SemaphoreP_post               
2000f299  SwiP_disable                  
2000eb6d  SwiP_restore                  
2000f36d  UARTBusy                      
2000ce3d  UARTCC32XX_close              
2000d05d  UARTCC32XX_control            
2000fdbc  UARTCC32XX_fxnTable           
2000d53f  UARTCC32XX_init               
2000c46d  UARTCC32XX_open               
2000ecf9  UARTCC32XX_read               
2000ef0d  UARTCC32XX_readCancel         
2000d485  UARTCC32XX_readPolling        
2000d235  UARTCC32XX_write              
2000e379  UARTCC32XX_writeCancel        
2000e445  UARTCC32XX_writePolling       
2000f385  UARTIntEnable                 
2000f39d  UART_Params_init              
2000ff18  UART_config                   
2000fe4f  UART_count                    
2000fde4  UART_defaultParams            
2000ebb1  UART_init                     
2000ed39  UART_open                     
2000f5df  UART_read                     
2000f5e9  UART_write                    
2000f60b  UtilsDelay                    
20004000  __STACK_END                   
00001000  __STACK_SIZE                  
00008000  __SYSMEM_SIZE                 
20010258  __TI_CINIT_Base               
20010268  __TI_CINIT_Limit              
20010240  __TI_Handler_Table_Base       
2001024c  __TI_Handler_Table_Limit      
2000ebf5  __TI_auto_init_nobinit_nopinit
2000e311  __TI_decompress_lzss          
2000f59b  __TI_decompress_none          
ffffffff  __TI_pprof_out_hndl           
ffffffff  __TI_prof_data_size           
ffffffff  __TI_prof_data_start          
20010180  __TI_static_base__            
2000f2b5  __TI_zero_init_nomemset       
2000ef43  __aeabi_idiv0                 
2000ef43  __aeabi_ldiv0                 
2000f3b5  __aeabi_lmul                  
2000db41  __aeabi_memcpy                
2000db41  __aeabi_memcpy4               
2000db41  __aeabi_memcpy8               
2000dc75  __aeabi_uldivmod              
ffffffff  __binit__                     
ffffffff  __c_args__                    
UNDEFED   __mpu_init                    
20003000  __stack                       
20004000  __start___llvm_prf_cnts       
20004000  __stop___llvm_prf_cnts        
2000f1d9  _c_int00_noargs               
2000fba0  _lock                         
2000dd0b  _nop                          
20004040  _sys_memory                   
UNDEFED   _system_post_cinit            
2000f61d  _system_pre_init              
2000fba4  _unlock                       
2000f621  abort                         
2000cf5d  aligned_alloc                 
ffffffff  binit                         
2000e4a7  clkFxn                        
2000d151  free                          
2000fbc8  gpioCallbackFunctions         
2000fbcc  gpioPinConfigs                
2000ff3a  inPinTypes                    
2000ee9d  initVectors                   
2000f4ad  main                          
2000ca75  mainThread                    
2000f5f3  malloc                        
2000cf5d  memalign                      
2000db41  memcpy                        
2000ff40  outPinStrengths               
2000ff24  outPinTypes                   
2000fa9c  parkInfo                      
2000f321  resetISR                      
2000f334  resetVectorAddr               
20004000  resetVectors                  
2001007c  uartCC32XXObjects0            


GLOBAL SYMBOLS: SORTED BY Symbol Address 

address   name                          
-------   ----                          
00001000  __STACK_SIZE                  
00008000  __SYSMEM_SIZE                 
20003000  __stack                       
20004000  __STACK_END                   
20004000  __start___llvm_prf_cnts       
20004000  __stop___llvm_prf_cnts        
20004000  resetVectors                  
20004040  _sys_memory                   
2000c041  PRCMCC3200MCUInit             
2000c46d  UARTCC32XX_open               
2000c6f5  GPIO_setConfig                
2000c8d9  PowerCC32XX_sleepPolicy       
2000ca75  mainThread                    
2000cd05  Power_sleep                   
2000ce3d  UARTCC32XX_close              
2000cf5d  aligned_alloc                 
2000cf5d  memalign                      
2000d05d  UARTCC32XX_control            
2000d14f  Board_initHook                
2000d151  free                          
2000d235  UARTCC32XX_write              
2000d2ff  PowerCC32XX_initPolicy        
2000d301  GPIO_init                     
2000d485  UARTCC32XX_readPolling        
2000d53f  UARTCC32XX_init               
2000d80d  IntEnable                     
2000d8b5  PowerCC32XX_configureWakeup   
2000daa1  SemaphoreP_pend               
2000db41  __aeabi_memcpy                
2000db41  __aeabi_memcpy4               
2000db41  __aeabi_memcpy8               
2000db41  memcpy                        
2000dc75  __aeabi_uldivmod              
2000dd0b  _nop                          
2000dd9d  HwiP_construct                
2000de29  IntPendSet                    
2000deb1  PinConfigSet                  
2000df39  Power_init                    
2000e041  Power_setDependency           
2000e13d  GPIO_hwiIntFxn                
2000e311  __TI_decompress_lzss          
2000e379  UARTCC32XX_writeCancel        
2000e3e1  PowerCC32XX_setParkState      
2000e445  UARTCC32XX_writePolling       
2000e4a7  clkFxn                        
2000e4a9  PRCMSysResetCauseGet          
2000e509  GPIO_setCallback              
2000e5c1  GPIO_write                    
2000e619  PRCMPeripheralReset           
2000e671  Power_releaseDependency       
2000e71d  PowerCC32XX_resumeLPDS        
2000e771  ClockP_doTick                 
2000e771  ClockP_sysTickHandler         
2000e7c1  SemaphoreP_construct          
2000e811  GPIO_enableInt                
2000e85d  PowerCC32XX_parkPin           
2000e8f5  FlashDisable                  
2000e93d  PRCMLPDSEnter                 
2000e985  PRCMPeripheralClkEnable       
2000e9cd  Power_releaseConstraint       
2000ea15  RingBuf_put                   
2000ea5d  ClockP_stop                   
2000eaa1  PRCMLPDSRestoreInfoSet        
2000eae5  PowerCC32XX_enterLPDS         
2000eb29  SemaphoreP_post               
2000eb6d  SwiP_restore                  
2000ebb1  UART_init                     
2000ebf5  __TI_auto_init_nobinit_nopinit
2000ec39  ClockP_construct              
2000ec79  PinModeSet                    
2000ecb9  RingBuf_get                   
2000ecf9  UARTCC32XX_read               
2000ed39  UART_open                     
2000ed79  ClockP_destruct               
2000edb5  Power_setConstraint           
2000ee2d  PRCMLPDSEnterKeepDebugIf      
2000ee9d  initVectors                   
2000ef0d  UARTCC32XX_readCancel         
2000ef43  __aeabi_idiv0                 
2000ef43  __aeabi_ldiv0                 
2000ef45  ClockP_getTicksUntilInterrupt 
2000ef79  ClockP_startup                
2000efad  PinModeGet                    
2000efe1  PowerCC32XX_restoreParkState  
2000f015  ClockP_start                  
2000f045  PowerCC32XX_restoreParkedPin  
2000f075  PowerCC32XX_getParkState      
2000f0a1  HwiP_create                   
2000f0cd  PRCMPeripheralClkDisable      
2000f0f5  Power_registerNotify          
2000f145  List_put                      
2000f16b  List_remove                   
2000f191  HwiP_dispatch                 
2000f1b5  PowerCC32XX_reset             
2000f1d9  _c_int00_noargs               
2000f1fd  HwiP_destruct                 
2000f21d  Power_unregisterNotify        
2000f23d  RingBuf_peek                  
2000f27d  PinToPadGet                   
2000f299  SwiP_disable                  
2000f2b5  __TI_zero_init_nomemset       
2000f2ed  ClockP_create                 
2000f307  SemaphoreP_createBinary       
2000f321  resetISR                      
2000f334  resetVectorAddr               
2000f33d  Power_getTransitionLatency    
2000f355  Power_idleFunc                
2000f36d  UARTBusy                      
2000f385  UARTIntEnable                 
2000f39d  UART_Params_init              
2000f3b5  __aeabi_lmul                  
2000f3cd  PRCMHIBRegRead                
2000f3e3  PRCMHIBRegWrite               
2000f3f9  SemaphoreP_create             
2000f40f  CPUcpsid                      
2000f425  HwiP_inISR                    
2000f439  IntVTableBaseSet              
2000f44d  Power_disablePolicy           
2000f461  Power_getDependencyCount      
2000f489  HwiP_Params_init              
2000f49b  RingBuf_construct             
2000f4ad  main                          
2000f4bf  Board_init                    
2000f4cf  ClockP_add                    
2000f4df  ClockP_delete                 
2000f4f1  ClockP_getCpuFreq             
2000f501  ClockP_getSystemTicks         
2000f511  ClockP_setTicks               
2000f521  HwiP_delete                   
2000f531  HwiP_restore                  
2000f541  Power_enablePolicy            
2000f551  SemaphoreP_Params_init        
2000f571  HwiP_disable                  
2000f57f  HwiP_enable                   
2000f57f  NoRTOS_start                  
2000f58d  RingBuf_isFull                
2000f59b  __TI_decompress_none          
2000f5a9  Power_getConstraintMask       
2000f5c1  ClockP_Params_init            
2000f5cb  ClockP_isActive               
2000f5d5  IntMasterDisable              
2000f5df  UART_read                     
2000f5e9  UART_write                    
2000f5f3  malloc                        
2000f60b  UtilsDelay                    
2000f611  ClockP_setTimeout             
2000f615  HwiP_post                     
2000f619  SemaphoreP_delete             
2000f61d  _system_pre_init              
2000f621  C$$EXIT                       
2000f621  abort                         
2000f930  PowerCC32XX_module            
2000fa9c  parkInfo                      
2000fba0  _lock                         
2000fba4  _unlock                       
2000fbb0  SemaphoreP_defaultParams      
2000fbb8  HwiP_key                      
2000fbbc  HwiP_swiPIntNum               
2000fbc0  ClockP_tickPeriod             
2000fbc8  gpioCallbackFunctions         
2000fbcc  gpioPinConfigs                
2000fd78  PowerCC32XX_config            
2000fdbc  UARTCC32XX_fxnTable           
2000fde4  UART_defaultParams            
2000fe4d  CONFIG_GPIO_LED_0_CONST       
2000fe4e  CONFIG_UART_0_CONST           
2000fe4f  UART_count                    
2000feb8  GPIOCC32XX_config             
2000ff18  UART_config                   
2000ff24  outPinTypes                   
2000ff3a  inPinTypes                    
2000ff40  outPinStrengths               
2000ff50  PowerCC32XX_contextSave       
2001007c  uartCC32XXObjects0            
20010158  ClockP_ctrl                   
20010180  __TI_static_base__            
20010240  __TI_Handler_Table_Base       
2001024c  __TI_Handler_Table_Limit      
20010258  __TI_CINIT_Base               
20010268  __TI_CINIT_Limit              
ffffffff  __TI_pprof_out_hndl           
ffffffff  __TI_prof_data_size           
ffffffff  __TI_prof_data_start          
ffffffff  __binit__                     
ffffffff  __c_args__                    
ffffffff  binit                         
UNDEFED   ITM_flush                     
UNDEFED   ITM_restore                   
UNDEFED   __mpu_init                    
UNDEFED   _system_post_cinit            

[190 symbols]
