<?xml version="1.0" encoding="ISO-8859-1" ?>
<link_info>
   <banner>TI ARM Linker PC v20.2.7.LTS</banner>
   <copyright>Copyright (c) 1996-2018 Texas Instruments Incorporated</copyright>
   <link_time>0x6562cdcf</link_time>
   <link_errors>0x0</link_errors>
   <output_file>gpiointerrupt_CC3220S_LAUNCHXL_nortos_ccs.out</output_file>
   <entry_point>
      <name>resetISR</name>
      <address>0x2000ebcd</address>
   </entry_point>
   <input_file_list>
      <input_file id="fl-2">
         <path>.\</path>
         <kind>object</kind>
         <file>gpiointerrupt.obj</file>
         <name>gpiointerrupt.obj</name>
      </input_file>
      <input_file id="fl-3">
         <path>.\syscfg\</path>
         <kind>object</kind>
         <file>ti_drivers_config.obj</file>
         <name>ti_drivers_config.obj</name>
      </input_file>
      <input_file id="fl-4">
         <path>.\</path>
         <kind>object</kind>
         <file>main_nortos.obj</file>
         <name>main_nortos.obj</name>
      </input_file>
      <input_file id="fl-d">
         <kind>object</kind>
         <file>&lt;internal&gt;</file>
         <name>&lt;internal&gt;</name>
      </input_file>
      <input_file id="fl-e">
         <path>C:\ti\simplelink_cc32xx_sdk_4_30_00_06\source\ti\drivers\lib\ccs\m4\</path>
         <kind>archive</kind>
         <file>drivers_cc32xx.a</file>
         <name>Timer.oem4</name>
      </input_file>
      <input_file id="fl-f">
         <path>C:\ti\simplelink_cc32xx_sdk_4_30_00_06\source\ti\drivers\lib\ccs\m4\</path>
         <kind>archive</kind>
         <file>drivers_cc32xx.a</file>
         <name>GPIOCC32XX.oem4</name>
      </input_file>
      <input_file id="fl-10">
         <path>C:\ti\simplelink_cc32xx_sdk_4_30_00_06\source\ti\drivers\lib\ccs\m4\</path>
         <kind>archive</kind>
         <file>drivers_cc32xx.a</file>
         <name>PowerCC32XX.oem4</name>
      </input_file>
      <input_file id="fl-11">
         <path>C:\ti\simplelink_cc32xx_sdk_4_30_00_06\source\ti\drivers\lib\ccs\m4\</path>
         <kind>archive</kind>
         <file>drivers_cc32xx.a</file>
         <name>PowerCC32XX_asm.oem4</name>
      </input_file>
      <input_file id="fl-12">
         <path>C:\ti\simplelink_cc32xx_sdk_4_30_00_06\source\ti\drivers\lib\ccs\m4\</path>
         <kind>archive</kind>
         <file>drivers_cc32xx.a</file>
         <name>TimerCC32XX.oem4</name>
      </input_file>
      <input_file id="fl-13">
         <path>C:\ti\simplelink_cc32xx_sdk_4_30_00_06\source\ti\drivers\lib\ccs\m4\</path>
         <kind>archive</kind>
         <file>drivers_cc32xx.a</file>
         <name>List.oem4</name>
      </input_file>
      <input_file id="fl-14">
         <path>C:\ti\simplelink_cc32xx_sdk_4_30_00_06\kernel\nortos\lib\ccs\m4\</path>
         <kind>archive</kind>
         <file>nortos_cc32xx.a</file>
         <name>NoRTOS.oem4</name>
      </input_file>
      <input_file id="fl-15">
         <path>C:\ti\simplelink_cc32xx_sdk_4_30_00_06\kernel\nortos\lib\ccs\m4\</path>
         <kind>archive</kind>
         <file>nortos_cc32xx.a</file>
         <name>SemaphoreP_nortos.oem4</name>
      </input_file>
      <input_file id="fl-16">
         <path>C:\ti\simplelink_cc32xx_sdk_4_30_00_06\kernel\nortos\lib\ccs\m4\</path>
         <kind>archive</kind>
         <file>nortos_cc32xx.a</file>
         <name>ClockPSysTick_nortos.oem4</name>
      </input_file>
      <input_file id="fl-17">
         <path>C:\ti\simplelink_cc32xx_sdk_4_30_00_06\kernel\nortos\lib\ccs\m4\</path>
         <kind>archive</kind>
         <file>nortos_cc32xx.a</file>
         <name>HwiPCC32XX_nortos.oem4</name>
      </input_file>
      <input_file id="fl-18">
         <path>C:\ti\simplelink_cc32xx_sdk_4_30_00_06\kernel\nortos\lib\ccs\m4\</path>
         <kind>archive</kind>
         <file>nortos_cc32xx.a</file>
         <name>PowerCC32XX_nortos.oem4</name>
      </input_file>
      <input_file id="fl-19">
         <path>C:\ti\simplelink_cc32xx_sdk_4_30_00_06\kernel\nortos\lib\ccs\m4\</path>
         <kind>archive</kind>
         <file>nortos_cc32xx.a</file>
         <name>startup_cc32xx_ccs.oem4</name>
      </input_file>
      <input_file id="fl-1a">
         <path>C:\ti\simplelink_cc32xx_sdk_4_30_00_06\kernel\nortos\lib\ccs\m4\</path>
         <kind>archive</kind>
         <file>nortos_cc32xx.a</file>
         <name>SwiP_nortos.oem4</name>
      </input_file>
      <input_file id="fl-1b">
         <path>C:\ti\simplelink_cc32xx_sdk_4_30_00_06\kernel\nortos\lib\ccs\m4\</path>
         <kind>archive</kind>
         <file>nortos_cc32xx.a</file>
         <name>QueueP_nortos.oem4</name>
      </input_file>
      <input_file id="fl-1c">
         <path>C:\ti\simplelink_cc32xx_sdk_4_30_00_06\source\ti\devices\cc32xx\driverlib\ccs\Release\</path>
         <kind>archive</kind>
         <file>driverlib.a</file>
         <name>cpu.obj</name>
      </input_file>
      <input_file id="fl-1d">
         <path>C:\ti\simplelink_cc32xx_sdk_4_30_00_06\source\ti\devices\cc32xx\driverlib\ccs\Release\</path>
         <kind>archive</kind>
         <file>driverlib.a</file>
         <name>interrupt.obj</name>
      </input_file>
      <input_file id="fl-1e">
         <path>C:\ti\simplelink_cc32xx_sdk_4_30_00_06\source\ti\devices\cc32xx\driverlib\ccs\Release\</path>
         <kind>archive</kind>
         <file>driverlib.a</file>
         <name>pin.obj</name>
      </input_file>
      <input_file id="fl-1f">
         <path>C:\ti\simplelink_cc32xx_sdk_4_30_00_06\source\ti\devices\cc32xx\driverlib\ccs\Release\</path>
         <kind>archive</kind>
         <file>driverlib.a</file>
         <name>prcm.obj</name>
      </input_file>
      <input_file id="fl-20">
         <path>C:\ti\simplelink_cc32xx_sdk_4_30_00_06\source\ti\devices\cc32xx\driverlib\ccs\Release\</path>
         <kind>archive</kind>
         <file>driverlib.a</file>
         <name>timer.obj</name>
      </input_file>
      <input_file id="fl-21">
         <path>C:\ti\simplelink_cc32xx_sdk_4_30_00_06\source\ti\devices\cc32xx\driverlib\ccs\Release\</path>
         <kind>archive</kind>
         <file>driverlib.a</file>
         <name>utils.obj</name>
      </input_file>
      <input_file id="fl-22">
         <path>C:\ti\simplelink_cc32xx_sdk_4_30_00_06\source\ti\devices\cc32xx\driverlib\ccs\Release\</path>
         <kind>archive</kind>
         <file>driverlib.a</file>
         <name>flash.obj</name>
      </input_file>
      <input_file id="fl-d8">
         <path>C:\ti\ccs1250\ccs\tools\compiler\ti-cgt-arm_20.2.7.LTS\lib\</path>
         <kind>archive</kind>
         <file>rtsv7M4_T_le_eabi.lib</file>
         <name>ll_mul_t2.asm.obj</name>
      </input_file>
      <input_file id="fl-d9">
         <path>C:\ti\ccs1250\ccs\tools\compiler\ti-cgt-arm_20.2.7.LTS\lib\</path>
         <kind>archive</kind>
         <file>rtsv7M4_T_le_eabi.lib</file>
         <name>memcpy_t2.asm.obj</name>
      </input_file>
      <input_file id="fl-da">
         <path>C:\ti\ccs1250\ccs\tools\compiler\ti-cgt-arm_20.2.7.LTS\lib\</path>
         <kind>archive</kind>
         <file>rtsv7M4_T_le_eabi.lib</file>
         <name>ull_div_t2.asm.obj</name>
      </input_file>
      <input_file id="fl-db">
         <path>C:\ti\ccs1250\ccs\tools\compiler\ti-cgt-arm_20.2.7.LTS\lib\</path>
         <kind>archive</kind>
         <file>rtsv7M4_T_le_eabi.lib</file>
         <name>copy_zero_init.c.obj</name>
      </input_file>
      <input_file id="fl-dc">
         <path>C:\ti\ccs1250\ccs\tools\compiler\ti-cgt-arm_20.2.7.LTS\lib\</path>
         <kind>archive</kind>
         <file>rtsv7M4_T_le_eabi.lib</file>
         <name>copy_decompress_none.c.obj</name>
      </input_file>
      <input_file id="fl-dd">
         <path>C:\ti\ccs1250\ccs\tools\compiler\ti-cgt-arm_20.2.7.LTS\lib\</path>
         <kind>archive</kind>
         <file>rtsv7M4_T_le_eabi.lib</file>
         <name>copy_decompress_lzss.c.obj</name>
      </input_file>
      <input_file id="fl-de">
         <path>C:\ti\ccs1250\ccs\tools\compiler\ti-cgt-arm_20.2.7.LTS\lib\</path>
         <kind>archive</kind>
         <file>rtsv7M4_T_le_eabi.lib</file>
         <name>memory.c.obj</name>
      </input_file>
      <input_file id="fl-df">
         <path>C:\ti\ccs1250\ccs\tools\compiler\ti-cgt-arm_20.2.7.LTS\lib\</path>
         <kind>archive</kind>
         <file>rtsv7M4_T_le_eabi.lib</file>
         <name>boot_cortex_m.c.obj</name>
      </input_file>
      <input_file id="fl-e0">
         <path>C:\ti\ccs1250\ccs\tools\compiler\ti-cgt-arm_20.2.7.LTS\lib\</path>
         <kind>archive</kind>
         <file>rtsv7M4_T_le_eabi.lib</file>
         <name>div0.asm.obj</name>
      </input_file>
      <input_file id="fl-e1">
         <path>C:\ti\ccs1250\ccs\tools\compiler\ti-cgt-arm_20.2.7.LTS\lib\</path>
         <kind>archive</kind>
         <file>rtsv7M4_T_le_eabi.lib</file>
         <name>memset_t2.asm.obj</name>
      </input_file>
      <input_file id="fl-e2">
         <path>C:\ti\ccs1250\ccs\tools\compiler\ti-cgt-arm_20.2.7.LTS\lib\</path>
         <kind>archive</kind>
         <file>rtsv7M4_T_le_eabi.lib</file>
         <name>autoinit.c.obj</name>
      </input_file>
      <input_file id="fl-e3">
         <path>C:\ti\ccs1250\ccs\tools\compiler\ti-cgt-arm_20.2.7.LTS\lib\</path>
         <kind>archive</kind>
         <file>rtsv7M4_T_le_eabi.lib</file>
         <name>pre_init.c.obj</name>
      </input_file>
      <input_file id="fl-e4">
         <path>C:\ti\ccs1250\ccs\tools\compiler\ti-cgt-arm_20.2.7.LTS\lib\</path>
         <kind>archive</kind>
         <file>rtsv7M4_T_le_eabi.lib</file>
         <name>cpy_tbl.c.obj</name>
      </input_file>
      <input_file id="fl-e5">
         <path>C:\ti\ccs1250\ccs\tools\compiler\ti-cgt-arm_20.2.7.LTS\lib\</path>
         <kind>archive</kind>
         <file>rtsv7M4_T_le_eabi.lib</file>
         <name>exit.c.obj</name>
      </input_file>
      <input_file id="fl-e6">
         <path>C:\ti\ccs1250\ccs\tools\compiler\ti-cgt-arm_20.2.7.LTS\lib\</path>
         <kind>archive</kind>
         <file>rtsv7M4_T_le_eabi.lib</file>
         <name>_lock.c.obj</name>
      </input_file>
      <input_file id="fl-e7">
         <path>C:\ti\ccs1250\ccs\tools\compiler\ti-cgt-arm_20.2.7.LTS\lib\</path>
         <kind>archive</kind>
         <file>rtsv7M4_T_le_eabi.lib</file>
         <name>args_main.c.obj</name>
      </input_file>
   </input_file_list>
   <object_component_list>
      <object_component id="oc-1c0">
         <name>.text:PRCMCC3200MCUInit</name>
         <load_address>0x2000c040</load_address>
         <run_address>0x2000c040</run_address>
         <size>0x42c</size>
         <input_file_ref idref="fl-1f"/>
      </object_component>
      <object_component id="oc-1f2">
         <name>.text:MC_SMTick</name>
         <load_address>0x2000c46c</load_address>
         <run_address>0x2000c46c</run_address>
         <size>0x250</size>
         <input_file_ref idref="fl-2"/>
      </object_component>
      <object_component id="oc-1da">
         <name>.text:GPIO_setConfig</name>
         <load_address>0x2000c6bc</load_address>
         <run_address>0x2000c6bc</run_address>
         <size>0x1e4</size>
         <input_file_ref idref="fl-f"/>
      </object_component>
      <object_component id="oc-377">
         <name>.text:PowerCC32XX_sleepPolicy</name>
         <load_address>0x2000c8a0</load_address>
         <run_address>0x2000c8a0</run_address>
         <size>0x19c</size>
         <input_file_ref idref="fl-18"/>
      </object_component>
      <object_component id="oc-523">
         <name>.text:parkPins</name>
         <load_address>0x2000ca3c</load_address>
         <run_address>0x2000ca3c</run_address>
         <size>0x148</size>
         <input_file_ref idref="fl-10"/>
      </object_component>
      <object_component id="oc-47d">
         <name>.text:Power_sleep</name>
         <load_address>0x2000cb84</load_address>
         <run_address>0x2000cb84</run_address>
         <size>0x138</size>
         <input_file_ref idref="fl-10"/>
      </object_component>
      <object_component id="oc-594">
         <name>.text:TimerCC32XX_open</name>
         <load_address>0x2000ccbc</load_address>
         <run_address>0x2000ccbc</run_address>
         <size>0x128</size>
         <input_file_ref idref="fl-12"/>
      </object_component>
      <object_component id="oc-4dc">
         <name>.text:aligned_alloc</name>
         <load_address>0x2000cde4</load_address>
         <run_address>0x2000cde4</run_address>
         <size>0x100</size>
         <input_file_ref idref="fl-de"/>
      </object_component>
      <object_component id="oc-393">
         <name>.text:free</name>
         <load_address>0x2000cee4</load_address>
         <run_address>0x2000cee4</run_address>
         <size>0xe4</size>
         <input_file_ref idref="fl-de"/>
      </object_component>
      <object_component id="oc-1d4">
         <name>.text:GPIO_init</name>
         <load_address>0x2000cfc8</load_address>
         <run_address>0x2000cfc8</run_address>
         <size>0xc4</size>
         <input_file_ref idref="fl-f"/>
      </object_component>
      <object_component id="oc-540">
         <name>.text:restoreParkedPins</name>
         <load_address>0x2000d08c</load_address>
         <run_address>0x2000d08c</run_address>
         <size>0xc0</size>
         <input_file_ref idref="fl-10"/>
      </object_component>
      <object_component id="oc-b5">
         <name>.text:IntEnable</name>
         <load_address>0x2000d14c</load_address>
         <run_address>0x2000d14c</run_address>
         <size>0xa8</size>
         <input_file_ref idref="fl-1d"/>
      </object_component>
      <object_component id="oc-283">
         <name>.text:PowerCC32XX_configureWakeup</name>
         <load_address>0x2000d1f4</load_address>
         <run_address>0x2000d1f4</run_address>
         <size>0xa8</size>
         <input_file_ref idref="fl-10"/>
      </object_component>
      <object_component id="oc-2a9">
         <name>.text:SemaphoreP_pend</name>
         <load_address>0x2000d29c</load_address>
         <run_address>0x2000d29c</run_address>
         <size>0xa0</size>
         <input_file_ref idref="fl-15"/>
      </object_component>
      <object_component id="oc-3b">
         <name>.text</name>
         <load_address>0x2000d33c</load_address>
         <run_address>0x2000d33c</run_address>
         <size>0x9c</size>
         <input_file_ref idref="fl-d9"/>
      </object_component>
      <object_component id="oc-2c5">
         <name>.text:powerNotifyFxn</name>
         <load_address>0x2000d3d8</load_address>
         <run_address>0x2000d3d8</run_address>
         <size>0x98</size>
         <input_file_ref idref="fl-f"/>
      </object_component>
      <object_component id="oc-478">
         <name>.text</name>
         <load_address>0x2000d470</load_address>
         <run_address>0x2000d470</run_address>
         <size>0x96</size>
         <input_file_ref idref="fl-da"/>
      </object_component>
      <object_component id="oc-1cc">
         <name>.text:Board_initHook</name>
         <load_address>0x2000d506</load_address>
         <run_address>0x2000d506</run_address>
         <size>0x2</size>
         <input_file_ref idref="fl-3"/>
      </object_component>
      <object_component id="oc-534">
         <name>.text:restoreNVICRegs</name>
         <load_address>0x2000d508</load_address>
         <run_address>0x2000d508</run_address>
         <size>0x90</size>
         <input_file_ref idref="fl-10"/>
      </object_component>
      <object_component id="oc-3f4">
         <name>.text:HwiP_construct</name>
         <load_address>0x2000d598</load_address>
         <run_address>0x2000d598</run_address>
         <size>0x8c</size>
         <input_file_ref idref="fl-17"/>
      </object_component>
      <object_component id="oc-5fc">
         <name>.text:IntPendSet</name>
         <load_address>0x2000d624</load_address>
         <run_address>0x2000d624</run_address>
         <size>0x88</size>
         <input_file_ref idref="fl-1d"/>
      </object_component>
      <object_component id="oc-2cf">
         <name>.text:PinConfigSet</name>
         <load_address>0x2000d6ac</load_address>
         <run_address>0x2000d6ac</run_address>
         <size>0x88</size>
         <input_file_ref idref="fl-1e"/>
      </object_component>
      <object_component id="oc-59a">
         <name>.text:TimerCC32XX_setPeriod</name>
         <load_address>0x2000d734</load_address>
         <run_address>0x2000d734</run_address>
         <size>0x88</size>
         <input_file_ref idref="fl-12"/>
      </object_component>
      <object_component id="oc-1c6">
         <name>.text:Power_init</name>
         <load_address>0x2000d7bc</load_address>
         <run_address>0x2000d7bc</run_address>
         <size>0x84</size>
         <input_file_ref idref="fl-10"/>
      </object_component>
      <object_component id="oc-529">
         <name>.text:saveNVICRegs</name>
         <load_address>0x2000d840</load_address>
         <run_address>0x2000d840</run_address>
         <size>0x84</size>
         <input_file_ref idref="fl-10"/>
      </object_component>
      <object_component id="oc-2d5">
         <name>.text:Power_setDependency</name>
         <load_address>0x2000d8c4</load_address>
         <run_address>0x2000d8c4</run_address>
         <size>0x80</size>
         <input_file_ref idref="fl-10"/>
      </object_component>
      <object_component id="oc-2f9">
         <name>.text:GPIO_hwiIntFxn</name>
         <load_address>0x2000d944</load_address>
         <run_address>0x2000d944</run_address>
         <size>0x78</size>
         <input_file_ref idref="fl-f"/>
      </object_component>
      <object_component id="oc-5a0">
         <name>.text:TimerCC32XX_start</name>
         <load_address>0x2000d9bc</load_address>
         <run_address>0x2000d9bc</run_address>
         <size>0x78</size>
         <input_file_ref idref="fl-12"/>
      </object_component>
      <object_component id="oc-15f">
         <name>.text:mainThread</name>
         <load_address>0x2000da34</load_address>
         <run_address>0x2000da34</run_address>
         <size>0x78</size>
         <input_file_ref idref="fl-2"/>
      </object_component>
      <object_component id="oc-570">
         <name>.text:split</name>
         <load_address>0x2000daac</load_address>
         <run_address>0x2000daac</run_address>
         <size>0x70</size>
         <input_file_ref idref="fl-de"/>
      </object_component>
      <object_component id="oc-14">
         <name>.text:decompress:lzss:__TI_decompress_lzss</name>
         <load_address>0x2000db1c</load_address>
         <run_address>0x2000db1c</run_address>
         <size>0x68</size>
         <input_file_ref idref="fl-dd"/>
      </object_component>
      <object_component id="oc-30a">
         <name>.text:GPIO_toggle</name>
         <load_address>0x2000db84</load_address>
         <run_address>0x2000db84</run_address>
         <size>0x64</size>
         <input_file_ref idref="fl-f"/>
      </object_component>
      <object_component id="oc-3e2">
         <name>.text:PowerCC32XX_setParkState</name>
         <load_address>0x2000dbe8</load_address>
         <run_address>0x2000dbe8</run_address>
         <size>0x64</size>
         <input_file_ref idref="fl-10"/>
      </object_component>
      <object_component id="oc-251">
         <name>.text:PRCMSysResetCauseGet</name>
         <load_address>0x2000dc4c</load_address>
         <run_address>0x2000dc4c</run_address>
         <size>0x60</size>
         <input_file_ref idref="fl-1f"/>
      </object_component>
      <object_component id="oc-1e6">
         <name>.text:GPIO_setCallback</name>
         <load_address>0x2000dcac</load_address>
         <run_address>0x2000dcac</run_address>
         <size>0x5c</size>
         <input_file_ref idref="fl-f"/>
      </object_component>
      <object_component id="oc-5bc">
         <name>.text:sysTickInit</name>
         <load_address>0x2000dd08</load_address>
         <run_address>0x2000dd08</run_address>
         <size>0x5c</size>
         <input_file_ref idref="fl-16"/>
      </object_component>
      <object_component id="oc-1e0">
         <name>.text:GPIO_write</name>
         <load_address>0x2000dd64</load_address>
         <run_address>0x2000dd64</run_address>
         <size>0x58</size>
         <input_file_ref idref="fl-f"/>
      </object_component>
      <object_component id="oc-26a">
         <name>.text:PRCMPeripheralReset</name>
         <load_address>0x2000ddbc</load_address>
         <run_address>0x2000ddbc</run_address>
         <size>0x58</size>
         <input_file_ref idref="fl-1f"/>
      </object_component>
      <object_component id="oc-69f">
         <name>.text:Power_releaseDependency</name>
         <load_address>0x2000de14</load_address>
         <run_address>0x2000de14</run_address>
         <size>0x58</size>
         <input_file_ref idref="fl-10"/>
      </object_component>
      <object_component id="oc-5a6">
         <name>.text:TimerCC32XX_stop</name>
         <load_address>0x2000de6c</load_address>
         <run_address>0x2000de6c</run_address>
         <size>0x56</size>
         <input_file_ref idref="fl-12"/>
      </object_component>
      <object_component id="oc-5d9">
         <name>.text:PowerCC32XX_resumeLPDS</name>
         <load_address>0x2000dec2</load_address>
         <run_address>0x2000dec2</run_address>
         <size>0x52</size>
         <input_file_ref idref="fl-11"/>
      </object_component>
      <object_component id="oc-636">
         <name>.text:initHw</name>
         <load_address>0x2000df14</load_address>
         <run_address>0x2000df14</run_address>
         <size>0x52</size>
         <input_file_ref idref="fl-12"/>
      </object_component>
      <object_component id="oc-371">
         <name>.text:PowerCC32XX_initPolicy</name>
         <load_address>0x2000df66</load_address>
         <run_address>0x2000df66</run_address>
         <size>0x2</size>
         <input_file_ref idref="fl-18"/>
      </object_component>
      <object_component id="oc-79">
         <name>.text:ClockP_sysTickHandler</name>
         <load_address>0x2000df68</load_address>
         <run_address>0x2000df68</run_address>
         <size>0x50</size>
         <input_file_ref idref="fl-16"/>
      </object_component>
      <object_component id="oc-49e">
         <name>.text:SemaphoreP_construct</name>
         <load_address>0x2000dfb8</load_address>
         <run_address>0x2000dfb8</run_address>
         <size>0x50</size>
         <input_file_ref idref="fl-15"/>
      </object_component>
      <object_component id="oc-62a">
         <name>.text:TimerCC32XX_allocateTimerResource</name>
         <load_address>0x2000e008</load_address>
         <run_address>0x2000e008</run_address>
         <size>0x50</size>
         <input_file_ref idref="fl-12"/>
      </object_component>
      <object_component id="oc-1f8">
         <name>.text:initTimer</name>
         <load_address>0x2000e058</load_address>
         <run_address>0x2000e058</run_address>
         <size>0x50</size>
         <input_file_ref idref="fl-2"/>
      </object_component>
      <object_component id="oc-1ec">
         <name>.text:GPIO_enableInt</name>
         <load_address>0x2000e0a8</load_address>
         <run_address>0x2000e0a8</run_address>
         <size>0x4c</size>
         <input_file_ref idref="fl-f"/>
      </object_component>
      <object_component id="oc-5d0">
         <name>.text:PowerCC32XX_parkPin</name>
         <load_address>0x2000e0f4</load_address>
         <run_address>0x2000e0f4</run_address>
         <size>0x4c</size>
         <input_file_ref idref="fl-10"/>
      </object_component>
      <object_component id="oc-53a">
         <name>.text:restorePeriphClocks</name>
         <load_address>0x2000e140</load_address>
         <run_address>0x2000e140</run_address>
         <size>0x4c</size>
         <input_file_ref idref="fl-10"/>
      </object_component>
      <object_component id="oc-5f4">
         <name>.text:FlashDisable</name>
         <load_address>0x2000e18c</load_address>
         <run_address>0x2000e18c</run_address>
         <size>0x48</size>
         <input_file_ref idref="fl-22"/>
      </object_component>
      <object_component id="oc-546">
         <name>.text:PRCMLPDSEnter</name>
         <load_address>0x2000e1d4</load_address>
         <run_address>0x2000e1d4</run_address>
         <size>0x48</size>
         <input_file_ref idref="fl-1f"/>
      </object_component>
      <object_component id="oc-264">
         <name>.text:PRCMPeripheralClkEnable</name>
         <load_address>0x2000e21c</load_address>
         <run_address>0x2000e21c</run_address>
         <size>0x48</size>
         <input_file_ref idref="fl-1f"/>
      </object_component>
      <object_component id="oc-675">
         <name>.text:Power_releaseConstraint</name>
         <load_address>0x2000e264</load_address>
         <run_address>0x2000e264</run_address>
         <size>0x48</size>
         <input_file_ref idref="fl-10"/>
      </object_component>
      <object_component id="oc-630">
         <name>.text:getPrescaler</name>
         <load_address>0x2000e2ac</load_address>
         <run_address>0x2000e2ac</run_address>
         <size>0x46</size>
         <input_file_ref idref="fl-12"/>
      </object_component>
      <object_component id="oc-58e">
         <name>.text:TimerCC32XX_init</name>
         <load_address>0x2000e2f2</load_address>
         <run_address>0x2000e2f2</run_address>
         <size>0x2</size>
         <input_file_ref idref="fl-12"/>
      </object_component>
      <object_component id="oc-4c6">
         <name>.text:ClockP_stop</name>
         <load_address>0x2000e2f4</load_address>
         <run_address>0x2000e2f4</run_address>
         <size>0x44</size>
         <input_file_ref idref="fl-16"/>
      </object_component>
      <object_component id="oc-5de">
         <name>.text:PRCMLPDSRestoreInfoSet</name>
         <load_address>0x2000e338</load_address>
         <run_address>0x2000e338</run_address>
         <size>0x44</size>
         <input_file_ref idref="fl-1f"/>
      </object_component>
      <object_component id="oc-52f">
         <name>.text:PowerCC32XX_enterLPDS</name>
         <load_address>0x2000e37c</load_address>
         <run_address>0x2000e37c</run_address>
         <size>0x44</size>
         <input_file_ref idref="fl-11"/>
      </object_component>
      <object_component id="oc-2b5">
         <name>.text:SemaphoreP_post</name>
         <load_address>0x2000e3c0</load_address>
         <run_address>0x2000e3c0</run_address>
         <size>0x44</size>
         <input_file_ref idref="fl-15"/>
      </object_component>
      <object_component id="oc-48e">
         <name>.text:SwiP_restore</name>
         <load_address>0x2000e404</load_address>
         <run_address>0x2000e404</run_address>
         <size>0x44</size>
         <input_file_ref idref="fl-1a"/>
      </object_component>
      <object_component id="oc-31b">
         <name>.text:Timer_init</name>
         <load_address>0x2000e448</load_address>
         <run_address>0x2000e448</run_address>
         <size>0x44</size>
         <input_file_ref idref="fl-e"/>
      </object_component>
      <object_component id="oc-172">
         <name>.text:__TI_auto_init_nobinit_nopinit:__TI_auto_init_nobinit_nopinit</name>
         <load_address>0x2000e48c</load_address>
         <run_address>0x2000e48c</run_address>
         <size>0x44</size>
         <input_file_ref idref="fl-e2"/>
      </object_component>
      <object_component id="oc-27c">
         <name>.text:PinModeSet</name>
         <load_address>0x2000e4d0</load_address>
         <run_address>0x2000e4d0</run_address>
         <size>0x40</size>
         <input_file_ref idref="fl-1e"/>
      </object_component>
      <object_component id="oc-327">
         <name>.text:Timer_open</name>
         <load_address>0x2000e510</load_address>
         <run_address>0x2000e510</run_address>
         <size>0x40</size>
         <input_file_ref idref="fl-e"/>
      </object_component>
      <object_component id="oc-3b2">
         <name>.text:ClockP_destruct</name>
         <load_address>0x2000e550</load_address>
         <run_address>0x2000e550</run_address>
         <size>0x3c</size>
         <input_file_ref idref="fl-16"/>
      </object_component>
      <object_component id="oc-65c">
         <name>.text:Power_setConstraint</name>
         <load_address>0x2000e58c</load_address>
         <run_address>0x2000e58c</run_address>
         <size>0x3c</size>
         <input_file_ref idref="fl-10"/>
      </object_component>
      <object_component id="oc-57c">
         <name>.text:TimerCC32XX_close</name>
         <load_address>0x2000e5c8</load_address>
         <run_address>0x2000e5c8</run_address>
         <size>0x3a</size>
         <input_file_ref idref="fl-12"/>
      </object_component>
      <object_component id="oc-472">
         <name>.text:getCountsRTC</name>
         <load_address>0x2000e602</load_address>
         <run_address>0x2000e602</run_address>
         <size>0x3a</size>
         <input_file_ref idref="fl-18"/>
      </object_component>
      <object_component id="oc-54c">
         <name>.text:PRCMLPDSEnterKeepDebugIf</name>
         <load_address>0x2000e63c</load_address>
         <run_address>0x2000e63c</run_address>
         <size>0x38</size>
         <input_file_ref idref="fl-1f"/>
      </object_component>
      <object_component id="oc-642">
         <name>.text:TimerCC32XX_hwiIntFunction</name>
         <load_address>0x2000e674</load_address>
         <run_address>0x2000e674</run_address>
         <size>0x38</size>
         <input_file_ref idref="fl-12"/>
      </object_component>
      <object_component id="oc-db">
         <name>.text:addToList</name>
         <load_address>0x2000e6ac</load_address>
         <run_address>0x2000e6ac</run_address>
         <size>0x38</size>
         <input_file_ref idref="fl-16"/>
      </object_component>
      <object_component id="oc-59">
         <name>.text:initVectors</name>
         <load_address>0x2000e6e4</load_address>
         <run_address>0x2000e6e4</run_address>
         <size>0x38</size>
         <input_file_ref idref="fl-19"/>
      </object_component>
      <object_component id="oc-51d">
         <name>.text:notify</name>
         <load_address>0x2000e71c</load_address>
         <run_address>0x2000e71c</run_address>
         <size>0x38</size>
         <input_file_ref idref="fl-10"/>
      </object_component>
      <object_component id="oc-6ab">
         <name>.text:TimerControlStall</name>
         <load_address>0x2000e754</load_address>
         <run_address>0x2000e754</run_address>
         <size>0x36</size>
         <input_file_ref idref="fl-20"/>
      </object_component>
      <object_component id="oc-33e">
         <name>.text:_nop</name>
         <load_address>0x2000e78a</load_address>
         <run_address>0x2000e78a</run_address>
         <size>0x2</size>
         <input_file_ref idref="fl-e6"/>
      </object_component>
      <object_component id="oc-460">
         <name>.text:ClockP_getTicksUntilInterrupt</name>
         <load_address>0x2000e78c</load_address>
         <run_address>0x2000e78c</run_address>
         <size>0x34</size>
         <input_file_ref idref="fl-16"/>
      </object_component>
      <object_component id="oc-50e">
         <name>.text:ClockP_startup</name>
         <load_address>0x2000e7c0</load_address>
         <run_address>0x2000e7c0</run_address>
         <size>0x34</size>
         <input_file_ref idref="fl-16"/>
      </object_component>
      <object_component id="oc-276">
         <name>.text:PinModeGet</name>
         <load_address>0x2000e7f4</load_address>
         <run_address>0x2000e7f4</run_address>
         <size>0x34</size>
         <input_file_ref idref="fl-1e"/>
      </object_component>
      <object_component id="oc-620">
         <name>.text:TimerCC32XX_freeTimerResource</name>
         <load_address>0x2000e828</load_address>
         <run_address>0x2000e828</run_address>
         <size>0x34</size>
         <input_file_ref idref="fl-12"/>
      </object_component>
      <object_component id="oc-699">
         <name>.text:getPowerMgrId</name>
         <load_address>0x2000e85c</load_address>
         <run_address>0x2000e85c</run_address>
         <size>0x34</size>
         <input_file_ref idref="fl-12"/>
      </object_component>
      <object_component id="oc-3a0">
         <name>.text:ClockP_start</name>
         <load_address>0x2000e890</load_address>
         <run_address>0x2000e890</run_address>
         <size>0x30</size>
         <input_file_ref idref="fl-16"/>
      </object_component>
      <object_component id="oc-5ed">
         <name>.text:PowerCC32XX_restoreParkedPin</name>
         <load_address>0x2000e8c0</load_address>
         <run_address>0x2000e8c0</run_address>
         <size>0x30</size>
         <input_file_ref idref="fl-10"/>
      </object_component>
      <object_component id="oc-2e1">
         <name>.text:HwiP_create</name>
         <load_address>0x2000e8f0</load_address>
         <run_address>0x2000e8f0</run_address>
         <size>0x2a</size>
         <input_file_ref idref="fl-17"/>
      </object_component>
      <object_component id="oc-64f">
         <name>.text:TimerLoadSet</name>
         <load_address>0x2000e91a</load_address>
         <run_address>0x2000e91a</run_address>
         <size>0x2a</size>
         <input_file_ref idref="fl-20"/>
      </object_component>
      <object_component id="oc-649">
         <name>.text:TimerPrescaleSet</name>
         <load_address>0x2000e944</load_address>
         <run_address>0x2000e944</run_address>
         <size>0x2a</size>
         <input_file_ref idref="fl-20"/>
      </object_component>
      <object_component id="oc-73">
         <name>.text:busFaultHandler</name>
         <load_address>0x2000e96e</load_address>
         <run_address>0x2000e96e</run_address>
         <size>0x2</size>
         <input_file_ref idref="fl-19"/>
      </object_component>
      <object_component id="oc-270">
         <name>.text:PRCMPeripheralClkDisable</name>
         <load_address>0x2000e970</load_address>
         <run_address>0x2000e970</run_address>
         <size>0x28</size>
         <input_file_ref idref="fl-1f"/>
      </object_component>
      <object_component id="oc-2af">
         <name>.text:Power_registerNotify</name>
         <load_address>0x2000e998</load_address>
         <run_address>0x2000e998</run_address>
         <size>0x28</size>
         <input_file_ref idref="fl-10"/>
      </object_component>
      <object_component id="oc-4be">
         <name>.text:free_list_insert</name>
         <load_address>0x2000e9c0</load_address>
         <run_address>0x2000e9c0</run_address>
         <size>0x28</size>
         <input_file_ref idref="fl-de"/>
      </object_component>
      <object_component id="oc-3c2">
         <name>.text:List_put</name>
         <load_address>0x2000e9e8</load_address>
         <run_address>0x2000e9e8</run_address>
         <size>0x26</size>
         <input_file_ref idref="fl-13"/>
      </object_component>
      <object_component id="oc-68a">
         <name>.text:List_remove</name>
         <load_address>0x2000ea0e</load_address>
         <run_address>0x2000ea0e</run_address>
         <size>0x26</size>
         <input_file_ref idref="fl-13"/>
      </object_component>
      <object_component id="oc-4e6">
         <name>.text:HwiP_dispatch</name>
         <load_address>0x2000ea34</load_address>
         <run_address>0x2000ea34</run_address>
         <size>0x24</size>
         <input_file_ref idref="fl-17"/>
      </object_component>
      <object_component id="oc-c5">
         <name>.text:_c_int00_noargs:_c_int00_noargs</name>
         <load_address>0x2000ea58</load_address>
         <run_address>0x2000ea58</run_address>
         <size>0x24</size>
         <input_file_ref idref="fl-df"/>
      </object_component>
      <object_component id="oc-1fe">
         <name>.text:gpioButtonFxn0</name>
         <load_address>0x2000ea7c</load_address>
         <run_address>0x2000ea7c</run_address>
         <size>0x24</size>
         <input_file_ref idref="fl-2"/>
      </object_component>
      <object_component id="oc-204">
         <name>.text:gpioButtonFxn1</name>
         <load_address>0x2000eaa0</load_address>
         <run_address>0x2000eaa0</run_address>
         <size>0x24</size>
         <input_file_ref idref="fl-2"/>
      </object_component>
      <object_component id="oc-692">
         <name>.text:HwiP_destruct</name>
         <load_address>0x2000eac4</load_address>
         <run_address>0x2000eac4</run_address>
         <size>0x20</size>
         <input_file_ref idref="fl-17"/>
      </object_component>
      <object_component id="oc-60e">
         <name>.text:Power_unregisterNotify</name>
         <load_address>0x2000eae4</load_address>
         <run_address>0x2000eae4</run_address>
         <size>0x20</size>
         <input_file_ref idref="fl-10"/>
      </object_component>
      <object_component id="oc-669">
         <name>.text:TimerDisable</name>
         <load_address>0x2000eb04</load_address>
         <run_address>0x2000eb04</run_address>
         <size>0x1e</size>
         <input_file_ref idref="fl-20"/>
      </object_component>
      <object_component id="oc-662">
         <name>.text:TimerEnable</name>
         <load_address>0x2000eb22</load_address>
         <run_address>0x2000eb22</run_address>
         <size>0x1e</size>
         <input_file_ref idref="fl-20"/>
      </object_component>
      <object_component id="oc-5ca">
         <name>.text:PinToPadGet</name>
         <load_address>0x2000eb40</load_address>
         <run_address>0x2000eb40</run_address>
         <size>0x1c</size>
         <input_file_ref idref="fl-1e"/>
      </object_component>
      <object_component id="oc-454">
         <name>.text:SwiP_disable</name>
         <load_address>0x2000eb5c</load_address>
         <run_address>0x2000eb5c</run_address>
         <size>0x1c</size>
         <input_file_ref idref="fl-1a"/>
      </object_component>
      <object_component id="oc-47">
         <name>.text:decompress:ZI:__TI_zero_init_nomemset:__TI_zero_init_nomemset</name>
         <load_address>0x2000eb78</load_address>
         <run_address>0x2000eb78</run_address>
         <size>0x1c</size>
         <input_file_ref idref="fl-db"/>
      </object_component>
      <object_component id="oc-4b8">
         <name>.text:free_list_remove</name>
         <load_address>0x2000eb94</load_address>
         <run_address>0x2000eb94</run_address>
         <size>0x1c</size>
         <input_file_ref idref="fl-de"/>
      </object_component>
      <object_component id="oc-291">
         <name>.text:SemaphoreP_createBinary</name>
         <load_address>0x2000ebb0</load_address>
         <run_address>0x2000ebb0</run_address>
         <size>0x1a</size>
         <input_file_ref idref="fl-15"/>
      </object_component>
      <object_component id="oc-3b8">
         <name>.text:clkFxn</name>
         <load_address>0x2000ebca</load_address>
         <run_address>0x2000ebca</run_address>
         <size>0x2</size>
         <input_file_ref idref="fl-15"/>
      </object_component>
      <object_component id="oc-21">
         <name>.text:resetISR</name>
         <load_address>0x2000ebcc</load_address>
         <run_address>0x2000ebcc</run_address>
         <size>0x1a</size>
         <input_file_ref idref="fl-19"/>
      </object_component>
      <object_component id="oc-6d">
         <name>.text:defaultHandler</name>
         <load_address>0x2000ebe6</load_address>
         <run_address>0x2000ebe6</run_address>
         <size>0x2</size>
         <input_file_ref idref="fl-19"/>
      </object_component>
      <object_component id="oc-466">
         <name>.text:Power_getTransitionLatency</name>
         <load_address>0x2000ebe8</load_address>
         <run_address>0x2000ebe8</run_address>
         <size>0x18</size>
         <input_file_ref idref="fl-10"/>
      </object_component>
      <object_component id="oc-55f">
         <name>.text:Power_idleFunc</name>
         <load_address>0x2000ec00</load_address>
         <run_address>0x2000ec00</run_address>
         <size>0x18</size>
         <input_file_ref idref="fl-10"/>
      </object_component>
      <object_component id="oc-588">
         <name>.text:TimerCC32XX_getCount</name>
         <load_address>0x2000ec18</load_address>
         <run_address>0x2000ec18</run_address>
         <size>0x18</size>
         <input_file_ref idref="fl-12"/>
      </object_component>
      <object_component id="oc-66f">
         <name>.text:TimerIntDisable</name>
         <load_address>0x2000ec30</load_address>
         <run_address>0x2000ec30</run_address>
         <size>0x18</size>
         <input_file_ref idref="fl-20"/>
      </object_component>
      <object_component id="oc-656">
         <name>.text:TimerIntEnable</name>
         <load_address>0x2000ec48</load_address>
         <run_address>0x2000ec48</run_address>
         <size>0x18</size>
         <input_file_ref idref="fl-20"/>
      </object_component>
      <object_component id="oc-483">
         <name>.text</name>
         <load_address>0x2000ec60</load_address>
         <run_address>0x2000ec60</run_address>
         <size>0x18</size>
         <input_file_ref idref="fl-d8"/>
      </object_component>
      <object_component id="oc-25e">
         <name>.text:PRCMHIBRegRead</name>
         <load_address>0x2000ec78</load_address>
         <run_address>0x2000ec78</run_address>
         <size>0x16</size>
         <input_file_ref idref="fl-1f"/>
      </object_component>
      <object_component id="oc-258">
         <name>.text:PRCMHIBRegWrite</name>
         <load_address>0x2000ec8e</load_address>
         <run_address>0x2000ec8e</run_address>
         <size>0x16</size>
         <input_file_ref idref="fl-1f"/>
      </object_component>
      <object_component id="oc-388">
         <name>.text:SemaphoreP_create</name>
         <load_address>0x2000eca4</load_address>
         <run_address>0x2000eca4</run_address>
         <size>0x16</size>
         <input_file_ref idref="fl-15"/>
      </object_component>
      <object_component id="oc-a3">
         <name>.text:CPUcpsid</name>
         <load_address>0x2000ecba</load_address>
         <run_address>0x2000ecba</run_address>
         <size>0x14</size>
         <input_file_ref idref="fl-1c"/>
      </object_component>
      <object_component id="oc-67">
         <name>.text:faultISR</name>
         <load_address>0x2000ecce</load_address>
         <run_address>0x2000ecce</run_address>
         <size>0x2</size>
         <input_file_ref idref="fl-19"/>
      </object_component>
      <object_component id="oc-3c9">
         <name>.text:HwiP_inISR</name>
         <load_address>0x2000ecd0</load_address>
         <run_address>0x2000ecd0</run_address>
         <size>0x14</size>
         <input_file_ref idref="fl-17"/>
      </object_component>
      <object_component id="oc-af">
         <name>.text:IntVTableBaseSet</name>
         <load_address>0x2000ece4</load_address>
         <run_address>0x2000ece4</run_address>
         <size>0x14</size>
         <input_file_ref idref="fl-1d"/>
      </object_component>
      <object_component id="oc-3cf">
         <name>.text:Power_disablePolicy</name>
         <load_address>0x2000ecf8</load_address>
         <run_address>0x2000ecf8</run_address>
         <size>0x14</size>
         <input_file_ref idref="fl-10"/>
      </object_component>
      <object_component id="oc-5e6">
         <name>.text:Power_getDependencyCount</name>
         <load_address>0x2000ed0c</load_address>
         <run_address>0x2000ed0c</run_address>
         <size>0x14</size>
         <input_file_ref idref="fl-10"/>
      </object_component>
      <object_component id="oc-2db">
         <name>.text:HwiP_Params_init</name>
         <load_address>0x2000ed20</load_address>
         <run_address>0x2000ed20</run_address>
         <size>0x12</size>
         <input_file_ref idref="fl-17"/>
      </object_component>
      <object_component id="oc-6b3">
         <name>.text:TimerIntClear</name>
         <load_address>0x2000ed32</load_address>
         <run_address>0x2000ed32</run_address>
         <size>0x12</size>
         <input_file_ref idref="fl-20"/>
      </object_component>
      <object_component id="oc-11a">
         <name>.text:main</name>
         <load_address>0x2000ed44</load_address>
         <run_address>0x2000ed44</run_address>
         <size>0x12</size>
         <input_file_ref idref="fl-4"/>
      </object_component>
      <object_component id="oc-153">
         <name>.text:Board_init</name>
         <load_address>0x2000ed56</load_address>
         <run_address>0x2000ed56</run_address>
         <size>0x10</size>
         <input_file_ref idref="fl-3"/>
      </object_component>
      <object_component id="oc-39a">
         <name>.text:ClockP_add</name>
         <load_address>0x2000ed66</load_address>
         <run_address>0x2000ed66</run_address>
         <size>0x10</size>
         <input_file_ref idref="fl-16"/>
      </object_component>
      <object_component id="oc-61">
         <name>.text:nmiISR</name>
         <load_address>0x2000ed76</load_address>
         <run_address>0x2000ed76</run_address>
         <size>0x2</size>
         <input_file_ref idref="fl-19"/>
      </object_component>
      <object_component id="oc-44e">
         <name>.text:ClockP_getCpuFreq</name>
         <load_address>0x2000ed78</load_address>
         <run_address>0x2000ed78</run_address>
         <size>0x10</size>
         <input_file_ref idref="fl-16"/>
      </object_component>
      <object_component id="oc-46c">
         <name>.text:ClockP_getSystemTicks</name>
         <load_address>0x2000ed88</load_address>
         <run_address>0x2000ed88</run_address>
         <size>0x10</size>
         <input_file_ref idref="fl-16"/>
      </object_component>
      <object_component id="oc-488">
         <name>.text:ClockP_setTicks</name>
         <load_address>0x2000ed98</load_address>
         <run_address>0x2000ed98</run_address>
         <size>0x10</size>
         <input_file_ref idref="fl-16"/>
      </object_component>
      <object_component id="oc-61a">
         <name>.text:HwiP_delete</name>
         <load_address>0x2000eda8</load_address>
         <run_address>0x2000eda8</run_address>
         <size>0x10</size>
         <input_file_ref idref="fl-17"/>
      </object_component>
      <object_component id="oc-29d">
         <name>.text:HwiP_restore</name>
         <load_address>0x2000edb8</load_address>
         <run_address>0x2000edb8</run_address>
         <size>0x10</size>
         <input_file_ref idref="fl-17"/>
      </object_component>
      <object_component id="oc-3a6">
         <name>.text:Power_enablePolicy</name>
         <load_address>0x2000edc8</load_address>
         <run_address>0x2000edc8</run_address>
         <size>0x10</size>
         <input_file_ref idref="fl-10"/>
      </object_component>
      <object_component id="oc-382">
         <name>.text:SemaphoreP_Params_init</name>
         <load_address>0x2000edd8</load_address>
         <run_address>0x2000edd8</run_address>
         <size>0x10</size>
         <input_file_ref idref="fl-15"/>
      </object_component>
      <object_component id="oc-321">
         <name>.text:Timer_Params_init</name>
         <load_address>0x2000ede8</load_address>
         <run_address>0x2000ede8</run_address>
         <size>0x10</size>
         <input_file_ref idref="fl-e"/>
      </object_component>
      <object_component id="oc-614">
         <name>.text:HwiP_clearInterrupt</name>
         <load_address>0x2000edf8</load_address>
         <run_address>0x2000edf8</run_address>
         <size>0xe</size>
         <input_file_ref idref="fl-17"/>
      </object_component>
      <object_component id="oc-297">
         <name>.text:HwiP_disable</name>
         <load_address>0x2000ee06</load_address>
         <run_address>0x2000ee06</run_address>
         <size>0xe</size>
         <input_file_ref idref="fl-17"/>
      </object_component>
      <object_component id="oc-159">
         <name>.text:HwiP_enable</name>
         <load_address>0x2000ee14</load_address>
         <run_address>0x2000ee14</run_address>
         <size>0xe</size>
         <input_file_ref idref="fl-17"/>
      </object_component>
      <object_component id="oc-1a">
         <name>.text:decompress:none:__TI_decompress_none</name>
         <load_address>0x2000ee22</load_address>
         <run_address>0x2000ee22</run_address>
         <size>0xe</size>
         <input_file_ref idref="fl-dc"/>
      </object_component>
      <object_component id="oc-45a">
         <name>.text:Power_getConstraintMask</name>
         <load_address>0x2000ee30</load_address>
         <run_address>0x2000ee30</run_address>
         <size>0xc</size>
         <input_file_ref idref="fl-10"/>
      </object_component>
      <object_component id="oc-63c">
         <name>.text:postNotifyFxn</name>
         <load_address>0x2000ee3c</load_address>
         <run_address>0x2000ee3c</run_address>
         <size>0xc</size>
         <input_file_ref idref="fl-12"/>
      </object_component>
      <object_component id="oc-333">
         <name>.text:timerCallback</name>
         <load_address>0x2000ee48</load_address>
         <run_address>0x2000ee48</run_address>
         <size>0xc</size>
         <input_file_ref idref="fl-2"/>
      </object_component>
      <object_component id="oc-3ac">
         <name>.text:ClockP_isActive</name>
         <load_address>0x2000ee54</load_address>
         <run_address>0x2000ee54</run_address>
         <size>0xa</size>
         <input_file_ref idref="fl-16"/>
      </object_component>
      <object_component id="oc-53">
         <name>.text:IntMasterDisable</name>
         <load_address>0x2000ee5e</load_address>
         <run_address>0x2000ee5e</run_address>
         <size>0xa</size>
         <input_file_ref idref="fl-1d"/>
      </object_component>
      <object_component id="oc-32d">
         <name>.text:Timer_start</name>
         <load_address>0x2000ee68</load_address>
         <run_address>0x2000ee68</run_address>
         <size>0xa</size>
         <input_file_ref idref="fl-e"/>
      </object_component>
      <object_component id="oc-3ee">
         <name>.text:malloc</name>
         <load_address>0x2000ee72</load_address>
         <run_address>0x2000ee72</run_address>
         <size>0x8</size>
         <input_file_ref idref="fl-de"/>
      </object_component>
      <object_component id="oc-582">
         <name>.text:TimerCC32XX_control</name>
         <load_address>0x2000ee7a</load_address>
         <run_address>0x2000ee7a</run_address>
         <size>0x6</size>
         <input_file_ref idref="fl-12"/>
      </object_component>
      <object_component id="oc-257">
         <name>.text:UtilsDelay</name>
         <load_address>0x2000ee80</load_address>
         <run_address>0x2000ee80</run_address>
         <size>0x6</size>
         <input_file_ref idref="fl-21"/>
      </object_component>
      <object_component id="oc-555">
         <name>.text:HwiP_post</name>
         <load_address>0x2000ee86</load_address>
         <run_address>0x2000ee86</run_address>
         <size>0x4</size>
         <input_file_ref idref="fl-17"/>
      </object_component>
      <object_component id="oc-2a3">
         <name>.text:SemaphoreP_delete</name>
         <load_address>0x2000ee8a</load_address>
         <run_address>0x2000ee8a</run_address>
         <size>0x4</size>
         <input_file_ref idref="fl-15"/>
      </object_component>
      <object_component id="oc-114">
         <name>.text:_system_pre_init</name>
         <load_address>0x2000ee8e</load_address>
         <run_address>0x2000ee8e</run_address>
         <size>0x4</size>
         <input_file_ref idref="fl-e3"/>
      </object_component>
      <object_component id="oc-166">
         <name>.text:abort:abort</name>
         <load_address>0x2000ee92</load_address>
         <run_address>0x2000ee92</run_address>
         <size>0x4</size>
         <input_file_ref idref="fl-e5"/>
      </object_component>
      <object_component id="oc-517">
         <name>.text</name>
         <load_address>0x2000ee96</load_address>
         <run_address>0x2000ee96</run_address>
         <size>0x2</size>
         <input_file_ref idref="fl-e0"/>
      </object_component>
      <object_component id="oc-367">
         <name>.const:g_ulPinToPadMap</name>
         <load_address>0x2000f550</load_address>
         <run_address>0x2000f550</run_address>
         <size>0x100</size>
         <input_file_ref idref="fl-1e"/>
      </object_component>
      <object_component id="oc-360">
         <name>.const:PRCM_PeriphRegsList</name>
         <load_address>0x2000f650</load_address>
         <run_address>0x2000f650</run_address>
         <size>0xa8</size>
         <input_file_ref idref="fl-1f"/>
      </object_component>
      <object_component id="oc-28c">
         <name>.const:PowerCC32XX_config</name>
         <load_address>0x2000f6f8</load_address>
         <run_address>0x2000f6f8</run_address>
         <size>0x44</size>
         <input_file_ref idref="fl-3"/>
      </object_component>
      <object_component id="oc-2e7">
         <name>.const:.string:pinTable</name>
         <load_address>0x2000f73c</load_address>
         <run_address>0x2000f73c</run_address>
         <size>0x21</size>
         <input_file_ref idref="fl-f"/>
      </object_component>
      <object_component id="oc-4f4">
         <name>.const:TimerCC32XX_fxnTable</name>
         <load_address>0x2000f760</load_address>
         <run_address>0x2000f760</run_address>
         <size>0x20</size>
         <input_file_ref idref="fl-12"/>
      </object_component>
      <object_component id="oc-10e">
         <name>.const:g_pulEnRegs</name>
         <load_address>0x2000f780</load_address>
         <run_address>0x2000f780</run_address>
         <size>0x18</size>
         <input_file_ref idref="fl-1d"/>
      </object_component>
      <object_component id="oc-686">
         <name>.const:g_pulPendRegs</name>
         <load_address>0x2000f798</load_address>
         <run_address>0x2000f798</run_address>
         <size>0x18</size>
         <input_file_ref idref="fl-1d"/>
      </object_component>
      <object_component id="oc-2bf">
         <name>.const:GPIOCC32XX_config</name>
         <load_address>0x2000f7b0</load_address>
         <run_address>0x2000f7b0</run_address>
         <size>0x14</size>
         <input_file_ref idref="fl-3"/>
      </object_component>
      <object_component id="oc-302">
         <name>.const:gpioBaseAddresses</name>
         <load_address>0x2000f7c4</load_address>
         <run_address>0x2000f7c4</run_address>
         <size>0x14</size>
         <input_file_ref idref="fl-f"/>
      </object_component>
      <object_component id="oc-2ea">
         <name>.const:powerResources</name>
         <load_address>0x2000f7d8</load_address>
         <run_address>0x2000f7d8</run_address>
         <size>0x14</size>
         <input_file_ref idref="fl-f"/>
      </object_component>
      <object_component id="oc-4f8">
         <name>.const:timerCC32XXHWAttrs</name>
         <load_address>0x2000f7ec</load_address>
         <run_address>0x2000f7ec</run_address>
         <size>0x10</size>
         <input_file_ref idref="fl-3"/>
      </object_component>
      <object_component id="oc-420">
         <name>.const:Timer_config</name>
         <load_address>0x2000f7fc</load_address>
         <run_address>0x2000f7fc</run_address>
         <size>0xc</size>
         <input_file_ref idref="fl-3"/>
      </object_component>
      <object_component id="oc-424">
         <name>.const:defaultParams</name>
         <load_address>0x2000f808</load_address>
         <run_address>0x2000f808</run_address>
         <size>0xc</size>
         <input_file_ref idref="fl-e"/>
      </object_component>
      <object_component id="oc-2f0">
         <name>.const:outPinTypes</name>
         <load_address>0x2000f814</load_address>
         <run_address>0x2000f814</run_address>
         <size>0x8</size>
         <input_file_ref idref="fl-f"/>
      </object_component>
      <object_component id="oc-2ff">
         <name>.const:.string:interruptType</name>
         <load_address>0x2000f81c</load_address>
         <run_address>0x2000f81c</run_address>
         <size>0x6</size>
         <input_file_ref idref="fl-f"/>
      </object_component>
      <object_component id="oc-2f3">
         <name>.const:inPinTypes</name>
         <load_address>0x2000f822</load_address>
         <run_address>0x2000f822</run_address>
         <size>0x6</size>
         <input_file_ref idref="fl-f"/>
      </object_component>
      <object_component id="oc-2ed">
         <name>.const:outPinStrengths</name>
         <load_address>0x2000f828</load_address>
         <run_address>0x2000f828</run_address>
         <size>0x6</size>
         <input_file_ref idref="fl-f"/>
      </object_component>
      <object_component id="oc-41d">
         <name>.const</name>
         <load_address>0x2000f82e</load_address>
         <run_address>0x2000f82e</run_address>
         <size>0x6</size>
         <input_file_ref idref="fl-3"/>
      </object_component>
      <object_component id="oc-2f6">
         <name>.const:.string:portInterruptIds</name>
         <load_address>0x2000f834</load_address>
         <run_address>0x2000f834</run_address>
         <size>0x4</size>
         <input_file_ref idref="fl-f"/>
      </object_component>
      <object_component id="oc-6fe">
         <name>.cinit..data.load</name>
         <load_address>0x2000f9f8</load_address>
         <run_address>0x2000f9f8</run_address>
         <size>0xfb</size>
      </object_component>
      <object_component id="oc-6fc">
         <name>__TI_handler_table</name>
         <load_address>0x2000faf4</load_address>
         <run_address>0x2000faf4</run_address>
         <size>0xc</size>
      </object_component>
      <object_component id="oc-6ff">
         <name>.cinit..bss.load</name>
         <load_address>0x2000fb00</load_address>
         <run_address>0x2000fb00</run_address>
         <size>0x8</size>
      </object_component>
      <object_component id="oc-6fd">
         <name>__TI_cinit_table</name>
         <load_address>0x2000fb08</load_address>
         <run_address>0x2000fb08</run_address>
         <size>0x10</size>
      </object_component>
      <object_component id="oc-311">
         <name>.data:patternS</name>
         <load_address>0x2000f4a8</load_address>
         <run_address>0x2000f4a8</run_address>
         <size>0x50</size>
         <input_file_ref idref="fl-2"/>
      </object_component>
      <object_component id="oc-314">
         <name>.data:patternO</name>
         <load_address>0x2000f458</load_address>
         <run_address>0x2000f458</run_address>
         <size>0x50</size>
         <input_file_ref idref="fl-2"/>
      </object_component>
      <object_component id="oc-317">
         <name>.data:patternK</name>
         <load_address>0x2000f408</load_address>
         <run_address>0x2000f408</run_address>
         <size>0x50</size>
         <input_file_ref idref="fl-2"/>
      </object_component>
      <object_component id="oc-310">
         <name>.data</name>
         <load_address>0x2000f54c</load_address>
         <run_address>0x2000f54c</run_address>
         <size>0x4</size>
         <input_file_ref idref="fl-2"/>
      </object_component>
      <object_component id="oc-3d8">
         <name>.data:gpioPinConfigs</name>
         <load_address>0x2000f508</load_address>
         <run_address>0x2000f508</run_address>
         <size>0x10</size>
         <input_file_ref idref="fl-3"/>
      </object_component>
      <object_component id="oc-3db">
         <name>.data:gpioCallbackFunctions</name>
         <load_address>0x2000f4f8</load_address>
         <run_address>0x2000f4f8</run_address>
         <size>0x10</size>
         <input_file_ref idref="fl-3"/>
      </object_component>
      <object_component id="oc-37d">
         <name>.data:parkInfo</name>
         <load_address>0x2000f310</load_address>
         <run_address>0x2000f310</run_address>
         <size>0xf8</size>
         <input_file_ref idref="fl-3"/>
      </object_component>
      <object_component id="oc-41a">
         <name>.data</name>
         <load_address>0x2000f549</load_address>
         <run_address>0x2000f549</run_address>
         <size>0x1</size>
         <input_file_ref idref="fl-e"/>
      </object_component>
      <object_component id="oc-2bc">
         <name>.data</name>
         <load_address>0x2000f518</load_address>
         <run_address>0x2000f518</run_address>
         <size>0x9</size>
         <input_file_ref idref="fl-f"/>
      </object_component>
      <object_component id="oc-289">
         <name>.data:PowerCC32XX_module</name>
         <load_address>0x2000f1a4</load_address>
         <run_address>0x2000f1a4</run_address>
         <size>0x16c</size>
         <input_file_ref idref="fl-10"/>
      </object_component>
      <object_component id="oc-3be">
         <name>.data</name>
         <load_address>0x2000f521</load_address>
         <run_address>0x2000f521</run_address>
         <size>0x3</size>
         <input_file_ref idref="fl-15"/>
      </object_component>
      <object_component id="oc-49a">
         <name>.data:SemaphoreP_defaultParams</name>
         <load_address>0x2000f534</load_address>
         <run_address>0x2000f534</run_address>
         <size>0x8</size>
         <input_file_ref idref="fl-15"/>
      </object_component>
      <object_component id="oc-494">
         <name>.data</name>
         <load_address>0x2000f544</load_address>
         <run_address>0x2000f544</run_address>
         <size>0x5</size>
         <input_file_ref idref="fl-16"/>
      </object_component>
      <object_component id="oc-4e3">
         <name>.data:HwiP_dispatchTable</name>
         <load_address>0x2000ee98</load_address>
         <run_address>0x2000ee98</run_address>
         <size>0x30c</size>
         <input_file_ref idref="fl-17"/>
      </object_component>
      <object_component id="oc-4ec">
         <name>.data</name>
         <load_address>0x2000f53c</load_address>
         <run_address>0x2000f53c</run_address>
         <size>0x8</size>
         <input_file_ref idref="fl-17"/>
      </object_component>
      <object_component id="oc-568">
         <name>.data:$O1$$</name>
         <load_address>0x2000f52c</load_address>
         <run_address>0x2000f52c</run_address>
         <size>0x8</size>
         <input_file_ref idref="fl-de"/>
      </object_component>
      <object_component id="oc-211">
         <name>.data:$O1$$</name>
         <load_address>0x2000f524</load_address>
         <run_address>0x2000f524</run_address>
         <size>0x8</size>
         <input_file_ref idref="fl-e6"/>
      </object_component>
      <object_component id="oc-2cb">
         <name>.bss:gpioCallbackInfo</name>
         <uninitialized>true</uninitialized>
         <run_address>0x2000f998</run_address>
         <size>0x20</size>
         <input_file_ref idref="fl-f"/>
      </object_component>
      <object_component id="oc-2c2">
         <name>.bss:powerNotifyObj</name>
         <uninitialized>true</uninitialized>
         <run_address>0x2000f9b8</run_address>
         <size>0x14</size>
         <input_file_ref idref="fl-f"/>
      </object_component>
      <object_component id="oc-2bb">
         <name>.bss</name>
         <uninitialized>true</uninitialized>
         <run_address>0x2000f9cc</run_address>
         <size>0x4</size>
         <input_file_ref idref="fl-f"/>
      </object_component>
      <object_component id="oc-6a5">
         <name>.bss:timerState</name>
         <uninitialized>true</uninitialized>
         <run_address>0x2000f9f4</run_address>
         <size>0x4</size>
         <input_file_ref idref="fl-12"/>
      </object_component>
      <object_component id="oc-5c2">
         <name>.bss</name>
         <uninitialized>true</uninitialized>
         <run_address>0x2000f9f0</run_address>
         <size>0x4</size>
         <input_file_ref idref="fl-16"/>
      </object_component>
      <object_component id="oc-502">
         <name>.bss</name>
         <uninitialized>true</uninitialized>
         <run_address>0x2000f9e0</run_address>
         <size>0xd</size>
         <input_file_ref idref="fl-1a"/>
      </object_component>
      <object_component id="oc-20a">
         <name>.common:MC_State</name>
         <uninitialized>true</uninitialized>
         <run_address>0x2000f9ee</run_address>
         <size>0x1</size>
      </object_component>
      <object_component id="oc-20b">
         <name>.common:MC_Prog</name>
         <uninitialized>true</uninitialized>
         <run_address>0x2000f9ed</run_address>
         <size>0x1</size>
      </object_component>
      <object_component id="oc-4f7">
         <name>.common:timerCC32XXObjects</name>
         <uninitialized>true</uninitialized>
         <run_address>0x2000f964</run_address>
         <size>0x34</size>
      </object_component>
      <object_component id="oc-5d7">
         <name>.common:PowerCC32XX_contextSave</name>
         <uninitialized>true</uninitialized>
         <run_address>0x2000f838</run_address>
         <size>0x12c</size>
      </object_component>
      <object_component id="oc-e1">
         <name>.common:ClockP_ctrl</name>
         <uninitialized>true</uninitialized>
         <run_address>0x2000f9d0</run_address>
         <size>0x10</size>
      </object_component>
      <object_component id="oc-2a">
         <name>.sysmem</name>
         <uninitialized>true</uninitialized>
         <run_address>0x20004040</run_address>
         <size>0x10</size>
         <input_file_ref idref="fl-de"/>
      </object_component>
      <object_component id="oc-702">
         <name>.sysmem</name>
         <uninitialized>true</uninitialized>
         <run_address>0x20004040</run_address>
         <size>0x0</size>
      </object_component>
      <object_component id="oc-2d">
         <name>.stack</name>
         <uninitialized>true</uninitialized>
         <run_address>0x20003000</run_address>
         <size>0x4</size>
         <input_file_ref idref="fl-df"/>
      </object_component>
      <object_component id="oc-701">
         <name>.stack</name>
         <uninitialized>true</uninitialized>
         <run_address>0x20003000</run_address>
         <size>0x0</size>
      </object_component>
      <object_component id="oc-27">
         <name>.resetVecs:retain</name>
         <load_address>0x20004000</load_address>
         <run_address>0x20004000</run_address>
         <size>0x40</size>
         <input_file_ref idref="fl-19"/>
      </object_component>
      <object_component id="oc-bb">
         <name>.ramVecs</name>
         <uninitialized>true</uninitialized>
         <run_address>0x20000000</run_address>
         <size>0x30c</size>
         <input_file_ref idref="fl-19"/>
      </object_component>
      <object_component id="oc-14d">
         <name>.debug_info</name>
         <load_address>0x0</load_address>
         <run_address>0x0</run_address>
         <size>0x459</size>
         <input_file_ref idref="fl-2"/>
      </object_component>
      <object_component id="oc-312">
         <name>.debug_info</name>
         <load_address>0x459</load_address>
         <run_address>0x459</run_address>
         <size>0x10c</size>
         <input_file_ref idref="fl-2"/>
      </object_component>
      <object_component id="oc-315">
         <name>.debug_info</name>
         <load_address>0x565</load_address>
         <run_address>0x565</run_address>
         <size>0x10c</size>
         <input_file_ref idref="fl-2"/>
      </object_component>
      <object_component id="oc-318">
         <name>.debug_info</name>
         <load_address>0x671</load_address>
         <run_address>0x671</run_address>
         <size>0x10c</size>
         <input_file_ref idref="fl-2"/>
      </object_component>
      <object_component id="oc-1f3">
         <name>.debug_info</name>
         <load_address>0x77d</load_address>
         <run_address>0x77d</run_address>
         <size>0x1dd</size>
         <input_file_ref idref="fl-2"/>
      </object_component>
      <object_component id="oc-1ff">
         <name>.debug_info</name>
         <load_address>0x95a</load_address>
         <run_address>0x95a</run_address>
         <size>0x17b</size>
         <input_file_ref idref="fl-2"/>
      </object_component>
      <object_component id="oc-205">
         <name>.debug_info</name>
         <load_address>0xad5</load_address>
         <run_address>0xad5</run_address>
         <size>0x17b</size>
         <input_file_ref idref="fl-2"/>
      </object_component>
      <object_component id="oc-334">
         <name>.debug_info</name>
         <load_address>0xc50</load_address>
         <run_address>0xc50</run_address>
         <size>0x1c0</size>
         <input_file_ref idref="fl-2"/>
      </object_component>
      <object_component id="oc-1f9">
         <name>.debug_info</name>
         <load_address>0xe10</load_address>
         <run_address>0xe10</run_address>
         <size>0x1c3</size>
         <input_file_ref idref="fl-2"/>
      </object_component>
      <object_component id="oc-160">
         <name>.debug_info</name>
         <load_address>0xfd3</load_address>
         <run_address>0xfd3</run_address>
         <size>0x263</size>
         <input_file_ref idref="fl-2"/>
      </object_component>
      <object_component id="oc-1aa">
         <name>.debug_info</name>
         <load_address>0x1236</load_address>
         <run_address>0x1236</run_address>
         <size>0x2a9</size>
         <input_file_ref idref="fl-2"/>
      </object_component>
      <object_component id="oc-e7">
         <name>.debug_info</name>
         <load_address>0x14df</load_address>
         <run_address>0x14df</run_address>
         <size>0x26b</size>
         <input_file_ref idref="fl-2"/>
      </object_component>
      <object_component id="oc-1b4">
         <name>.debug_info</name>
         <load_address>0x174a</load_address>
         <run_address>0x174a</run_address>
         <size>0xcb</size>
         <input_file_ref idref="fl-2"/>
      </object_component>
      <object_component id="oc-36">
         <name>.debug_info</name>
         <load_address>0x1815</load_address>
         <run_address>0x1815</run_address>
         <size>0x84</size>
         <input_file_ref idref="fl-2"/>
      </object_component>
      <object_component id="oc-1b9">
         <name>.debug_info</name>
         <load_address>0x1899</load_address>
         <run_address>0x1899</run_address>
         <size>0x3b</size>
         <input_file_ref idref="fl-2"/>
      </object_component>
      <object_component id="oc-148">
         <name>.debug_info</name>
         <load_address>0x18d4</load_address>
         <run_address>0x18d4</run_address>
         <size>0x2a4</size>
         <input_file_ref idref="fl-2"/>
      </object_component>
      <object_component id="oc-1af">
         <name>.debug_info</name>
         <load_address>0x1b78</load_address>
         <run_address>0x1b78</run_address>
         <size>0xef</size>
         <input_file_ref idref="fl-2"/>
      </object_component>
      <object_component id="oc-12f">
         <name>.debug_info</name>
         <load_address>0x1c67</load_address>
         <run_address>0x1c67</run_address>
         <size>0xbb</size>
         <input_file_ref idref="fl-2"/>
      </object_component>
      <object_component id="oc-605">
         <name>.debug_info</name>
         <load_address>0x1d22</load_address>
         <run_address>0x1d22</run_address>
         <size>0x53</size>
         <input_file_ref idref="fl-2"/>
      </object_component>
      <object_component id="oc-1a4">
         <name>.debug_info</name>
         <load_address>0x1d75</load_address>
         <run_address>0x1d75</run_address>
         <size>0x4c7</size>
         <input_file_ref idref="fl-3"/>
      </object_component>
      <object_component id="oc-3d9">
         <name>.debug_info</name>
         <load_address>0x223c</load_address>
         <run_address>0x223c</run_address>
         <size>0x120</size>
         <input_file_ref idref="fl-3"/>
      </object_component>
      <object_component id="oc-3dc">
         <name>.debug_info</name>
         <load_address>0x235c</load_address>
         <run_address>0x235c</run_address>
         <size>0x12e</size>
         <input_file_ref idref="fl-3"/>
      </object_component>
      <object_component id="oc-41e">
         <name>.debug_info</name>
         <load_address>0x248a</load_address>
         <run_address>0x248a</run_address>
         <size>0x25b</size>
         <input_file_ref idref="fl-3"/>
      </object_component>
      <object_component id="oc-2c0">
         <name>.debug_info</name>
         <load_address>0x26e5</load_address>
         <run_address>0x26e5</run_address>
         <size>0x126</size>
         <input_file_ref idref="fl-3"/>
      </object_component>
      <object_component id="oc-28d">
         <name>.debug_info</name>
         <load_address>0x280b</load_address>
         <run_address>0x280b</run_address>
         <size>0x128</size>
         <input_file_ref idref="fl-3"/>
      </object_component>
      <object_component id="oc-4f9">
         <name>.debug_info</name>
         <load_address>0x2933</load_address>
         <run_address>0x2933</run_address>
         <size>0x128</size>
         <input_file_ref idref="fl-3"/>
      </object_component>
      <object_component id="oc-421">
         <name>.debug_info</name>
         <load_address>0x2a5b</load_address>
         <run_address>0x2a5b</run_address>
         <size>0x11c</size>
         <input_file_ref idref="fl-3"/>
      </object_component>
      <object_component id="oc-37e">
         <name>.debug_info</name>
         <load_address>0x2b77</load_address>
         <run_address>0x2b77</run_address>
         <size>0x114</size>
         <input_file_ref idref="fl-3"/>
      </object_component>
      <object_component id="oc-1cd">
         <name>.debug_info</name>
         <load_address>0x2c8b</load_address>
         <run_address>0x2c8b</run_address>
         <size>0x16c</size>
         <input_file_ref idref="fl-3"/>
      </object_component>
      <object_component id="oc-154">
         <name>.debug_info</name>
         <load_address>0x2df7</load_address>
         <run_address>0x2df7</run_address>
         <size>0x1a2</size>
         <input_file_ref idref="fl-3"/>
      </object_component>
      <object_component id="oc-239">
         <name>.debug_info</name>
         <load_address>0x2f99</load_address>
         <run_address>0x2f99</run_address>
         <size>0x183</size>
         <input_file_ref idref="fl-3"/>
      </object_component>
      <object_component id="oc-134">
         <name>.debug_info</name>
         <load_address>0x311c</load_address>
         <run_address>0x311c</run_address>
         <size>0x100</size>
         <input_file_ref idref="fl-3"/>
      </object_component>
      <object_component id="oc-234">
         <name>.debug_info</name>
         <load_address>0x321c</load_address>
         <run_address>0x321c</run_address>
         <size>0x878</size>
         <input_file_ref idref="fl-3"/>
      </object_component>
      <object_component id="oc-24c">
         <name>.debug_info</name>
         <load_address>0x3a94</load_address>
         <run_address>0x3a94</run_address>
         <size>0xf8</size>
         <input_file_ref idref="fl-3"/>
      </object_component>
      <object_component id="oc-22f">
         <name>.debug_info</name>
         <load_address>0x3b8c</load_address>
         <run_address>0x3b8c</run_address>
         <size>0x9a</size>
         <input_file_ref idref="fl-3"/>
      </object_component>
      <object_component id="oc-247">
         <name>.debug_info</name>
         <load_address>0x3c26</load_address>
         <run_address>0x3c26</run_address>
         <size>0xb6</size>
         <input_file_ref idref="fl-3"/>
      </object_component>
      <object_component id="oc-23e">
         <name>.debug_info</name>
         <load_address>0x3cdc</load_address>
         <run_address>0x3cdc</run_address>
         <size>0xa1</size>
         <input_file_ref idref="fl-3"/>
      </object_component>
      <object_component id="oc-43e">
         <name>.debug_info</name>
         <load_address>0x3d7d</load_address>
         <run_address>0x3d7d</run_address>
         <size>0x62</size>
         <input_file_ref idref="fl-3"/>
      </object_component>
      <object_component id="oc-108">
         <name>.debug_info</name>
         <load_address>0x3ddf</load_address>
         <run_address>0x3ddf</run_address>
         <size>0x8b</size>
         <input_file_ref idref="fl-3"/>
      </object_component>
      <object_component id="oc-aa">
         <name>.debug_info</name>
         <load_address>0x3e6a</load_address>
         <run_address>0x3e6a</run_address>
         <size>0x2c</size>
         <input_file_ref idref="fl-3"/>
      </object_component>
      <object_component id="oc-11b">
         <name>.debug_info</name>
         <load_address>0x3e96</load_address>
         <run_address>0x3e96</run_address>
         <size>0x16d</size>
         <input_file_ref idref="fl-4"/>
      </object_component>
      <object_component id="oc-1a6">
         <name>.debug_info</name>
         <load_address>0x4003</load_address>
         <run_address>0x4003</run_address>
         <size>0x2f4</size>
         <input_file_ref idref="fl-e"/>
      </object_component>
      <object_component id="oc-425">
         <name>.debug_info</name>
         <load_address>0x42f7</load_address>
         <run_address>0x42f7</run_address>
         <size>0xd6</size>
         <input_file_ref idref="fl-e"/>
      </object_component>
      <object_component id="oc-41b">
         <name>.debug_info</name>
         <load_address>0x43cd</load_address>
         <run_address>0x43cd</run_address>
         <size>0xd6</size>
         <input_file_ref idref="fl-e"/>
      </object_component>
      <object_component id="oc-331">
         <name>.debug_info</name>
         <load_address>0x44a3</load_address>
         <run_address>0x44a3</run_address>
         <size>0x12e</size>
         <input_file_ref idref="fl-e"/>
      </object_component>
      <object_component id="oc-32b">
         <name>.debug_info</name>
         <load_address>0x45d1</load_address>
         <run_address>0x45d1</run_address>
         <size>0x167</size>
         <input_file_ref idref="fl-e"/>
      </object_component>
      <object_component id="oc-31f">
         <name>.debug_info</name>
         <load_address>0x4738</load_address>
         <run_address>0x4738</run_address>
         <size>0x133</size>
         <input_file_ref idref="fl-e"/>
      </object_component>
      <object_component id="oc-325">
         <name>.debug_info</name>
         <load_address>0x486b</load_address>
         <run_address>0x486b</run_address>
         <size>0x11a</size>
         <input_file_ref idref="fl-e"/>
      </object_component>
      <object_component id="oc-139">
         <name>.debug_info</name>
         <load_address>0x4985</load_address>
         <run_address>0x4985</run_address>
         <size>0x110</size>
         <input_file_ref idref="fl-e"/>
      </object_component>
      <object_component id="oc-306">
         <name>.debug_info</name>
         <load_address>0x4a95</load_address>
         <run_address>0x4a95</run_address>
         <size>0x5dd</size>
         <input_file_ref idref="fl-f"/>
      </object_component>
      <object_component id="oc-300">
         <name>.debug_info</name>
         <load_address>0x5072</load_address>
         <run_address>0x5072</run_address>
         <size>0xe0</size>
         <input_file_ref idref="fl-f"/>
      </object_component>
      <object_component id="oc-2f7">
         <name>.debug_info</name>
[...]
         <name>PowerCC32XX_parkPin</name>
         <value>0x2000e0f5</value>
         <object_component_ref idref="oc-5d0"/>
      </symbol>
      <symbol id="sm-42c">
         <name>PowerCC32XX_module</name>
         <value>0x2000f1a4</value>
         <object_component_ref idref="oc-289"/>
      </symbol>
      <symbol id="sm-42d">
         <name>Power_getTransitionLatency</name>
         <value>0x2000ebe9</value>
         <object_component_ref idref="oc-466"/>
      </symbol>
      <symbol id="sm-42e">
         <name>Power_setDependency</name>
         <value>0x2000d8c5</value>
         <object_component_ref idref="oc-2d5"/>
      </symbol>
      <symbol id="sm-43f">
         <name>PowerCC32XX_enterLPDS</name>
         <value>0x2000e37d</value>
         <object_component_ref idref="oc-52f"/>
      </symbol>
      <symbol id="sm-440">
         <name>PowerCC32XX_resumeLPDS</name>
         <value>0x2000dec3</value>
         <object_component_ref idref="oc-5d9"/>
      </symbol>
      <symbol id="sm-50c">
         <name>TimerCC32XX_open</name>
         <value>0x2000ccbd</value>
         <object_component_ref idref="oc-594"/>
      </symbol>
      <symbol id="sm-50d">
         <name>TimerCC32XX_init</name>
         <value>0x2000e2f3</value>
         <object_component_ref idref="oc-58e"/>
      </symbol>
      <symbol id="sm-50e">
         <name>TimerCC32XX_fxnTable</name>
         <value>0x2000f760</value>
         <object_component_ref idref="oc-4f4"/>
      </symbol>
      <symbol id="sm-50f">
         <name>TimerCC32XX_setPeriod</name>
         <value>0x2000d735</value>
         <object_component_ref idref="oc-59a"/>
      </symbol>
      <symbol id="sm-510">
         <name>TimerCC32XX_start</name>
         <value>0x2000d9bd</value>
         <object_component_ref idref="oc-5a0"/>
      </symbol>
      <symbol id="sm-511">
         <name>TimerCC32XX_freeTimerResource</name>
         <value>0x2000e829</value>
         <object_component_ref idref="oc-620"/>
      </symbol>
      <symbol id="sm-512">
         <name>TimerCC32XX_control</name>
         <value>0x2000ee7b</value>
         <object_component_ref idref="oc-582"/>
      </symbol>
      <symbol id="sm-513">
         <name>TimerCC32XX_stop</name>
         <value>0x2000de6d</value>
         <object_component_ref idref="oc-5a6"/>
      </symbol>
      <symbol id="sm-514">
         <name>TimerCC32XX_close</name>
         <value>0x2000e5c9</value>
         <object_component_ref idref="oc-57c"/>
      </symbol>
      <symbol id="sm-515">
         <name>TimerCC32XX_allocateTimerResource</name>
         <value>0x2000e009</value>
         <object_component_ref idref="oc-62a"/>
      </symbol>
      <symbol id="sm-516">
         <name>TimerCC32XX_getCount</name>
         <value>0x2000ec19</value>
         <object_component_ref idref="oc-588"/>
      </symbol>
      <symbol id="sm-52e">
         <name>List_remove</name>
         <value>0x2000ea0f</value>
         <object_component_ref idref="oc-68a"/>
      </symbol>
      <symbol id="sm-52f">
         <name>List_put</name>
         <value>0x2000e9e9</value>
         <object_component_ref idref="oc-3c2"/>
      </symbol>
      <symbol id="sm-5aa">
         <name>SemaphoreP_defaultParams</name>
         <value>0x2000f534</value>
         <object_component_ref idref="oc-49a"/>
      </symbol>
      <symbol id="sm-5ab">
         <name>SemaphoreP_construct</name>
         <value>0x2000dfb9</value>
         <object_component_ref idref="oc-49e"/>
      </symbol>
      <symbol id="sm-5ac">
         <name>SemaphoreP_create</name>
         <value>0x2000eca5</value>
         <object_component_ref idref="oc-388"/>
      </symbol>
      <symbol id="sm-5ad">
         <name>SemaphoreP_post</name>
         <value>0x2000e3c1</value>
         <object_component_ref idref="oc-2b5"/>
      </symbol>
      <symbol id="sm-5ae">
         <name>SemaphoreP_pend</name>
         <value>0x2000d29d</value>
         <object_component_ref idref="oc-2a9"/>
      </symbol>
      <symbol id="sm-5af">
         <name>SemaphoreP_delete</name>
         <value>0x2000ee8b</value>
         <object_component_ref idref="oc-2a3"/>
      </symbol>
      <symbol id="sm-5b0">
         <name>SemaphoreP_createBinary</name>
         <value>0x2000ebb1</value>
         <object_component_ref idref="oc-291"/>
      </symbol>
      <symbol id="sm-5b1">
         <name>SemaphoreP_Params_init</name>
         <value>0x2000edd9</value>
         <object_component_ref idref="oc-382"/>
      </symbol>
      <symbol id="sm-5b2">
         <name>clkFxn</name>
         <value>0x2000ebcb</value>
         <object_component_ref idref="oc-3b8"/>
      </symbol>
      <symbol id="sm-66d">
         <name>ClockP_ctrl</name>
         <value>0x2000f9d0</value>
      </symbol>
      <symbol id="sm-66e">
         <name>ClockP_doTick</name>
         <value>0x2000df69</value>
         <object_component_ref idref="oc-79"/>
      </symbol>
      <symbol id="sm-66f">
         <name>ClockP_startup</name>
         <value>0x2000e7c1</value>
         <object_component_ref idref="oc-50e"/>
      </symbol>
      <symbol id="sm-670">
         <name>ClockP_stop</name>
         <value>0x2000e2f5</value>
         <object_component_ref idref="oc-4c6"/>
      </symbol>
      <symbol id="sm-671">
         <name>ClockP_getTicksUntilInterrupt</name>
         <value>0x2000e78d</value>
         <object_component_ref idref="oc-460"/>
      </symbol>
      <symbol id="sm-672">
         <name>ClockP_setTicks</name>
         <value>0x2000ed99</value>
         <object_component_ref idref="oc-488"/>
      </symbol>
      <symbol id="sm-673">
         <name>ClockP_tickPeriod</name>
         <value>0x2000f544</value>
         <object_component_ref idref="oc-494"/>
      </symbol>
      <symbol id="sm-674">
         <name>ClockP_getSystemTicks</name>
         <value>0x2000ed89</value>
         <object_component_ref idref="oc-46c"/>
      </symbol>
      <symbol id="sm-675">
         <name>ClockP_destruct</name>
         <value>0x2000e551</value>
         <object_component_ref idref="oc-3b2"/>
      </symbol>
      <symbol id="sm-676">
         <name>ClockP_start</name>
         <value>0x2000e891</value>
         <object_component_ref idref="oc-3a0"/>
      </symbol>
      <symbol id="sm-677">
         <name>ClockP_sysTickHandler</name>
         <value>0x2000df69</value>
         <object_component_ref idref="oc-79"/>
      </symbol>
      <symbol id="sm-678">
         <name>ClockP_isActive</name>
         <value>0x2000ee55</value>
         <object_component_ref idref="oc-3ac"/>
      </symbol>
      <symbol id="sm-679">
         <name>ClockP_getCpuFreq</name>
         <value>0x2000ed79</value>
         <object_component_ref idref="oc-44e"/>
      </symbol>
      <symbol id="sm-67a">
         <name>ClockP_add</name>
         <value>0x2000ed67</value>
         <object_component_ref idref="oc-39a"/>
      </symbol>
      <symbol id="sm-703">
         <name>HwiP_delete</name>
         <value>0x2000eda9</value>
         <object_component_ref idref="oc-61a"/>
      </symbol>
      <symbol id="sm-704">
         <name>HwiP_construct</name>
         <value>0x2000d599</value>
         <object_component_ref idref="oc-3f4"/>
      </symbol>
      <symbol id="sm-705">
         <name>HwiP_inISR</name>
         <value>0x2000ecd1</value>
         <object_component_ref idref="oc-3c9"/>
      </symbol>
      <symbol id="sm-706">
         <name>HwiP_dispatch</name>
         <value>0x2000ea35</value>
         <object_component_ref idref="oc-4e6"/>
      </symbol>
      <symbol id="sm-707">
         <name>HwiP_destruct</name>
         <value>0x2000eac5</value>
         <object_component_ref idref="oc-692"/>
      </symbol>
      <symbol id="sm-708">
         <name>HwiP_clearInterrupt</name>
         <value>0x2000edf9</value>
         <object_component_ref idref="oc-614"/>
      </symbol>
      <symbol id="sm-709">
         <name>HwiP_swiPIntNum</name>
         <value>0x2000f540</value>
         <object_component_ref idref="oc-4ec"/>
      </symbol>
      <symbol id="sm-70a">
         <name>HwiP_Params_init</name>
         <value>0x2000ed21</value>
         <object_component_ref idref="oc-2db"/>
      </symbol>
      <symbol id="sm-70b">
         <name>HwiP_disable</name>
         <value>0x2000ee07</value>
         <object_component_ref idref="oc-297"/>
      </symbol>
      <symbol id="sm-70c">
         <name>HwiP_key</name>
         <value>0x2000f53c</value>
         <object_component_ref idref="oc-4ec"/>
      </symbol>
      <symbol id="sm-70d">
         <name>HwiP_create</name>
         <value>0x2000e8f1</value>
         <object_component_ref idref="oc-2e1"/>
      </symbol>
      <symbol id="sm-70e">
         <name>HwiP_post</name>
         <value>0x2000ee87</value>
         <object_component_ref idref="oc-555"/>
      </symbol>
      <symbol id="sm-70f">
         <name>HwiP_enable</name>
         <value>0x2000ee15</value>
         <object_component_ref idref="oc-159"/>
      </symbol>
      <symbol id="sm-710">
         <name>HwiP_restore</name>
         <value>0x2000edb9</value>
         <object_component_ref idref="oc-29d"/>
      </symbol>
      <symbol id="sm-740">
         <name>PowerCC32XX_initPolicy</name>
         <value>0x2000df67</value>
         <object_component_ref idref="oc-371"/>
      </symbol>
      <symbol id="sm-741">
         <name>PowerCC32XX_sleepPolicy</name>
         <value>0x2000c8a1</value>
         <object_component_ref idref="oc-377"/>
      </symbol>
      <symbol id="sm-796">
         <name>resetISR</name>
         <value>0x2000ebcd</value>
         <object_component_ref idref="oc-21"/>
      </symbol>
      <symbol id="sm-797">
         <name>resetVectorAddr</name>
         <value>0x2000ebe0</value>
         <object_component_ref idref="oc-21"/>
      </symbol>
      <symbol id="sm-798">
         <name>initVectors</name>
         <value>0x2000e6e5</value>
         <object_component_ref idref="oc-59"/>
      </symbol>
      <symbol id="sm-799">
         <name>resetVectors</name>
         <value>0x20004000</value>
         <object_component_ref idref="oc-27"/>
      </symbol>
      <symbol id="sm-7c9">
         <name>SwiP_disable</name>
         <value>0x2000eb5d</value>
         <object_component_ref idref="oc-454"/>
      </symbol>
      <symbol id="sm-7ca">
         <name>SwiP_restore</name>
         <value>0x2000e405</value>
         <object_component_ref idref="oc-48e"/>
      </symbol>
      <symbol id="sm-7d5">
         <name>CPUcpsid</name>
         <value>0x2000ecbb</value>
         <object_component_ref idref="oc-a3"/>
      </symbol>
      <symbol id="sm-81a">
         <name>IntVTableBaseSet</name>
         <value>0x2000ece5</value>
         <object_component_ref idref="oc-af"/>
      </symbol>
      <symbol id="sm-81b">
         <name>IntEnable</name>
         <value>0x2000d14d</value>
         <object_component_ref idref="oc-b5"/>
      </symbol>
      <symbol id="sm-81c">
         <name>IntMasterDisable</name>
         <value>0x2000ee5f</value>
         <object_component_ref idref="oc-53"/>
      </symbol>
      <symbol id="sm-81d">
         <name>IntPendSet</name>
         <value>0x2000d625</value>
         <object_component_ref idref="oc-5fc"/>
      </symbol>
      <symbol id="sm-857">
         <name>PinModeGet</name>
         <value>0x2000e7f5</value>
         <object_component_ref idref="oc-276"/>
      </symbol>
      <symbol id="sm-858">
         <name>PinConfigSet</name>
         <value>0x2000d6ad</value>
         <object_component_ref idref="oc-2cf"/>
      </symbol>
      <symbol id="sm-859">
         <name>PinModeSet</name>
         <value>0x2000e4d1</value>
         <object_component_ref idref="oc-27c"/>
      </symbol>
      <symbol id="sm-85a">
         <name>PinToPadGet</name>
         <value>0x2000eb41</value>
         <object_component_ref idref="oc-5ca"/>
      </symbol>
      <symbol id="sm-923">
         <name>PRCMLPDSRestoreInfoSet</name>
         <value>0x2000e339</value>
         <object_component_ref idref="oc-5de"/>
      </symbol>
      <symbol id="sm-924">
         <name>PRCMPeripheralReset</name>
         <value>0x2000ddbd</value>
         <object_component_ref idref="oc-26a"/>
      </symbol>
      <symbol id="sm-925">
         <name>PRCMLPDSEnter</name>
         <value>0x2000e1d5</value>
         <object_component_ref idref="oc-546"/>
      </symbol>
      <symbol id="sm-926">
         <name>PRCMPeripheralClkEnable</name>
         <value>0x2000e21d</value>
         <object_component_ref idref="oc-264"/>
      </symbol>
      <symbol id="sm-927">
         <name>PRCMLPDSEnterKeepDebugIf</name>
         <value>0x2000e63d</value>
         <object_component_ref idref="oc-54c"/>
      </symbol>
      <symbol id="sm-928">
         <name>PRCMCC3200MCUInit</name>
         <value>0x2000c041</value>
         <object_component_ref idref="oc-1c0"/>
      </symbol>
      <symbol id="sm-929">
         <name>PRCMHIBRegWrite</name>
         <value>0x2000ec8f</value>
         <object_component_ref idref="oc-258"/>
      </symbol>
      <symbol id="sm-92a">
         <name>PRCMSysResetCauseGet</name>
         <value>0x2000dc4d</value>
         <object_component_ref idref="oc-251"/>
      </symbol>
      <symbol id="sm-92b">
         <name>PRCMPeripheralClkDisable</name>
         <value>0x2000e971</value>
         <object_component_ref idref="oc-270"/>
      </symbol>
      <symbol id="sm-92c">
         <name>PRCMHIBRegRead</name>
         <value>0x2000ec79</value>
         <object_component_ref idref="oc-25e"/>
      </symbol>
      <symbol id="sm-974">
         <name>TimerLoadSet</name>
         <value>0x2000e91b</value>
         <object_component_ref idref="oc-64f"/>
      </symbol>
      <symbol id="sm-975">
         <name>TimerDisable</name>
         <value>0x2000eb05</value>
         <object_component_ref idref="oc-669"/>
      </symbol>
      <symbol id="sm-976">
         <name>TimerEnable</name>
         <value>0x2000eb23</value>
         <object_component_ref idref="oc-662"/>
      </symbol>
      <symbol id="sm-977">
         <name>TimerIntDisable</name>
         <value>0x2000ec31</value>
         <object_component_ref idref="oc-66f"/>
      </symbol>
      <symbol id="sm-978">
         <name>TimerPrescaleSet</name>
         <value>0x2000e945</value>
         <object_component_ref idref="oc-649"/>
      </symbol>
      <symbol id="sm-979">
         <name>TimerControlStall</name>
         <value>0x2000e755</value>
         <object_component_ref idref="oc-6ab"/>
      </symbol>
      <symbol id="sm-97a">
         <name>TimerIntEnable</name>
         <value>0x2000ec49</value>
         <object_component_ref idref="oc-656"/>
      </symbol>
      <symbol id="sm-97b">
         <name>TimerIntClear</name>
         <value>0x2000ed33</value>
         <object_component_ref idref="oc-6b3"/>
      </symbol>
      <symbol id="sm-97f">
         <name>UtilsDelay</name>
         <value>0x2000ee81</value>
         <object_component_ref idref="oc-257"/>
      </symbol>
      <symbol id="sm-98f">
         <name>FlashDisable</name>
         <value>0x2000e18d</value>
         <object_component_ref idref="oc-5f4"/>
      </symbol>
      <symbol id="sm-998">
         <name>__aeabi_lmul</name>
         <value>0x2000ec61</value>
         <object_component_ref idref="oc-483"/>
      </symbol>
      <symbol id="sm-9b3">
         <name>memcpy</name>
         <value>0x2000d33d</value>
         <object_component_ref idref="oc-3b"/>
      </symbol>
      <symbol id="sm-9b4">
         <name>__aeabi_memcpy</name>
         <value>0x2000d33d</value>
         <object_component_ref idref="oc-3b"/>
      </symbol>
      <symbol id="sm-9b5">
         <name>__aeabi_memcpy8</name>
         <value>0x2000d33d</value>
         <object_component_ref idref="oc-3b"/>
      </symbol>
      <symbol id="sm-9b6">
         <name>__aeabi_memcpy4</name>
         <value>0x2000d33d</value>
         <object_component_ref idref="oc-3b"/>
      </symbol>
      <symbol id="sm-9c3">
         <name>__aeabi_uldivmod</name>
         <value>0x2000d471</value>
         <object_component_ref idref="oc-478"/>
      </symbol>
      <symbol id="sm-9d7">
         <name>__TI_zero_init_nomemset</name>
         <value>0x2000eb79</value>
         <object_component_ref idref="oc-47"/>
      </symbol>
      <symbol id="sm-9ee">
         <name>__TI_decompress_none</name>
         <value>0x2000ee23</value>
         <object_component_ref idref="oc-1a"/>
      </symbol>
      <symbol id="sm-a11">
         <name>__TI_decompress_lzss</name>
         <value>0x2000db1d</value>
         <object_component_ref idref="oc-14"/>
      </symbol>
      <symbol id="sm-a9a">
         <name>_sys_memory</name>
         <value>0x20004040</value>
         <object_component_ref idref="oc-2a"/>
      </symbol>
      <symbol id="sm-a9b">
         <name>free</name>
         <value>0x2000cee5</value>
         <object_component_ref idref="oc-393"/>
      </symbol>
      <symbol id="sm-a9c">
         <name>memalign</name>
         <value>0x2000cde5</value>
         <object_component_ref idref="oc-4dc"/>
      </symbol>
      <symbol id="sm-a9d">
         <name>malloc</name>
         <value>0x2000ee73</value>
         <object_component_ref idref="oc-3ee"/>
      </symbol>
      <symbol id="sm-a9e">
         <name>aligned_alloc</name>
         <value>0x2000cde5</value>
         <object_component_ref idref="oc-4dc"/>
      </symbol>
      <symbol id="sm-ab0">
         <name>__stack</name>
         <value>0x20003000</value>
         <object_component_ref idref="oc-2d"/>
      </symbol>
      <symbol id="sm-ab1">
         <name>_c_int00_noargs</name>
         <value>0x2000ea59</value>
         <object_component_ref idref="oc-c5"/>
      </symbol>
      <symbol id="sm-abb">
         <name>__aeabi_idiv0</name>
         <value>0x2000ee97</value>
         <object_component_ref idref="oc-517"/>
      </symbol>
      <symbol id="sm-abc">
         <name>__aeabi_ldiv0</name>
         <value>0x2000ee97</value>
         <object_component_ref idref="oc-517"/>
      </symbol>
      <symbol id="sm-ae5">
         <name>__TI_auto_init_nobinit_nopinit</name>
         <value>0x2000e48d</value>
         <object_component_ref idref="oc-172"/>
      </symbol>
      <symbol id="sm-aef">
         <name>_system_pre_init</name>
         <value>0x2000ee8f</value>
         <object_component_ref idref="oc-114"/>
      </symbol>
      <symbol id="sm-afb">
         <name>C$$EXIT</name>
         <value>0x2000ee93</value>
         <object_component_ref idref="oc-166"/>
      </symbol>
      <symbol id="sm-afc">
         <name>abort</name>
         <value>0x2000ee93</value>
         <object_component_ref idref="oc-166"/>
      </symbol>
      <symbol id="sm-b11">
         <name>_nop</name>
         <value>0x2000e78b</value>
         <object_component_ref idref="oc-33e"/>
      </symbol>
      <symbol id="sm-b12">
         <name>_lock</name>
         <value>0x2000f524</value>
         <object_component_ref idref="oc-211"/>
      </symbol>
      <symbol id="sm-b13">
         <name>_unlock</name>
         <value>0x2000f528</value>
         <object_component_ref idref="oc-211"/>
      </symbol>
      <symbol id="sm-b15">
         <name>__TI_static_base__</name>
         <value>0x2000f9f8</value>
      </symbol>
      <symbol id="sm-b18">
         <name>ITM_flush</name>
         <value>0x0</value>
      </symbol>
      <symbol id="sm-b19">
         <name>ITM_restore</name>
         <value>0x0</value>
      </symbol>
      <symbol id="sm-b1a">
         <name>__mpu_init</name>
         <value>0x0</value>
      </symbol>
      <symbol id="sm-b1b">
         <name>_system_post_cinit</name>
         <value>0x0</value>
      </symbol>
      <symbol id="sm-b1c">
         <name>NoRTOS_start</name>
         <value>0x2000ee15</value>
      </symbol>
   </symbol_table>
   <title>Link successful</title>
</link_info>
