<?xml version="1.0" encoding="ISO-8859-1" ?>
<link_info>
   <banner>TI ARM Linker PC v20.2.7.LTS</banner>
   <copyright>Copyright (c) 1996-2018 Texas Instruments Incorporated</copyright>
   <link_time>0x656f933f</link_time>
   <link_errors>0x0</link_errors>
   <output_file>gpiointerrupt_CC3220S_LAUNCHXL_nortos_ccs.out</output_file>
   <entry_point>
      <name>resetISR</name>
      <address>0x20012195</address>
   </entry_point>
   <input_file_list>
      <input_file id="fl-2">
         <path>.\</path>
         <kind>object</kind>
         <file>gpiointerrupt.obj</file>
         <name>gpiointerrupt.obj</name>
      </input_file>
      <input_file id="fl-3">
         <path>.\syscfg\</path>
         <kind>object</kind>
         <file>ti_drivers_config.obj</file>
         <name>ti_drivers_config.obj</name>
      </input_file>
      <input_file id="fl-4">
         <path>.\</path>
         <kind>object</kind>
         <file>main_nortos.obj</file>
         <name>main_nortos.obj</name>
      </input_file>
      <input_file id="fl-d">
         <kind>object</kind>
         <file>&lt;internal&gt;</file>
         <name>&lt;internal&gt;</name>
      </input_file>
      <input_file id="fl-e">
         <path>C:\ti\simplelink_cc32xx_sdk_4_30_00_06\source\ti\drivers\lib\ccs\m4\</path>
         <kind>archive</kind>
         <file>drivers_cc32xx.a</file>
         <name>I2C.oem4</name>
      </input_file>
      <input_file id="fl-f">
         <path>C:\ti\simplelink_cc32xx_sdk_4_30_00_06\source\ti\drivers\lib\ccs\m4\</path>
         <kind>archive</kind>
         <file>drivers_cc32xx.a</file>
         <name>Timer.oem4</name>
      </input_file>
      <input_file id="fl-10">
         <path>C:\ti\simplelink_cc32xx_sdk_4_30_00_06\source\ti\drivers\lib\ccs\m4\</path>
         <kind>archive</kind>
         <file>drivers_cc32xx.a</file>
         <name>UART.oem4</name>
      </input_file>
      <input_file id="fl-11">
         <path>C:\ti\simplelink_cc32xx_sdk_4_30_00_06\source\ti\drivers\lib\ccs\m4\</path>
         <kind>archive</kind>
         <file>drivers_cc32xx.a</file>
         <name>GPIOCC32XX.oem4</name>
      </input_file>
      <input_file id="fl-12">
         <path>C:\ti\simplelink_cc32xx_sdk_4_30_00_06\source\ti\drivers\lib\ccs\m4\</path>
         <kind>archive</kind>
         <file>drivers_cc32xx.a</file>
         <name>I2CCC32XX.oem4</name>
      </input_file>
      <input_file id="fl-13">
         <path>C:\ti\simplelink_cc32xx_sdk_4_30_00_06\source\ti\drivers\lib\ccs\m4\</path>
         <kind>archive</kind>
         <file>drivers_cc32xx.a</file>
         <name>PowerCC32XX.oem4</name>
      </input_file>
      <input_file id="fl-14">
         <path>C:\ti\simplelink_cc32xx_sdk_4_30_00_06\source\ti\drivers\lib\ccs\m4\</path>
         <kind>archive</kind>
         <file>drivers_cc32xx.a</file>
         <name>PowerCC32XX_asm.oem4</name>
      </input_file>
      <input_file id="fl-15">
         <path>C:\ti\simplelink_cc32xx_sdk_4_30_00_06\source\ti\drivers\lib\ccs\m4\</path>
         <kind>archive</kind>
         <file>drivers_cc32xx.a</file>
         <name>TimerCC32XX.oem4</name>
      </input_file>
      <input_file id="fl-16">
         <path>C:\ti\simplelink_cc32xx_sdk_4_30_00_06\source\ti\drivers\lib\ccs\m4\</path>
         <kind>archive</kind>
         <file>drivers_cc32xx.a</file>
         <name>UARTCC32XX.oem4</name>
      </input_file>
      <input_file id="fl-17">
         <path>C:\ti\simplelink_cc32xx_sdk_4_30_00_06\source\ti\drivers\lib\ccs\m4\</path>
         <kind>archive</kind>
         <file>drivers_cc32xx.a</file>
         <name>List.oem4</name>
      </input_file>
      <input_file id="fl-18">
         <path>C:\ti\simplelink_cc32xx_sdk_4_30_00_06\source\ti\drivers\lib\ccs\m4\</path>
         <kind>archive</kind>
         <file>drivers_cc32xx.a</file>
         <name>RingBuf.oem4</name>
      </input_file>
      <input_file id="fl-19">
         <path>C:\ti\simplelink_cc32xx_sdk_4_30_00_06\kernel\nortos\lib\ccs\m4\</path>
         <kind>archive</kind>
         <file>nortos_cc32xx.a</file>
         <name>NoRTOS.oem4</name>
      </input_file>
      <input_file id="fl-1a">
         <path>C:\ti\simplelink_cc32xx_sdk_4_30_00_06\kernel\nortos\lib\ccs\m4\</path>
         <kind>archive</kind>
         <file>nortos_cc32xx.a</file>
         <name>SemaphoreP_nortos.oem4</name>
      </input_file>
      <input_file id="fl-1b">
         <path>C:\ti\simplelink_cc32xx_sdk_4_30_00_06\kernel\nortos\lib\ccs\m4\</path>
         <kind>archive</kind>
         <file>nortos_cc32xx.a</file>
         <name>ClockPSysTick_nortos.oem4</name>
      </input_file>
      <input_file id="fl-1c">
         <path>C:\ti\simplelink_cc32xx_sdk_4_30_00_06\kernel\nortos\lib\ccs\m4\</path>
         <kind>archive</kind>
         <file>nortos_cc32xx.a</file>
         <name>HwiPCC32XX_nortos.oem4</name>
      </input_file>
      <input_file id="fl-1d">
         <path>C:\ti\simplelink_cc32xx_sdk_4_30_00_06\kernel\nortos\lib\ccs\m4\</path>
         <kind>archive</kind>
         <file>nortos_cc32xx.a</file>
         <name>PowerCC32XX_nortos.oem4</name>
      </input_file>
      <input_file id="fl-1e">
         <path>C:\ti\simplelink_cc32xx_sdk_4_30_00_06\kernel\nortos\lib\ccs\m4\</path>
         <kind>archive</kind>
         <file>nortos_cc32xx.a</file>
         <name>startup_cc32xx_ccs.oem4</name>
      </input_file>
      <input_file id="fl-1f">
         <path>C:\ti\simplelink_cc32xx_sdk_4_30_00_06\kernel\nortos\lib\ccs\m4\</path>
         <kind>archive</kind>
         <file>nortos_cc32xx.a</file>
         <name>SwiP_nortos.oem4</name>
      </input_file>
      <input_file id="fl-20">
         <path>C:\ti\simplelink_cc32xx_sdk_4_30_00_06\kernel\nortos\lib\ccs\m4\</path>
         <kind>archive</kind>
         <file>nortos_cc32xx.a</file>
         <name>QueueP_nortos.oem4</name>
      </input_file>
      <input_file id="fl-21">
         <path>C:\ti\simplelink_cc32xx_sdk_4_30_00_06\source\ti\devices\cc32xx\driverlib\ccs\Release\</path>
         <kind>archive</kind>
         <file>driverlib.a</file>
         <name>cpu.obj</name>
      </input_file>
      <input_file id="fl-22">
         <path>C:\ti\simplelink_cc32xx_sdk_4_30_00_06\source\ti\devices\cc32xx\driverlib\ccs\Release\</path>
         <kind>archive</kind>
         <file>driverlib.a</file>
         <name>i2c.obj</name>
      </input_file>
      <input_file id="fl-23">
         <path>C:\ti\simplelink_cc32xx_sdk_4_30_00_06\source\ti\devices\cc32xx\driverlib\ccs\Release\</path>
         <kind>archive</kind>
         <file>driverlib.a</file>
         <name>interrupt.obj</name>
      </input_file>
      <input_file id="fl-24">
         <path>C:\ti\simplelink_cc32xx_sdk_4_30_00_06\source\ti\devices\cc32xx\driverlib\ccs\Release\</path>
         <kind>archive</kind>
         <file>driverlib.a</file>
         <name>pin.obj</name>
      </input_file>
      <input_file id="fl-25">
         <path>C:\ti\simplelink_cc32xx_sdk_4_30_00_06\source\ti\devices\cc32xx\driverlib\ccs\Release\</path>
         <kind>archive</kind>
         <file>driverlib.a</file>
         <name>prcm.obj</name>
      </input_file>
      <input_file id="fl-26">
         <path>C:\ti\simplelink_cc32xx_sdk_4_30_00_06\source\ti\devices\cc32xx\driverlib\ccs\Release\</path>
         <kind>archive</kind>
         <file>driverlib.a</file>
         <name>timer.obj</name>
      </input_file>
      <input_file id="fl-27">
         <path>C:\ti\simplelink_cc32xx_sdk_4_30_00_06\source\ti\devices\cc32xx\driverlib\ccs\Release\</path>
         <kind>archive</kind>
         <file>driverlib.a</file>
         <name>uart.obj</name>
      </input_file>
      <input_file id="fl-28">
         <path>C:\ti\simplelink_cc32xx_sdk_4_30_00_06\source\ti\devices\cc32xx\driverlib\ccs\Release\</path>
         <kind>archive</kind>
         <file>driverlib.a</file>
         <name>utils.obj</name>
      </input_file>
      <input_file id="fl-29">
         <path>C:\ti\simplelink_cc32xx_sdk_4_30_00_06\source\ti\devices\cc32xx\driverlib\ccs\Release\</path>
         <kind>archive</kind>
         <file>driverlib.a</file>
         <name>flash.obj</name>
      </input_file>
      <input_file id="fl-df">
         <path>C:\ti\ccs1250\ccs\tools\compiler\ti-cgt-arm_20.2.7.LTS\lib\</path>
         <kind>archive</kind>
         <file>rtsv7M4_T_le_eabi.lib</file>
         <name>snprintf.c.obj</name>
      </input_file>
      <input_file id="fl-e0">
         <path>C:\ti\ccs1250\ccs\tools\compiler\ti-cgt-arm_20.2.7.LTS\lib\</path>
         <kind>archive</kind>
         <file>rtsv7M4_T_le_eabi.lib</file>
         <name>fs_mul_t2.asm.obj</name>
      </input_file>
      <input_file id="fl-e1">
         <path>C:\ti\ccs1250\ccs\tools\compiler\ti-cgt-arm_20.2.7.LTS\lib\</path>
         <kind>archive</kind>
         <file>rtsv7M4_T_le_eabi.lib</file>
         <name>fs_toi_t2.asm.obj</name>
      </input_file>
      <input_file id="fl-e2">
         <path>C:\ti\ccs1250\ccs\tools\compiler\ti-cgt-arm_20.2.7.LTS\lib\</path>
         <kind>archive</kind>
         <file>rtsv7M4_T_le_eabi.lib</file>
         <name>i_tofs_t2.asm.obj</name>
      </input_file>
      <input_file id="fl-e3">
         <path>C:\ti\ccs1250\ccs\tools\compiler\ti-cgt-arm_20.2.7.LTS\lib\</path>
         <kind>archive</kind>
         <file>rtsv7M4_T_le_eabi.lib</file>
         <name>ll_mul_t2.asm.obj</name>
      </input_file>
      <input_file id="fl-e4">
         <path>C:\ti\ccs1250\ccs\tools\compiler\ti-cgt-arm_20.2.7.LTS\lib\</path>
         <kind>archive</kind>
         <file>rtsv7M4_T_le_eabi.lib</file>
         <name>memcpy_t2.asm.obj</name>
      </input_file>
      <input_file id="fl-e5">
         <path>C:\ti\ccs1250\ccs\tools\compiler\ti-cgt-arm_20.2.7.LTS\lib\</path>
         <kind>archive</kind>
         <file>rtsv7M4_T_le_eabi.lib</file>
         <name>ull_div_t2.asm.obj</name>
      </input_file>
      <input_file id="fl-e6">
         <path>C:\ti\ccs1250\ccs\tools\compiler\ti-cgt-arm_20.2.7.LTS\lib\</path>
         <kind>archive</kind>
         <file>rtsv7M4_T_le_eabi.lib</file>
         <name>copy_zero_init.c.obj</name>
      </input_file>
      <input_file id="fl-e7">
         <path>C:\ti\ccs1250\ccs\tools\compiler\ti-cgt-arm_20.2.7.LTS\lib\</path>
         <kind>archive</kind>
         <file>rtsv7M4_T_le_eabi.lib</file>
         <name>copy_decompress_none.c.obj</name>
      </input_file>
      <input_file id="fl-e8">
         <path>C:\ti\ccs1250\ccs\tools\compiler\ti-cgt-arm_20.2.7.LTS\lib\</path>
         <kind>archive</kind>
         <file>rtsv7M4_T_le_eabi.lib</file>
         <name>copy_decompress_lzss.c.obj</name>
      </input_file>
      <input_file id="fl-e9">
         <path>C:\ti\ccs1250\ccs\tools\compiler\ti-cgt-arm_20.2.7.LTS\lib\</path>
         <kind>archive</kind>
         <file>rtsv7M4_T_le_eabi.lib</file>
         <name>memory.c.obj</name>
      </input_file>
      <input_file id="fl-ea">
         <path>C:\ti\ccs1250\ccs\tools\compiler\ti-cgt-arm_20.2.7.LTS\lib\</path>
         <kind>archive</kind>
         <file>rtsv7M4_T_le_eabi.lib</file>
         <name>boot_cortex_m.c.obj</name>
      </input_file>
      <input_file id="fl-eb">
         <path>C:\ti\ccs1250\ccs\tools\compiler\ti-cgt-arm_20.2.7.LTS\lib\</path>
         <kind>archive</kind>
         <file>rtsv7M4_T_le_eabi.lib</file>
         <name>_printfi.c.obj</name>
      </input_file>
      <input_file id="fl-ec">
         <path>C:\ti\ccs1250\ccs\tools\compiler\ti-cgt-arm_20.2.7.LTS\lib\</path>
         <kind>archive</kind>
         <file>rtsv7M4_T_le_eabi.lib</file>
         <name>div0.asm.obj</name>
      </input_file>
      <input_file id="fl-ed">
         <path>C:\ti\ccs1250\ccs\tools\compiler\ti-cgt-arm_20.2.7.LTS\lib\</path>
         <kind>archive</kind>
         <file>rtsv7M4_T_le_eabi.lib</file>
         <name>fd_add_t2.asm.obj</name>
      </input_file>
      <input_file id="fl-ee">
         <path>C:\ti\ccs1250\ccs\tools\compiler\ti-cgt-arm_20.2.7.LTS\lib\</path>
         <kind>archive</kind>
         <file>rtsv7M4_T_le_eabi.lib</file>
         <name>fd_cmp_t2.asm.obj</name>
      </input_file>
      <input_file id="fl-ef">
         <path>C:\ti\ccs1250\ccs\tools\compiler\ti-cgt-arm_20.2.7.LTS\lib\</path>
         <kind>archive</kind>
         <file>rtsv7M4_T_le_eabi.lib</file>
         <name>fd_div_t2.asm.obj</name>
      </input_file>
      <input_file id="fl-f0">
         <path>C:\ti\ccs1250\ccs\tools\compiler\ti-cgt-arm_20.2.7.LTS\lib\</path>
         <kind>archive</kind>
         <file>rtsv7M4_T_le_eabi.lib</file>
         <name>fd_mul_t2.asm.obj</name>
      </input_file>
      <input_file id="fl-f1">
         <path>C:\ti\ccs1250\ccs\tools\compiler\ti-cgt-arm_20.2.7.LTS\lib\</path>
         <kind>archive</kind>
         <file>rtsv7M4_T_le_eabi.lib</file>
         <name>fd_toi_t2.asm.obj</name>
      </input_file>
      <input_file id="fl-f2">
         <path>C:\ti\ccs1250\ccs\tools\compiler\ti-cgt-arm_20.2.7.LTS\lib\</path>
         <kind>archive</kind>
         <file>rtsv7M4_T_le_eabi.lib</file>
         <name>i_tofd_t2.asm.obj</name>
      </input_file>
      <input_file id="fl-f3">
         <path>C:\ti\ccs1250\ccs\tools\compiler\ti-cgt-arm_20.2.7.LTS\lib\</path>
         <kind>archive</kind>
         <file>rtsv7M4_T_le_eabi.lib</file>
         <name>memset_t2.asm.obj</name>
      </input_file>
      <input_file id="fl-f4">
         <path>C:\ti\ccs1250\ccs\tools\compiler\ti-cgt-arm_20.2.7.LTS\lib\</path>
         <kind>archive</kind>
         <file>rtsv7M4_T_le_eabi.lib</file>
         <name>autoinit.c.obj</name>
      </input_file>
      <input_file id="fl-f5">
         <path>C:\ti\ccs1250\ccs\tools\compiler\ti-cgt-arm_20.2.7.LTS\lib\</path>
         <kind>archive</kind>
         <file>rtsv7M4_T_le_eabi.lib</file>
         <name>pre_init.c.obj</name>
      </input_file>
      <input_file id="fl-f6">
         <path>C:\ti\ccs1250\ccs\tools\compiler\ti-cgt-arm_20.2.7.LTS\lib\</path>
         <kind>archive</kind>
         <file>rtsv7M4_T_le_eabi.lib</file>
         <name>cpy_tbl.c.obj</name>
      </input_file>
      <input_file id="fl-f7">
         <path>C:\ti\ccs1250\ccs\tools\compiler\ti-cgt-arm_20.2.7.LTS\lib\</path>
         <kind>archive</kind>
         <file>rtsv7M4_T_le_eabi.lib</file>
         <name>exit.c.obj</name>
      </input_file>
      <input_file id="fl-f8">
         <path>C:\ti\ccs1250\ccs\tools\compiler\ti-cgt-arm_20.2.7.LTS\lib\</path>
         <kind>archive</kind>
         <file>rtsv7M4_T_le_eabi.lib</file>
         <name>_lock.c.obj</name>
      </input_file>
      <input_file id="fl-f9">
         <path>C:\ti\ccs1250\ccs\tools\compiler\ti-cgt-arm_20.2.7.LTS\lib\</path>
         <kind>archive</kind>
         <file>rtsv7M4_T_le_eabi.lib</file>
         <name>_ltoa.c.obj</name>
      </input_file>
      <input_file id="fl-fa">
         <path>C:\ti\ccs1250\ccs\tools\compiler\ti-cgt-arm_20.2.7.LTS\lib\</path>
         <kind>archive</kind>
         <file>rtsv7M4_T_le_eabi.lib</file>
         <name>args_main.c.obj</name>
      </input_file>
      <input_file id="fl-fb">
         <path>C:\ti\ccs1250\ccs\tools\compiler\ti-cgt-arm_20.2.7.LTS\lib\</path>
         <kind>archive</kind>
         <file>rtsv7M4_T_le_eabi.lib</file>
         <name>atoi.c.obj</name>
      </input_file>
      <input_file id="fl-fc">
         <path>C:\ti\ccs1250\ccs\tools\compiler\ti-cgt-arm_20.2.7.LTS\lib\</path>
         <kind>archive</kind>
         <file>rtsv7M4_T_le_eabi.lib</file>
         <name>ctype.c.obj</name>
      </input_file>
      <input_file id="fl-fd">
         <path>C:\ti\ccs1250\ccs\tools\compiler\ti-cgt-arm_20.2.7.LTS\lib\</path>
         <kind>archive</kind>
         <file>rtsv7M4_T_le_eabi.lib</file>
         <name>memccpy.c.obj</name>
      </input_file>
      <input_file id="fl-fe">
         <path>C:\ti\ccs1250\ccs\tools\compiler\ti-cgt-arm_20.2.7.LTS\lib\</path>
         <kind>archive</kind>
         <file>rtsv7M4_T_le_eabi.lib</file>
         <name>strchr.c.obj</name>
      </input_file>
      <input_file id="fl-ff">
         <path>C:\ti\ccs1250\ccs\tools\compiler\ti-cgt-arm_20.2.7.LTS\lib\</path>
         <kind>archive</kind>
         <file>rtsv7M4_T_le_eabi.lib</file>
         <name>strlen.c.obj</name>
      </input_file>
      <input_file id="fl-100">
         <path>C:\ti\ccs1250\ccs\tools\compiler\ti-cgt-arm_20.2.7.LTS\lib\</path>
         <kind>archive</kind>
         <file>rtsv7M4_T_le_eabi.lib</file>
         <name>errno.c.obj</name>
      </input_file>
      <input_file id="fl-101">
         <path>C:\ti\ccs1250\ccs\tools\compiler\ti-cgt-arm_20.2.7.LTS\lib\</path>
         <kind>archive</kind>
         <file>rtsv7M4_T_le_eabi.lib</file>
         <name>wcslen.c.obj</name>
      </input_file>
      <input_file id="fl-102">
         <path>C:\ti\ccs1250\ccs\tools\compiler\ti-cgt-arm_20.2.7.LTS\lib\</path>
         <kind>archive</kind>
         <file>rtsv7M4_T_le_eabi.lib</file>
         <name>s_frexp.c.obj</name>
      </input_file>
      <input_file id="fl-103">
         <path>C:\ti\ccs1250\ccs\tools\compiler\ti-cgt-arm_20.2.7.LTS\lib\</path>
         <kind>archive</kind>
         <file>rtsv7M4_T_le_eabi.lib</file>
         <name>s_scalbn.c.obj</name>
      </input_file>
      <input_file id="fl-104">
         <path>C:\ti\ccs1250\ccs\tools\compiler\ti-cgt-arm_20.2.7.LTS\lib\</path>
         <kind>archive</kind>
         <file>rtsv7M4_T_le_eabi.lib</file>
         <name>s_copysign.c.obj</name>
      </input_file>
   </input_file_list>
   <object_component_list>
      <object_component id="oc-4bd">
         <name>.text:__TI_printfi</name>
         <load_address>0x2000c040</load_address>
         <run_address>0x2000c040</run_address>
         <size>0xa4e</size>
         <input_file_ref idref="fl-eb"/>
      </object_component>
      <object_component id="oc-1da">
         <name>.text:Board_initHook</name>
         <load_address>0x2000ca8e</load_address>
         <run_address>0x2000ca8e</run_address>
         <size>0x2</size>
         <input_file_ref idref="fl-3"/>
      </object_component>
      <object_component id="oc-1ce">
         <name>.text:PRCMCC3200MCUInit</name>
         <load_address>0x2000ca90</load_address>
         <run_address>0x2000ca90</run_address>
         <size>0x42c</size>
         <input_file_ref idref="fl-25"/>
      </object_component>
      <object_component id="oc-777">
         <name>.text:UARTCC32XX_open</name>
         <load_address>0x2000cebc</load_address>
         <run_address>0x2000cebc</run_address>
         <size>0x288</size>
         <input_file_ref idref="fl-16"/>
      </object_component>
      <object_component id="oc-63c">
         <name>.text:_pconv_a</name>
         <load_address>0x2000d144</load_address>
         <run_address>0x2000d144</run_address>
         <size>0x268</size>
         <input_file_ref idref="fl-eb"/>
      </object_component>
      <object_component id="oc-218">
         <name>.text:initI2C</name>
         <load_address>0x2000d3ac</load_address>
         <run_address>0x2000d3ac</run_address>
         <size>0x250</size>
         <input_file_ref idref="fl-2"/>
      </object_component>
      <object_component id="oc-1e8">
         <name>.text:GPIO_setConfig</name>
         <load_address>0x2000d5fc</load_address>
         <run_address>0x2000d5fc</run_address>
         <size>0x1e4</size>
         <input_file_ref idref="fl-11"/>
      </object_component>
      <object_component id="oc-62a">
         <name>.text:_pconv_g</name>
         <load_address>0x2000d7e0</load_address>
         <run_address>0x2000d7e0</run_address>
         <size>0x1cc</size>
         <input_file_ref idref="fl-eb"/>
      </object_component>
      <object_component id="oc-7d1">
         <name>.text</name>
         <load_address>0x2000d9ac</load_address>
         <run_address>0x2000d9ac</run_address>
         <size>0x1b6</size>
         <input_file_ref idref="fl-ed"/>
      </object_component>
      <object_component id="oc-37a">
         <name>.text:I2C_init</name>
         <load_address>0x2000db62</load_address>
         <run_address>0x2000db62</run_address>
         <size>0x2</size>
         <input_file_ref idref="fl-e"/>
      </object_component>
      <object_component id="oc-400">
         <name>.text:PowerCC32XX_sleepPolicy</name>
         <load_address>0x2000db64</load_address>
         <run_address>0x2000db64</run_address>
         <size>0x19c</size>
         <input_file_ref idref="fl-1d"/>
      </object_component>
      <object_component id="oc-504">
         <name>.text:I2CCC32XX_hwiFxn</name>
         <load_address>0x2000dd00</load_address>
         <run_address>0x2000dd00</run_address>
         <size>0x148</size>
         <input_file_ref idref="fl-12"/>
      </object_component>
      <object_component id="oc-709">
         <name>.text:parkPins</name>
         <load_address>0x2000de48</load_address>
         <run_address>0x2000de48</run_address>
         <size>0x148</size>
         <input_file_ref idref="fl-13"/>
      </object_component>
      <object_component id="oc-636">
         <name>.text:_pconv_e</name>
         <load_address>0x2000df90</load_address>
         <run_address>0x2000df90</run_address>
         <size>0x13c</size>
         <input_file_ref idref="fl-eb"/>
      </object_component>
      <object_component id="oc-57f">
         <name>.text:Power_sleep</name>
         <load_address>0x2000e0cc</load_address>
         <run_address>0x2000e0cc</run_address>
         <size>0x138</size>
         <input_file_ref idref="fl-13"/>
      </object_component>
      <object_component id="oc-7b7">
         <name>.text</name>
         <load_address>0x2000e204</load_address>
         <run_address>0x2000e204</run_address>
         <size>0x136</size>
         <input_file_ref idref="fl-ef"/>
      </object_component>
      <object_component id="oc-3fa">
         <name>.text:PowerCC32XX_initPolicy</name>
         <load_address>0x2000e33a</load_address>
         <run_address>0x2000e33a</run_address>
         <size>0x2</size>
         <input_file_ref idref="fl-1d"/>
      </object_component>
      <object_component id="oc-889">
         <name>.text:TimerCC32XX_open</name>
         <load_address>0x2000e33c</load_address>
         <run_address>0x2000e33c</run_address>
         <size>0x128</size>
         <input_file_ref idref="fl-15"/>
      </object_component>
      <object_component id="oc-512">
         <name>.text:I2C_transferTimeout</name>
         <load_address>0x2000e464</load_address>
         <run_address>0x2000e464</run_address>
         <size>0x122</size>
         <input_file_ref idref="fl-e"/>
      </object_component>
      <object_component id="oc-883">
         <name>.text:TimerCC32XX_init</name>
         <load_address>0x2000e586</load_address>
         <run_address>0x2000e586</run_address>
         <size>0x2</size>
         <input_file_ref idref="fl-15"/>
      </object_component>
      <object_component id="oc-765">
         <name>.text:UARTCC32XX_close</name>
         <load_address>0x2000e588</load_address>
         <run_address>0x2000e588</run_address>
         <size>0x120</size>
         <input_file_ref idref="fl-16"/>
      </object_component>
      <object_component id="oc-7e3">
         <name>.text:fcvt</name>
         <load_address>0x2000e6a8</load_address>
         <run_address>0x2000e6a8</run_address>
         <size>0x120</size>
         <input_file_ref idref="fl-eb"/>
      </object_component>
      <object_component id="oc-49e">
         <name>.text:readTemp</name>
         <load_address>0x2000e7c8</load_address>
         <run_address>0x2000e7c8</run_address>
         <size>0x120</size>
         <input_file_ref idref="fl-2"/>
      </object_component>
      <object_component id="oc-5de">
         <name>.text:aligned_alloc</name>
         <load_address>0x2000e8e8</load_address>
         <run_address>0x2000e8e8</run_address>
         <size>0x100</size>
         <input_file_ref idref="fl-e9"/>
      </object_component>
      <object_component id="oc-386">
         <name>.text:I2C_open</name>
         <load_address>0x2000e9e8</load_address>
         <run_address>0x2000e9e8</run_address>
         <size>0xfc</size>
         <input_file_ref idref="fl-12"/>
      </object_component>
      <object_component id="oc-7b2">
         <name>.text</name>
         <load_address>0x2000eae4</load_address>
         <run_address>0x2000eae4</run_address>
         <size>0xfc</size>
         <input_file_ref idref="fl-f0"/>
      </object_component>
      <object_component id="oc-76b">
         <name>.text:UARTCC32XX_control</name>
         <load_address>0x2000ebe0</load_address>
         <run_address>0x2000ebe0</run_address>
         <size>0xf2</size>
         <input_file_ref idref="fl-16"/>
      </object_component>
      <object_component id="oc-771">
         <name>.text:UARTCC32XX_init</name>
         <load_address>0x2000ecd2</load_address>
         <run_address>0x2000ecd2</run_address>
         <size>0x2</size>
         <input_file_ref idref="fl-16"/>
      </object_component>
      <object_component id="oc-41c">
         <name>.text:free</name>
         <load_address>0x2000ecd4</load_address>
         <run_address>0x2000ecd4</run_address>
         <size>0xe4</size>
         <input_file_ref idref="fl-e9"/>
      </object_component>
      <object_component id="oc-7f7">
         <name>.text:scalbn</name>
         <load_address>0x2000edb8</load_address>
         <run_address>0x2000edb8</run_address>
         <size>0xd0</size>
         <input_file_ref idref="fl-103"/>
      </object_component>
      <object_component id="oc-78f">
         <name>.text:UARTCC32XX_write</name>
         <load_address>0x2000ee88</load_address>
         <run_address>0x2000ee88</run_address>
         <size>0xca</size>
         <input_file_ref idref="fl-16"/>
      </object_component>
      <object_component id="oc-3c2">
         <name>.text:_nop</name>
         <load_address>0x2000ef52</load_address>
         <run_address>0x2000ef52</run_address>
         <size>0x2</size>
         <input_file_ref idref="fl-f8"/>
      </object_component>
      <object_component id="oc-1e2">
         <name>.text:GPIO_init</name>
         <load_address>0x2000ef54</load_address>
         <run_address>0x2000ef54</run_address>
         <size>0xc4</size>
         <input_file_ref idref="fl-11"/>
      </object_component>
      <object_component id="oc-726">
         <name>.text:restoreParkedPins</name>
         <load_address>0x2000f018</load_address>
         <run_address>0x2000f018</run_address>
         <size>0xc0</size>
         <input_file_ref idref="fl-13"/>
      </object_component>
      <object_component id="oc-783">
         <name>.text:UARTCC32XX_readPolling</name>
         <load_address>0x2000f0d8</load_address>
         <run_address>0x2000f0d8</run_address>
         <size>0xba</size>
         <input_file_ref idref="fl-16"/>
      </object_component>
      <object_component id="oc-73">
         <name>.text:busFaultHandler</name>
         <load_address>0x2000f192</load_address>
         <run_address>0x2000f192</run_address>
         <size>0x2</size>
         <input_file_ref idref="fl-1e"/>
      </object_component>
      <object_component id="oc-94a">
         <name>.text:initHw</name>
         <load_address>0x2000f194</load_address>
         <run_address>0x2000f194</run_address>
         <size>0xb8</size>
         <input_file_ref idref="fl-16"/>
      </object_component>
      <object_component id="oc-a71">
         <name>.text:readTaskCallback</name>
         <load_address>0x2000f24c</load_address>
         <run_address>0x2000f24c</run_address>
         <size>0xb6</size>
         <input_file_ref idref="fl-16"/>
      </object_component>
      <object_component id="oc-6a2">
         <name>.text:I2CCC32XX_completeTransfer</name>
         <load_address>0x2000f302</load_address>
         <run_address>0x2000f302</run_address>
         <size>0xb2</size>
         <input_file_ref idref="fl-12"/>
      </object_component>
      <object_component id="oc-61f">
         <name>.text:_ltostr</name>
         <load_address>0x2000f3b4</load_address>
         <run_address>0x2000f3b4</run_address>
         <size>0xb1</size>
         <input_file_ref idref="fl-eb"/>
      </object_component>
      <object_component id="oc-a5f">
         <name>.text:readTaskBlocking</name>
         <load_address>0x2000f466</load_address>
         <run_address>0x2000f466</run_address>
         <size>0xb0</size>
         <input_file_ref idref="fl-16"/>
      </object_component>
      <object_component id="oc-a65">
         <name>.text:readIsrTextBlocking</name>
         <load_address>0x2000f516</load_address>
         <run_address>0x2000f516</run_address>
         <size>0xae</size>
         <input_file_ref idref="fl-16"/>
      </object_component>
      <object_component id="oc-690">
         <name>.text:I2CCC32XX_primeWriteBurst</name>
         <load_address>0x2000f5c4</load_address>
         <run_address>0x2000f5c4</run_address>
         <size>0xa8</size>
         <input_file_ref idref="fl-12"/>
      </object_component>
      <object_component id="oc-b5">
         <name>.text:IntEnable</name>
         <load_address>0x2000f66c</load_address>
         <run_address>0x2000f66c</run_address>
         <size>0xa8</size>
         <input_file_ref idref="fl-23"/>
      </object_component>
      <object_component id="oc-2b5">
         <name>.text:PowerCC32XX_configureWakeup</name>
         <load_address>0x2000f714</load_address>
         <run_address>0x2000f714</run_address>
         <size>0xa8</size>
         <input_file_ref idref="fl-13"/>
      </object_component>
      <object_component id="oc-a77">
         <name>.text:readIsrTextCallback</name>
         <load_address>0x2000f7bc</load_address>
         <run_address>0x2000f7bc</run_address>
         <size>0xa2</size>
         <input_file_ref idref="fl-16"/>
      </object_component>
      <object_component id="oc-981">
         <name>.text:writeData</name>
         <load_address>0x2000f85e</load_address>
         <run_address>0x2000f85e</run_address>
         <size>0xa2</size>
         <input_file_ref idref="fl-16"/>
      </object_component>
      <object_component id="oc-2db">
         <name>.text:SemaphoreP_pend</name>
         <load_address>0x2000f900</load_address>
         <run_address>0x2000f900</run_address>
         <size>0xa0</size>
         <input_file_ref idref="fl-1a"/>
      </object_component>
      <object_component id="oc-349">
         <name>.text:tickFct_ButtonPress</name>
         <load_address>0x2000f9a0</load_address>
         <run_address>0x2000f9a0</run_address>
         <size>0xa0</size>
         <input_file_ref idref="fl-2"/>
      </object_component>
      <object_component id="oc-33f">
         <name>.text:tickFct_ReadTemp</name>
         <load_address>0x2000fa40</load_address>
         <run_address>0x2000fa40</run_address>
         <size>0xa0</size>
         <input_file_ref idref="fl-2"/>
      </object_component>
      <object_component id="oc-3b3">
         <name>.text:timerCallback</name>
         <load_address>0x2000fae0</load_address>
         <run_address>0x2000fae0</run_address>
         <size>0xa0</size>
         <input_file_ref idref="fl-2"/>
      </object_component>
      <object_component id="oc-4f2">
         <name>.text:I2CCC32XX_initHw</name>
         <load_address>0x2000fb80</load_address>
         <run_address>0x2000fb80</run_address>
         <size>0x9c</size>
         <input_file_ref idref="fl-12"/>
      </object_component>
      <object_component id="oc-3b">
         <name>.text</name>
         <load_address>0x2000fc1c</load_address>
         <run_address>0x2000fc1c</run_address>
         <size>0x9c</size>
         <input_file_ref idref="fl-e4"/>
      </object_component>
      <object_component id="oc-2f7">
         <name>.text:powerNotifyFxn</name>
         <load_address>0x2000fcb8</load_address>
         <run_address>0x2000fcb8</run_address>
         <size>0x98</size>
         <input_file_ref idref="fl-11"/>
      </object_component>
      <object_component id="oc-57a">
         <name>.text</name>
         <load_address>0x2000fd50</load_address>
         <run_address>0x2000fd50</run_address>
         <size>0x96</size>
         <input_file_ref idref="fl-e5"/>
      </object_component>
      <object_component id="oc-441">
         <name>.text:clkFxn</name>
         <load_address>0x2000fde6</load_address>
         <run_address>0x2000fde6</run_address>
         <size>0x2</size>
         <input_file_ref idref="fl-1a"/>
      </object_component>
      <object_component id="oc-71a">
         <name>.text:restoreNVICRegs</name>
         <load_address>0x2000fde8</load_address>
         <run_address>0x2000fde8</run_address>
         <size>0x90</size>
         <input_file_ref idref="fl-13"/>
      </object_component>
      <object_component id="oc-47d">
         <name>.text:HwiP_construct</name>
         <load_address>0x2000fe78</load_address>
         <run_address>0x2000fe78</run_address>
         <size>0x8c</size>
         <input_file_ref idref="fl-1c"/>
      </object_component>
      <object_component id="oc-8f2">
         <name>.text:IntPendSet</name>
         <load_address>0x2000ff04</load_address>
         <run_address>0x2000ff04</run_address>
         <size>0x88</size>
         <input_file_ref idref="fl-23"/>
      </object_component>
      <object_component id="oc-301">
         <name>.text:PinConfigSet</name>
         <load_address>0x2000ff8c</load_address>
         <run_address>0x2000ff8c</run_address>
         <size>0x88</size>
         <input_file_ref idref="fl-24"/>
      </object_component>
      <object_component id="oc-88f">
         <name>.text:TimerCC32XX_setPeriod</name>
         <load_address>0x20010014</load_address>
         <run_address>0x20010014</run_address>
         <size>0x88</size>
         <input_file_ref idref="fl-15"/>
      </object_component>
      <object_component id="oc-625">
         <name>.text:__aeabi_cdcmple</name>
         <load_address>0x2001009c</load_address>
         <run_address>0x2001009c</run_address>
         <size>0x86</size>
         <input_file_ref idref="fl-ee"/>
      </object_component>
      <object_component id="oc-7bc">
         <name>.text:__aeabi_cdrcmple</name>
         <load_address>0x20010122</load_address>
         <run_address>0x20010122</run_address>
         <size>0x86</size>
         <input_file_ref idref="fl-ee"/>
      </object_component>
      <object_component id="oc-1d4">
         <name>.text:Power_init</name>
         <load_address>0x200101a8</load_address>
         <run_address>0x200101a8</run_address>
         <size>0x84</size>
         <input_file_ref idref="fl-13"/>
      </object_component>
      <object_component id="oc-70f">
         <name>.text:saveNVICRegs</name>
         <load_address>0x2001022c</load_address>
         <run_address>0x2001022c</run_address>
         <size>0x84</size>
         <input_file_ref idref="fl-13"/>
      </object_component>
      <object_component id="oc-307">
         <name>.text:Power_setDependency</name>
         <load_address>0x200102b0</load_address>
         <run_address>0x200102b0</run_address>
         <size>0x80</size>
         <input_file_ref idref="fl-13"/>
      </object_component>
      <object_component id="oc-15f">
         <name>.text:mainThread</name>
         <load_address>0x20010330</load_address>
         <run_address>0x20010330</run_address>
         <size>0x7c</size>
         <input_file_ref idref="fl-2"/>
      </object_component>
      <object_component id="oc-a59">
         <name>.text:readIsrBinaryBlocking</name>
         <load_address>0x200103ac</load_address>
         <run_address>0x200103ac</run_address>
         <size>0x7c</size>
         <input_file_ref idref="fl-16"/>
      </object_component>
      <object_component id="oc-68a">
         <name>.text:I2CCC32XX_primeReadBurst</name>
         <load_address>0x20010428</load_address>
         <run_address>0x20010428</run_address>
         <size>0x7a</size>
         <input_file_ref idref="fl-12"/>
      </object_component>
      <object_component id="oc-5f7">
         <name>.text</name>
         <load_address>0x200104a2</load_address>
         <run_address>0x200104a2</run_address>
         <size>0x7a</size>
         <input_file_ref idref="fl-e0"/>
      </object_component>
      <object_component id="oc-9d">
         <name>.text</name>
         <load_address>0x2001051c</load_address>
         <run_address>0x2001051c</run_address>
         <size>0x7a</size>
         <input_file_ref idref="fl-f3"/>
      </object_component>
      <object_component id="oc-6d">
         <name>.text:defaultHandler</name>
         <load_address>0x20010596</load_address>
         <run_address>0x20010596</run_address>
         <size>0x2</size>
         <input_file_ref idref="fl-1e"/>
      </object_component>
      <object_component id="oc-32b">
         <name>.text:GPIO_hwiIntFxn</name>
         <load_address>0x20010598</load_address>
         <run_address>0x20010598</run_address>
         <size>0x78</size>
         <input_file_ref idref="fl-11"/>
      </object_component>
      <object_component id="oc-895">
         <name>.text:TimerCC32XX_start</name>
         <load_address>0x20010610</load_address>
         <run_address>0x20010610</run_address>
         <size>0x78</size>
         <input_file_ref idref="fl-15"/>
      </object_component>
      <object_component id="oc-a6b">
         <name>.text:readIsrBinaryCallback</name>
         <load_address>0x20010688</load_address>
         <run_address>0x20010688</run_address>
         <size>0x78</size>
         <input_file_ref idref="fl-16"/>
      </object_component>
      <object_component id="oc-959">
         <name>.text:UARTCC32XX_hwiIntFxn</name>
         <load_address>0x20010700</load_address>
         <run_address>0x20010700</run_address>
         <size>0x74</size>
         <input_file_ref idref="fl-16"/>
      </object_component>
      <object_component id="oc-756">
         <name>.text:split</name>
         <load_address>0x20010774</load_address>
         <run_address>0x20010774</run_address>
         <size>0x70</size>
         <input_file_ref idref="fl-e9"/>
      </object_component>
      <object_component id="oc-7dc">
         <name>.text:_mcpy</name>
         <load_address>0x200107e4</load_address>
         <run_address>0x200107e4</run_address>
         <size>0x6e</size>
         <input_file_ref idref="fl-eb"/>
      </object_component>
      <object_component id="oc-6bd">
         <name>.text:I2CSupport_primeTransfer</name>
         <load_address>0x20010852</load_address>
         <run_address>0x20010852</run_address>
         <size>0x6a</size>
         <input_file_ref idref="fl-12"/>
      </object_component>
      <object_component id="oc-14">
         <name>.text:decompress:lzss:__TI_decompress_lzss</name>
         <load_address>0x200108bc</load_address>
         <run_address>0x200108bc</run_address>
         <size>0x68</size>
         <input_file_ref idref="fl-e8"/>
      </object_component>
      <object_component id="oc-79b">
         <name>.text:UARTCC32XX_writeCancel</name>
         <load_address>0x20010924</load_address>
         <run_address>0x20010924</run_address>
         <size>0x66</size>
         <input_file_ref idref="fl-16"/>
      </object_component>
      <object_component id="oc-67">
         <name>.text:faultISR</name>
         <load_address>0x2001098a</load_address>
         <run_address>0x2001098a</run_address>
         <size>0x2</size>
         <input_file_ref idref="fl-1e"/>
      </object_component>
      <object_component id="oc-46b">
         <name>.text:PowerCC32XX_setParkState</name>
         <load_address>0x2001098c</load_address>
         <run_address>0x2001098c</run_address>
         <size>0x64</size>
         <input_file_ref idref="fl-13"/>
      </object_component>
      <object_component id="oc-795">
         <name>.text:UARTCC32XX_writePolling</name>
         <load_address>0x200109f0</load_address>
         <run_address>0x200109f0</run_address>
         <size>0x62</size>
         <input_file_ref idref="fl-16"/>
      </object_component>
      <object_component id="oc-61">
         <name>.text:nmiISR</name>
         <load_address>0x20010a52</load_address>
         <run_address>0x20010a52</run_address>
         <size>0x2</size>
         <input_file_ref idref="fl-1e"/>
      </object_component>
      <object_component id="oc-283">
         <name>.text:PRCMSysResetCauseGet</name>
         <load_address>0x20010a54</load_address>
         <run_address>0x20010a54</run_address>
         <size>0x60</size>
         <input_file_ref idref="fl-25"/>
      </object_component>
      <object_component id="oc-1f4">
         <name>.text:GPIO_setCallback</name>
         <load_address>0x20010ab4</load_address>
         <run_address>0x20010ab4</run_address>
         <size>0x5c</size>
         <input_file_ref idref="fl-11"/>
      </object_component>
      <object_component id="oc-7f1">
         <name>.text:frexp</name>
         <load_address>0x20010b10</load_address>
         <run_address>0x20010b10</run_address>
         <size>0x5c</size>
         <input_file_ref idref="fl-102"/>
      </object_component>
      <object_component id="oc-8b2">
         <name>.text:sysTickInit</name>
         <load_address>0x20010b6c</load_address>
         <run_address>0x20010b6c</run_address>
         <size>0x5c</size>
         <input_file_ref idref="fl-1b"/>
      </object_component>
      <object_component id="oc-1ee">
         <name>.text:GPIO_write</name>
         <load_address>0x20010bc8</load_address>
         <run_address>0x20010bc8</run_address>
         <size>0x58</size>
         <input_file_ref idref="fl-11"/>
      </object_component>
      <object_component id="oc-29c">
         <name>.text:PRCMPeripheralReset</name>
         <load_address>0x20010c20</load_address>
         <run_address>0x20010c20</run_address>
         <size>0x58</size>
         <input_file_ref idref="fl-25"/>
      </object_component>
      <object_component id="oc-911">
         <name>.text:Power_releaseDependency</name>
         <load_address>0x20010c78</load_address>
         <run_address>0x20010c78</run_address>
         <size>0x58</size>
         <input_file_ref idref="fl-13"/>
      </object_component>
      <object_component id="oc-89b">
         <name>.text:TimerCC32XX_stop</name>
         <load_address>0x20010cd0</load_address>
         <run_address>0x20010cd0</run_address>
         <size>0x56</size>
         <input_file_ref idref="fl-15"/>
      </object_component>
      <object_component id="oc-630">
         <name>.text:_pconv_f</name>
         <load_address>0x20010d26</load_address>
         <run_address>0x20010d26</run_address>
         <size>0x56</size>
         <input_file_ref idref="fl-eb"/>
      </object_component>
      <object_component id="oc-7c6">
         <name>.text:__TI_ltoa</name>
         <load_address>0x20010d7c</load_address>
         <run_address>0x20010d7c</run_address>
         <size>0x54</size>
         <input_file_ref idref="fl-f9"/>
      </object_component>
      <object_component id="oc-21e">
         <name>.text:initTimer</name>
         <load_address>0x20010dd0</load_address>
         <run_address>0x20010dd0</run_address>
         <size>0x54</size>
         <input_file_ref idref="fl-2"/>
      </object_component>
      <object_component id="oc-ae6">
         <name>.text:ringBufGet</name>
         <load_address>0x20010e24</load_address>
         <run_address>0x20010e24</run_address>
         <size>0x54</size>
         <input_file_ref idref="fl-16"/>
      </object_component>
      <object_component id="oc-8cf">
         <name>.text:PowerCC32XX_resumeLPDS</name>
         <load_address>0x20010e78</load_address>
         <run_address>0x20010e78</run_address>
         <size>0x52</size>
         <input_file_ref idref="fl-14"/>
      </object_component>
      <object_component id="oc-7d6">
         <name>.text:_ecpy</name>
         <load_address>0x20010eca</load_address>
         <run_address>0x20010eca</run_address>
         <size>0x52</size>
         <input_file_ref idref="fl-eb"/>
      </object_component>
      <object_component id="oc-9e6">
         <name>.text:initHw</name>
         <load_address>0x20010f1c</load_address>
         <run_address>0x20010f1c</run_address>
         <size>0x52</size>
         <input_file_ref idref="fl-15"/>
      </object_component>
      <object_component id="oc-6fd">
         <name>.text</name>
         <load_address>0x20010f6e</load_address>
         <run_address>0x20010f6e</run_address>
         <size>0x2</size>
         <input_file_ref idref="fl-ec"/>
      </object_component>
      <object_component id="oc-79">
         <name>.text:ClockP_sysTickHandler</name>
         <load_address>0x20010f70</load_address>
         <run_address>0x20010f70</run_address>
         <size>0x50</size>
         <input_file_ref idref="fl-1b"/>
      </object_component>
      <object_component id="oc-5a0">
         <name>.text:SemaphoreP_construct</name>
         <load_address>0x20010fc0</load_address>
         <run_address>0x20010fc0</run_address>
         <size>0x50</size>
         <input_file_ref idref="fl-1a"/>
      </object_component>
      <object_component id="oc-9da">
         <name>.text:TimerCC32XX_allocateTimerResource</name>
         <load_address>0x20011010</load_address>
         <run_address>0x20011010</run_address>
         <size>0x50</size>
         <input_file_ref idref="fl-15"/>
      </object_component>
      <object_component id="oc-1fa">
         <name>.text:GPIO_enableInt</name>
         <load_address>0x20011060</load_address>
         <run_address>0x20011060</run_address>
         <size>0x4c</size>
         <input_file_ref idref="fl-11"/>
      </object_component>
      <object_component id="oc-67e">
         <name>.text:I2CCC32XX_readRecieveFifo</name>
         <load_address>0x200110ac</load_address>
         <run_address>0x200110ac</run_address>
         <size>0x4c</size>
         <input_file_ref idref="fl-12"/>
      </object_component>
      <object_component id="oc-8c6">
         <name>.text:PowerCC32XX_parkPin</name>
         <load_address>0x200110f8</load_address>
         <run_address>0x200110f8</run_address>
         <size>0x4c</size>
         <input_file_ref idref="fl-13"/>
      </object_component>
      <object_component id="oc-619">
         <name>.text:atoi</name>
         <load_address>0x20011144</load_address>
         <run_address>0x20011144</run_address>
         <size>0x4c</size>
         <input_file_ref idref="fl-fb"/>
      </object_component>
      <object_component id="oc-720">
         <name>.text:restorePeriphClocks</name>
         <load_address>0x20011190</load_address>
         <run_address>0x20011190</run_address>
         <size>0x4c</size>
         <input_file_ref idref="fl-13"/>
      </object_component>
      <object_component id="oc-36e">
         <name>.text:snprintf</name>
         <load_address>0x200111dc</load_address>
         <run_address>0x200111dc</run_address>
         <size>0x4c</size>
         <input_file_ref idref="fl-df"/>
      </object_component>
      <object_component id="oc-8ea">
         <name>.text:FlashDisable</name>
         <load_address>0x20011228</load_address>
         <run_address>0x20011228</run_address>
         <size>0x48</size>
         <input_file_ref idref="fl-29"/>
      </object_component>
      <object_component id="oc-72c">
         <name>.text:PRCMLPDSEnter</name>
         <load_address>0x20011270</load_address>
         <run_address>0x20011270</run_address>
         <size>0x48</size>
         <input_file_ref idref="fl-25"/>
      </object_component>
      <object_component id="oc-296">
         <name>.text:PRCMPeripheralClkEnable</name>
         <load_address>0x200112b8</load_address>
         <run_address>0x200112b8</run_address>
         <size>0x48</size>
         <input_file_ref idref="fl-25"/>
      </object_component>
      <object_component id="oc-846">
         <name>.text:Power_releaseConstraint</name>
         <load_address>0x20011300</load_address>
         <run_address>0x20011300</run_address>
         <size>0x48</size>
         <input_file_ref idref="fl-13"/>
      </object_component>
      <object_component id="oc-7c1">
         <name>.text</name>
         <load_address>0x20011348</load_address>
         <run_address>0x20011348</run_address>
         <size>0x48</size>
         <input_file_ref idref="fl-f1"/>
      </object_component>
      <object_component id="oc-ad3">
         <name>.text:RingBuf_put</name>
         <load_address>0x20011390</load_address>
         <run_address>0x20011390</run_address>
         <size>0x46</size>
         <input_file_ref idref="fl-18"/>
      </object_component>
      <object_component id="oc-9e0">
         <name>.text:getPrescaler</name>
         <load_address>0x200113d6</load_address>
         <run_address>0x200113d6</run_address>
         <size>0x46</size>
         <input_file_ref idref="fl-15"/>
      </object_component>
      <object_component id="oc-5c8">
         <name>.text:ClockP_stop</name>
         <load_address>0x2001141c</load_address>
         <run_address>0x2001141c</run_address>
         <size>0x44</size>
         <input_file_ref idref="fl-1b"/>
      </object_component>
      <object_component id="oc-8d4">
         <name>.text:PRCMLPDSRestoreInfoSet</name>
         <load_address>0x20011460</load_address>
         <run_address>0x20011460</run_address>
         <size>0x44</size>
         <input_file_ref idref="fl-25"/>
      </object_component>
      <object_component id="oc-715">
         <name>.text:PowerCC32XX_enterLPDS</name>
         <load_address>0x200114a4</load_address>
         <run_address>0x200114a4</run_address>
         <size>0x44</size>
         <input_file_ref idref="fl-14"/>
      </object_component>
      <object_component id="oc-2e7">
         <name>.text:SemaphoreP_post</name>
         <load_address>0x200114e8</load_address>
         <run_address>0x200114e8</run_address>
         <size>0x44</size>
         <input_file_ref idref="fl-1a"/>
      </object_component>
      <object_component id="oc-590">
         <name>.text:SwiP_restore</name>
         <load_address>0x2001152c</load_address>
         <run_address>0x2001152c</run_address>
         <size>0x44</size>
         <input_file_ref idref="fl-1f"/>
      </object_component>
      <object_component id="oc-39b">
         <name>.text:Timer_init</name>
         <load_address>0x20011570</load_address>
         <run_address>0x20011570</run_address>
         <size>0x44</size>
         <input_file_ref idref="fl-f"/>
      </object_component>
      <object_component id="oc-35a">
         <name>.text:UART_init</name>
         <load_address>0x200115b4</load_address>
         <run_address>0x200115b4</run_address>
         <size>0x44</size>
         <input_file_ref idref="fl-10"/>
      </object_component>
      <object_component id="oc-172">
         <name>.text:__TI_auto_init_nobinit_nopinit:__TI_auto_init_nobinit_nopinit</name>
         <load_address>0x200115f8</load_address>
         <run_address>0x200115f8</run_address>
         <size>0x44</size>
         <input_file_ref idref="fl-f4"/>
      </object_component>
      <object_component id="oc-212">
         <name>.text:initUART</name>
         <load_address>0x2001163c</load_address>
         <run_address>0x2001163c</run_address>
         <size>0x44</size>
         <input_file_ref idref="fl-2"/>
      </object_component>
      <object_component id="oc-a48">
         <name>.text:ClockP_construct</name>
         <load_address>0x20011680</load_address>
         <run_address>0x20011680</run_address>
         <size>0x40</size>
         <input_file_ref idref="fl-1b"/>
      </object_component>
      <object_component id="oc-2ae">
         <name>.text:PinModeSet</name>
         <load_address>0x200116c0</load_address>
         <run_address>0x200116c0</run_address>
         <size>0x40</size>
         <input_file_ref idref="fl-24"/>
      </object_component>
      <object_component id="oc-973">
         <name>.text:RingBuf_get</name>
         <load_address>0x20011700</load_address>
         <run_address>0x20011700</run_address>
         <size>0x40</size>
         <input_file_ref idref="fl-18"/>
      </object_component>
      <object_component id="oc-3a7">
         <name>.text:Timer_open</name>
         <load_address>0x20011740</load_address>
         <run_address>0x20011740</run_address>
         <size>0x40</size>
         <input_file_ref idref="fl-f"/>
      </object_component>
      <object_component id="oc-77d">
         <name>.text:UARTCC32XX_read</name>
         <load_address>0x20011780</load_address>
         <run_address>0x20011780</run_address>
         <size>0x40</size>
         <input_file_ref idref="fl-16"/>
      </object_component>
      <object_component id="oc-366">
         <name>.text:UART_open</name>
         <load_address>0x200117c0</load_address>
         <run_address>0x200117c0</run_address>
         <size>0x40</size>
         <input_file_ref idref="fl-10"/>
      </object_component>
      <object_component id="oc-7e9">
         <name>.text:_fcpy</name>
         <load_address>0x20011800</load_address>
         <run_address>0x20011800</run_address>
         <size>0x3e</size>
         <input_file_ref idref="fl-eb"/>
      </object_component>
      <object_component id="oc-353">
         <name>.text:tickFnct_Report</name>
         <load_address>0x2001183e</load_address>
         <run_address>0x2001183e</run_address>
         <size>0x2</size>
         <input_file_ref idref="fl-2"/>
      </object_component>
      <object_component id="oc-43b">
         <name>.text:ClockP_destruct</name>
         <load_address>0x20011840</load_address>
         <run_address>0x20011840</run_address>
         <size>0x3c</size>
         <input_file_ref idref="fl-1b"/>
      </object_component>
      <object_component id="oc-84d">
         <name>.text:Power_setConstraint</name>
         <load_address>0x2001187c</load_address>
         <run_address>0x2001187c</run_address>
         <size>0x3c</size>
         <input_file_ref idref="fl-13"/>
      </object_component>
      <object_component id="oc-871">
         <name>.text:TimerCC32XX_close</name>
         <load_address>0x200118b8</load_address>
         <run_address>0x200118b8</run_address>
         <size>0x3a</size>
         <input_file_ref idref="fl-15"/>
      </object_component>
      <object_component id="oc-574">
         <name>.text:getCountsRTC</name>
         <load_address>0x200118f2</load_address>
         <run_address>0x200118f2</run_address>
         <size>0x3a</size>
         <input_file_ref idref="fl-1d"/>
      </object_component>
      <object_component id="oc-732">
         <name>.text:PRCMLPDSEnterKeepDebugIf</name>
         <load_address>0x2001192c</load_address>
         <run_address>0x2001192c</run_address>
         <size>0x38</size>
         <input_file_ref idref="fl-25"/>
      </object_component>
      <object_component id="oc-9f2">
         <name>.text:TimerCC32XX_hwiIntFunction</name>
         <load_address>0x20011964</load_address>
         <run_address>0x20011964</run_address>
         <size>0x38</size>
         <input_file_ref idref="fl-15"/>
      </object_component>
      <object_component id="oc-db">
         <name>.text:addToList</name>
         <load_address>0x2001199c</load_address>
         <run_address>0x2001199c</run_address>
         <size>0x38</size>
         <input_file_ref idref="fl-1b"/>
      </object_component>
      <object_component id="oc-59">
         <name>.text:initVectors</name>
         <load_address>0x200119d4</load_address>
         <run_address>0x200119d4</run_address>
         <size>0x38</size>
         <input_file_ref idref="fl-1e"/>
      </object_component>
      <object_component id="oc-703">
         <name>.text:notify</name>
         <load_address>0x20011a0c</load_address>
         <run_address>0x20011a0c</run_address>
         <size>0x38</size>
         <input_file_ref idref="fl-13"/>
      </object_component>
      <object_component id="oc-5fc">
         <name>.text</name>
         <load_address>0x20011a44</load_address>
         <run_address>0x20011a44</run_address>
         <size>0x38</size>
         <input_file_ref idref="fl-e1"/>
      </object_component>
      <object_component id="oc-5f2">
         <name>.text</name>
         <load_address>0x20011a7c</load_address>
         <run_address>0x20011a7c</run_address>
         <size>0x38</size>
         <input_file_ref idref="fl-e2"/>
      </object_component>
      <object_component id="oc-ab1">
         <name>.text:TimerControlStall</name>
         <load_address>0x20011ab4</load_address>
         <run_address>0x20011ab4</run_address>
         <size>0x36</size>
         <input_file_ref idref="fl-26"/>
      </object_component>
      <object_component id="oc-789">
         <name>.text:UARTCC32XX_readCancel</name>
         <load_address>0x20011aea</load_address>
         <run_address>0x20011aea</run_address>
         <size>0x36</size>
         <input_file_ref idref="fl-16"/>
      </object_component>
      <object_component id="oc-562">
         <name>.text:ClockP_getTicksUntilInterrupt</name>
         <load_address>0x20011b20</load_address>
         <run_address>0x20011b20</run_address>
         <size>0x34</size>
         <input_file_ref idref="fl-1b"/>
      </object_component>
      <object_component id="oc-6f4">
         <name>.text:ClockP_startup</name>
         <load_address>0x20011b54</load_address>
         <run_address>0x20011b54</run_address>
         <size>0x34</size>
         <input_file_ref idref="fl-1b"/>
      </object_component>
      <object_component id="oc-2a8">
         <name>.text:PinModeGet</name>
         <load_address>0x20011b88</load_address>
         <run_address>0x20011b88</run_address>
         <size>0x34</size>
         <input_file_ref idref="fl-24"/>
      </object_component>
      <object_component id="oc-917">
         <name>.text:PowerCC32XX_restoreParkState</name>
         <load_address>0x20011bbc</load_address>
         <run_address>0x20011bbc</run_address>
         <size>0x34</size>
         <input_file_ref idref="fl-13"/>
      </object_component>
      <object_component id="oc-9d0">
         <name>.text:TimerCC32XX_freeTimerResource</name>
         <load_address>0x20011bf0</load_address>
         <run_address>0x20011bf0</run_address>
         <size>0x34</size>
         <input_file_ref idref="fl-15"/>
      </object_component>
      <object_component id="oc-aa5">
         <name>.text:getPowerMgrId</name>
         <load_address>0x20011c24</load_address>
         <run_address>0x20011c24</run_address>
         <size>0x34</size>
         <input_file_ref idref="fl-15"/>
      </object_component>
      <object_component id="oc-429">
         <name>.text:ClockP_start</name>
         <load_address>0x20011c58</load_address>
         <run_address>0x20011c58</run_address>
         <size>0x30</size>
         <input_file_ref idref="fl-1b"/>
      </object_component>
      <object_component id="oc-8e3">
         <name>.text:PowerCC32XX_restoreParkedPin</name>
         <load_address>0x20011c88</load_address>
         <run_address>0x20011c88</run_address>
         <size>0x30</size>
         <input_file_ref idref="fl-13"/>
      </object_component>
      <object_component id="oc-4c3">
         <name>.text:_outs</name>
         <load_address>0x20011cb8</load_address>
         <run_address>0x20011cb8</run_address>
         <size>0x30</size>
         <input_file_ref idref="fl-df"/>
      </object_component>
      <object_component id="oc-7cc">
         <name>.text</name>
         <load_address>0x20011ce8</load_address>
         <run_address>0x20011ce8</run_address>
         <size>0x2e</size>
         <input_file_ref idref="fl-f2"/>
      </object_component>
      <object_component id="oc-938">
         <name>.text:PowerCC32XX_getParkState</name>
         <load_address>0x20011d18</load_address>
         <run_address>0x20011d18</run_address>
         <size>0x2c</size>
         <input_file_ref idref="fl-13"/>
      </object_component>
      <object_component id="oc-313">
         <name>.text:HwiP_create</name>
         <load_address>0x20011d44</load_address>
         <run_address>0x20011d44</run_address>
         <size>0x2a</size>
         <input_file_ref idref="fl-1c"/>
      </object_component>
      <object_component id="oc-9ff">
         <name>.text:TimerLoadSet</name>
         <load_address>0x20011d6e</load_address>
         <run_address>0x20011d6e</run_address>
         <size>0x2a</size>
         <input_file_ref idref="fl-26"/>
      </object_component>
      <object_component id="oc-9f9">
         <name>.text:TimerPrescaleSet</name>
         <load_address>0x20011d98</load_address>
         <run_address>0x20011d98</run_address>
         <size>0x2a</size>
         <input_file_ref idref="fl-26"/>
      </object_component>
      <object_component id="oc-696">
         <name>.text:I2CFIFODataPutNonBlocking</name>
         <load_address>0x20011dc2</load_address>
         <run_address>0x20011dc2</run_address>
         <size>0x28</size>
         <input_file_ref idref="fl-22"/>
      </object_component>
      <object_component id="oc-2a2">
         <name>.text:PRCMPeripheralClkDisable</name>
         <load_address>0x20011dec</load_address>
         <run_address>0x20011dec</run_address>
         <size>0x28</size>
         <input_file_ref idref="fl-25"/>
      </object_component>
      <object_component id="oc-2e1">
         <name>.text:Power_registerNotify</name>
         <load_address>0x20011e14</load_address>
         <run_address>0x20011e14</run_address>
         <size>0x28</size>
         <input_file_ref idref="fl-13"/>
      </object_component>
      <object_component id="oc-5c0">
         <name>.text:free_list_insert</name>
         <load_address>0x20011e3c</load_address>
         <run_address>0x20011e3c</run_address>
         <size>0x28</size>
         <input_file_ref idref="fl-e9"/>
      </object_component>
      <object_component id="oc-822">
         <name>.text:I2CFIFODataGetNonBlocking</name>
         <load_address>0x20011e64</load_address>
         <run_address>0x20011e64</run_address>
         <size>0x26</size>
         <input_file_ref idref="fl-22"/>
      </object_component>
      <object_component id="oc-6c9">
         <name>.text:I2C_cancel</name>
         <load_address>0x20011e8a</load_address>
         <run_address>0x20011e8a</run_address>
         <size>0x26</size>
         <input_file_ref idref="fl-e"/>
      </object_component>
      <object_component id="oc-44b">
         <name>.text:List_put</name>
         <load_address>0x20011eb0</load_address>
         <run_address>0x20011eb0</run_address>
         <size>0x26</size>
         <input_file_ref idref="fl-17"/>
      </object_component>
      <object_component id="oc-a38">
         <name>.text:List_remove</name>
         <load_address>0x20011ed6</load_address>
         <run_address>0x20011ed6</run_address>
         <size>0x26</size>
         <input_file_ref idref="fl-17"/>
      </object_component>
      <object_component id="oc-5e8">
         <name>.text:HwiP_dispatch</name>
         <load_address>0x20011efc</load_address>
         <run_address>0x20011efc</run_address>
         <size>0x24</size>
         <input_file_ref idref="fl-1c"/>
      </object_component>
      <object_component id="oc-932">
         <name>.text:PowerCC32XX_reset</name>
         <load_address>0x20011f20</load_address>
         <run_address>0x20011f20</run_address>
         <size>0x24</size>
         <input_file_ref idref="fl-13"/>
      </object_component>
      <object_component id="oc-c5">
         <name>.text:_c_int00_noargs:_c_int00_noargs</name>
         <load_address>0x20011f44</load_address>
         <run_address>0x20011f44</run_address>
         <size>0x24</size>
         <input_file_ref idref="fl-ea"/>
      </object_component>
      <object_component id="oc-206">
         <name>.text:initButtonTask</name>
         <load_address>0x20011f68</load_address>
         <run_address>0x20011f68</run_address>
         <size>0x24</size>
         <input_file_ref idref="fl-2"/>
      </object_component>
      <object_component id="oc-20c">
         <name>.text:initReportTask</name>
         <load_address>0x20011f8c</load_address>
         <run_address>0x20011f8c</run_address>
         <size>0x24</size>
         <input_file_ref idref="fl-2"/>
      </object_component>
      <object_component id="oc-200">
         <name>.text:initTempTask</name>
         <load_address>0x20011fb0</load_address>
         <run_address>0x20011fb0</run_address>
         <size>0x24</size>
         <input_file_ref idref="fl-2"/>
      </object_component>
      <object_component id="oc-82a">
         <name>.text:I2CMasterSlaveAddrSet</name>
         <load_address>0x20011fd4</load_address>
         <run_address>0x20011fd4</run_address>
         <size>0x22</size>
         <input_file_ref idref="fl-22"/>
      </object_component>
      <object_component id="oc-a30">
         <name>.text:HwiP_destruct</name>
         <load_address>0x20011ff6</load_address>
         <run_address>0x20011ff6</run_address>
         <size>0x20</size>
         <input_file_ref idref="fl-1c"/>
      </object_component>
      <object_component id="oc-90b">
         <name>.text:Power_unregisterNotify</name>
         <load_address>0x20012018</load_address>
         <run_address>0x20012018</run_address>
         <size>0x20</size>
         <input_file_ref idref="fl-13"/>
      </object_component>
      <object_component id="oc-91e">
         <name>.text:RingBuf_peek</name>
         <load_address>0x20012038</load_address>
         <run_address>0x20012038</run_address>
         <size>0x20</size>
         <input_file_ref idref="fl-18"/>
      </object_component>
      <object_component id="oc-92c">
         <name>.text:getPowerMgrId</name>
         <load_address>0x20012058</load_address>
         <run_address>0x20012058</run_address>
         <size>0x20</size>
         <input_file_ref idref="fl-16"/>
      </object_component>
      <object_component id="oc-672">
         <name>.text:I2CMasterIntStatusEx</name>
         <load_address>0x20012078</load_address>
         <run_address>0x20012078</run_address>
         <size>0x1e</size>
         <input_file_ref idref="fl-22"/>
      </object_component>
      <object_component id="oc-4ec">
         <name>.text:SemaphoreP_constructBinary</name>
         <load_address>0x20012096</load_address>
         <run_address>0x20012096</run_address>
         <size>0x1e</size>
         <input_file_ref idref="fl-1a"/>
      </object_component>
      <object_component id="oc-a13">
         <name>.text:TimerDisable</name>
         <load_address>0x200120b4</load_address>
         <run_address>0x200120b4</run_address>
         <size>0x1e</size>
         <input_file_ref idref="fl-26"/>
      </object_component>
      <object_component id="oc-a0c">
         <name>.text:TimerEnable</name>
         <load_address>0x200120d2</load_address>
         <run_address>0x200120d2</run_address>
         <size>0x1e</size>
         <input_file_ref idref="fl-26"/>
      </object_component>
      <object_component id="oc-8c0">
         <name>.text:PinToPadGet</name>
         <load_address>0x200120f0</load_address>
         <run_address>0x200120f0</run_address>
         <size>0x1c</size>
         <input_file_ref idref="fl-24"/>
      </object_component>
      <object_component id="oc-556">
         <name>.text:SwiP_disable</name>
         <load_address>0x2001210c</load_address>
         <run_address>0x2001210c</run_address>
         <size>0x1c</size>
         <input_file_ref idref="fl-1f"/>
      </object_component>
      <object_component id="oc-5ba">
         <name>.text:free_list_remove</name>
         <load_address>0x20012128</load_address>
         <run_address>0x20012128</run_address>
         <size>0x1c</size>
         <input_file_ref idref="fl-e9"/>
      </object_component>
      <object_component id="oc-642">
         <name>.text:memccpy</name>
         <load_address>0x20012144</load_address>
         <run_address>0x20012144</run_address>
         <size>0x1c</size>
         <input_file_ref idref="fl-fd"/>
      </object_component>
      <object_component id="oc-944">
         <name>.text:ClockP_create</name>
         <load_address>0x20012160</load_address>
         <run_address>0x20012160</run_address>
         <size>0x1a</size>
         <input_file_ref idref="fl-1b"/>
      </object_component>
      <object_component id="oc-2c3">
         <name>.text:SemaphoreP_createBinary</name>
         <load_address>0x2001217a</load_address>
         <run_address>0x2001217a</run_address>
         <size>0x1a</size>
         <input_file_ref idref="fl-1a"/>
      </object_component>
      <object_component id="oc-21">
         <name>.text:resetISR</name>
         <load_address>0x20012194</load_address>
         <run_address>0x20012194</run_address>
         <size>0x1a</size>
         <input_file_ref idref="fl-1e"/>
      </object_component>
      <object_component id="oc-861">
         <name>.text:I2CMasterBusBusy</name>
         <load_address>0x200121ae</load_address>
         <run_address>0x200121ae</run_address>
         <size>0x18</size>
         <input_file_ref idref="fl-22"/>
      </object_component>
      <object_component id="oc-684">
         <name>.text:I2CMasterIntDisableEx</name>
         <load_address>0x200121c6</load_address>
         <run_address>0x200121c6</run_address>
         <size>0x18</size>
         <input_file_ref idref="fl-22"/>
      </object_component>
      <object_component id="oc-83c">
         <name>.text:I2CMasterIntEnableEx</name>
         <load_address>0x200121de</load_address>
         <run_address>0x200121de</run_address>
         <size>0x18</size>
         <input_file_ref idref="fl-22"/>
      </object_component>
      <object_component id="oc-85b">
         <name>.text:I2CRxFIFOFlush</name>
         <load_address>0x200121f6</load_address>
         <run_address>0x200121f6</run_address>
         <size>0x18</size>
         <input_file_ref idref="fl-22"/>
      </object_component>
      <object_component id="oc-855">
         <name>.text:I2CTxFIFOFlush</name>
         <load_address>0x2001220e</load_address>
         <run_address>0x2001220e</run_address>
         <size>0x18</size>
         <input_file_ref idref="fl-22"/>
      </object_component>
      <object_component id="oc-568">
         <name>.text:Power_getTransitionLatency</name>
         <load_address>0x20012228</load_address>
         <run_address>0x20012228</run_address>
         <size>0x18</size>
         <input_file_ref idref="fl-13"/>
      </object_component>
      <object_component id="oc-745">
         <name>.text:Power_idleFunc</name>
         <load_address>0x20012240</load_address>
         <run_address>0x20012240</run_address>
         <size>0x18</size>
         <input_file_ref idref="fl-13"/>
      </object_component>
      <object_component id="oc-87d">
         <name>.text:TimerCC32XX_getCount</name>
         <load_address>0x20012258</load_address>
         <run_address>0x20012258</run_address>
         <size>0x18</size>
         <input_file_ref idref="fl-15"/>
      </object_component>
      <object_component id="oc-a19">
         <name>.text:TimerIntDisable</name>
         <load_address>0x20012270</load_address>
         <run_address>0x20012270</run_address>
         <size>0x18</size>
         <input_file_ref idref="fl-26"/>
      </object_component>
      <object_component id="oc-a06">
         <name>.text:TimerIntEnable</name>
         <load_address>0x20012288</load_address>
         <run_address>0x20012288</run_address>
         <size>0x18</size>
         <input_file_ref idref="fl-26"/>
      </object_component>
      <object_component id="oc-97b">
         <name>.text:UARTBusy</name>
         <load_address>0x200122a0</load_address>
         <run_address>0x200122a0</run_address>
         <size>0x18</size>
         <input_file_ref idref="fl-27"/>
      </object_component>
      <object_component id="oc-a8c">
         <name>.text:UARTIntEnable</name>
         <load_address>0x200122b8</load_address>
         <run_address>0x200122b8</run_address>
         <size>0x18</size>
         <input_file_ref idref="fl-27"/>
      </object_component>
      <object_component id="oc-360">
         <name>.text:UART_Params_init</name>
         <load_address>0x200122d0</load_address>
         <run_address>0x200122d0</run_address>
         <size>0x18</size>
         <input_file_ref idref="fl-10"/>
      </object_component>
      <object_component id="oc-4c9">
         <name>.text:_outc</name>
         <load_address>0x200122e8</load_address>
         <run_address>0x200122e8</run_address>
         <size>0x18</size>
         <input_file_ref idref="fl-df"/>
      </object_component>
      <object_component id="oc-224">
         <name>.text:gpioButtonFxn0</name>
         <load_address>0x20012300</load_address>
         <run_address>0x20012300</run_address>
         <size>0x18</size>
         <input_file_ref idref="fl-2"/>
      </object_component>
      <object_component id="oc-22a">
         <name>.text:gpioButtonFxn1</name>
         <load_address>0x20012318</load_address>
         <run_address>0x20012318</run_address>
         <size>0x18</size>
         <input_file_ref idref="fl-2"/>
      </object_component>
      <object_component id="oc-585">
         <name>.text</name>
         <load_address>0x20012330</load_address>
         <run_address>0x20012330</run_address>
         <size>0x18</size>
         <input_file_ref idref="fl-e3"/>
      </object_component>
      <object_component id="oc-836">
         <name>.text:I2CMasterBurstLengthSet</name>
         <load_address>0x20012348</load_address>
         <run_address>0x20012348</run_address>
         <size>0x16</size>
         <input_file_ref idref="fl-22"/>
      </object_component>
      <object_component id="oc-290">
         <name>.text:PRCMHIBRegRead</name>
         <load_address>0x2001235e</load_address>
         <run_address>0x2001235e</run_address>
         <size>0x16</size>
         <input_file_ref idref="fl-25"/>
      </object_component>
      <object_component id="oc-28a">
         <name>.text:PRCMHIBRegWrite</name>
         <load_address>0x20012374</load_address>
         <run_address>0x20012374</run_address>
         <size>0x16</size>
         <input_file_ref idref="fl-25"/>
      </object_component>
      <object_component id="oc-411">
         <name>.text:SemaphoreP_create</name>
         <load_address>0x2001238a</load_address>
         <run_address>0x2001238a</run_address>
         <size>0x16</size>
         <input_file_ref idref="fl-1a"/>
      </object_component>
      <object_component id="oc-7fd">
         <name>.text:strchr</name>
         <load_address>0x200123a0</load_address>
         <run_address>0x200123a0</run_address>
         <size>0x16</size>
         <input_file_ref idref="fl-fe"/>
      </object_component>
      <object_component id="oc-a3">
         <name>.text:CPUcpsid</name>
         <load_address>0x200123b6</load_address>
         <run_address>0x200123b6</run_address>
         <size>0x14</size>
         <input_file_ref idref="fl-21"/>
      </object_component>
      <object_component id="oc-452">
         <name>.text:HwiP_inISR</name>
         <load_address>0x200123cc</load_address>
         <run_address>0x200123cc</run_address>
         <size>0x14</size>
         <input_file_ref idref="fl-1c"/>
      </object_component>
      <object_component id="oc-869">
         <name>.text:I2CSupport_masterFinish</name>
         <load_address>0x200123e0</load_address>
         <run_address>0x200123e0</run_address>
         <size>0x14</size>
         <input_file_ref idref="fl-12"/>
      </object_component>
      <object_component id="oc-38c">
         <name>.text:I2C_transfer</name>
         <load_address>0x200123f4</load_address>
         <run_address>0x200123f4</run_address>
         <size>0x14</size>
         <input_file_ref idref="fl-e"/>
      </object_component>
      <object_component id="oc-af">
         <name>.text:IntVTableBaseSet</name>
         <load_address>0x20012408</load_address>
         <run_address>0x20012408</run_address>
         <size>0x14</size>
         <input_file_ref idref="fl-23"/>
      </object_component>
      <object_component id="oc-458">
         <name>.text:Power_disablePolicy</name>
         <load_address>0x2001241c</load_address>
         <run_address>0x2001241c</run_address>
         <size>0x14</size>
         <input_file_ref idref="fl-13"/>
      </object_component>
      <object_component id="oc-8dc">
         <name>.text:Power_getDependencyCount</name>
         <load_address>0x20012430</load_address>
         <run_address>0x20012430</run_address>
         <size>0x14</size>
         <input_file_ref idref="fl-13"/>
      </object_component>
      <object_component id="oc-a86">
         <name>.text:releasePowerConstraint</name>
         <load_address>0x20012444</load_address>
         <run_address>0x20012444</run_address>
         <size>0x14</size>
         <input_file_ref idref="fl-16"/>
      </object_component>
      <object_component id="oc-613">
         <name>.text:strlen</name>
         <load_address>0x20012458</load_address>
         <run_address>0x20012458</run_address>
         <size>0x14</size>
         <input_file_ref idref="fl-ff"/>
      </object_component>
      <object_component id="oc-30d">
         <name>.text:HwiP_Params_init</name>
         <load_address>0x2001246c</load_address>
         <run_address>0x2001246c</run_address>
         <size>0x12</size>
         <input_file_ref idref="fl-1c"/>
      </object_component>
      <object_component id="oc-678">
         <name>.text:I2CMasterIntClearEx</name>
         <load_address>0x2001247e</load_address>
         <run_address>0x2001247e</run_address>
         <size>0x12</size>
         <input_file_ref idref="fl-22"/>
      </object_component>
      <object_component id="oc-926">
         <name>.text:RingBuf_construct</name>
         <load_address>0x20012490</load_address>
         <run_address>0x20012490</run_address>
         <size>0x12</size>
         <input_file_ref idref="fl-18"/>
      </object_component>
      <object_component id="oc-ab9">
         <name>.text:TimerIntClear</name>
         <load_address>0x200124a2</load_address>
         <run_address>0x200124a2</run_address>
         <size>0x12</size>
         <input_file_ref idref="fl-26"/>
      </object_component>
      <object_component id="oc-11a">
         <name>.text:main</name>
         <load_address>0x200124b4</load_address>
         <run_address>0x200124b4</run_address>
         <size>0x12</size>
         <input_file_ref idref="fl-4"/>
      </object_component>
      <object_component id="oc-648">
         <name>.text:wcslen</name>
         <load_address>0x200124c6</load_address>
         <run_address>0x200124c6</run_address>
         <size>0x12</size>
         <input_file_ref idref="fl-101"/>
      </object_component>
      <object_component id="oc-153">
         <name>.text:Board_init</name>
         <load_address>0x200124d8</load_address>
         <run_address>0x200124d8</run_address>
         <size>0x10</size>
         <input_file_ref idref="fl-3"/>
      </object_component>
      <object_component id="oc-423">
         <name>.text:ClockP_add</name>
         <load_address>0x200124e8</load_address>
         <run_address>0x200124e8</run_address>
         <size>0x10</size>
         <input_file_ref idref="fl-1b"/>
      </object_component>
      <object_component id="oc-905">
         <name>.text:ClockP_delete</name>
         <load_address>0x200124f8</load_address>
         <run_address>0x200124f8</run_address>
         <size>0x10</size>
         <input_file_ref idref="fl-1b"/>
      </object_component>
      <object_component id="oc-550">
         <name>.text:ClockP_getCpuFreq</name>
[...]
         <name>HwiP_create</name>
         <value>0x20011d45</value>
         <object_component_ref idref="oc-313"/>
      </symbol>
      <symbol id="sm-b73">
         <name>HwiP_post</name>
         <value>0x200126e9</value>
         <object_component_ref idref="oc-73b"/>
      </symbol>
      <symbol id="sm-b74">
         <name>HwiP_enable</name>
         <value>0x200125e3</value>
         <object_component_ref idref="oc-159"/>
      </symbol>
      <symbol id="sm-b75">
         <name>HwiP_restore</name>
         <value>0x20012549</value>
         <object_component_ref idref="oc-2cf"/>
      </symbol>
      <symbol id="sm-b76">
         <name>HwiP_disableInterrupt</name>
         <value>0x200125d5</value>
         <object_component_ref idref="oc-6b7"/>
      </symbol>
      <symbol id="sm-ba6">
         <name>PowerCC32XX_initPolicy</name>
         <value>0x2000e33b</value>
         <object_component_ref idref="oc-3fa"/>
      </symbol>
      <symbol id="sm-ba7">
         <name>PowerCC32XX_sleepPolicy</name>
         <value>0x2000db65</value>
         <object_component_ref idref="oc-400"/>
      </symbol>
      <symbol id="sm-bfc">
         <name>resetISR</name>
         <value>0x20012195</value>
         <object_component_ref idref="oc-21"/>
      </symbol>
      <symbol id="sm-bfd">
         <name>resetVectorAddr</name>
         <value>0x200121a8</value>
         <object_component_ref idref="oc-21"/>
      </symbol>
      <symbol id="sm-bfe">
         <name>initVectors</name>
         <value>0x200119d5</value>
         <object_component_ref idref="oc-59"/>
      </symbol>
      <symbol id="sm-bff">
         <name>resetVectors</name>
         <value>0x20004000</value>
         <object_component_ref idref="oc-27"/>
      </symbol>
      <symbol id="sm-c2f">
         <name>SwiP_disable</name>
         <value>0x2001210d</value>
         <object_component_ref idref="oc-556"/>
      </symbol>
      <symbol id="sm-c30">
         <name>SwiP_restore</name>
         <value>0x2001152d</value>
         <object_component_ref idref="oc-590"/>
      </symbol>
      <symbol id="sm-c3b">
         <name>CPUcpsid</name>
         <value>0x200123b7</value>
         <object_component_ref idref="oc-a3"/>
      </symbol>
      <symbol id="sm-ca8">
         <name>I2CRxFIFOFlush</name>
         <value>0x200121f7</value>
         <object_component_ref idref="oc-85b"/>
      </symbol>
      <symbol id="sm-ca9">
         <name>I2CTxFIFOFlush</name>
         <value>0x2001220f</value>
         <object_component_ref idref="oc-855"/>
      </symbol>
      <symbol id="sm-caa">
         <name>I2CFIFODataPutNonBlocking</name>
         <value>0x20011dc3</value>
         <object_component_ref idref="oc-696"/>
      </symbol>
      <symbol id="sm-cab">
         <name>I2CMasterBusBusy</name>
         <value>0x200121af</value>
         <object_component_ref idref="oc-861"/>
      </symbol>
      <symbol id="sm-cac">
         <name>I2CMasterIntDisableEx</name>
         <value>0x200121c7</value>
         <object_component_ref idref="oc-684"/>
      </symbol>
      <symbol id="sm-cad">
         <name>I2CMasterBurstLengthSet</name>
         <value>0x20012349</value>
         <object_component_ref idref="oc-836"/>
      </symbol>
      <symbol id="sm-cae">
         <name>I2CMasterIntClearEx</name>
         <value>0x2001247f</value>
         <object_component_ref idref="oc-678"/>
      </symbol>
      <symbol id="sm-caf">
         <name>I2CMasterSlaveAddrSet</name>
         <value>0x20011fd5</value>
         <object_component_ref idref="oc-82a"/>
      </symbol>
      <symbol id="sm-cb0">
         <name>I2CMasterIntEnableEx</name>
         <value>0x200121df</value>
         <object_component_ref idref="oc-83c"/>
      </symbol>
      <symbol id="sm-cb1">
         <name>I2CFIFOStatus</name>
         <value>0x20012559</value>
         <object_component_ref idref="oc-69c"/>
      </symbol>
      <symbol id="sm-cb2">
         <name>I2CMasterIntStatusEx</name>
         <value>0x20012079</value>
         <object_component_ref idref="oc-672"/>
      </symbol>
      <symbol id="sm-cb3">
         <name>I2CFIFODataGetNonBlocking</name>
         <value>0x20011e65</value>
         <object_component_ref idref="oc-822"/>
      </symbol>
      <symbol id="sm-cf8">
         <name>IntVTableBaseSet</name>
         <value>0x20012409</value>
         <object_component_ref idref="oc-af"/>
      </symbol>
      <symbol id="sm-cf9">
         <name>IntEnable</name>
         <value>0x2000f66d</value>
         <object_component_ref idref="oc-b5"/>
      </symbol>
      <symbol id="sm-cfa">
         <name>IntMasterDisable</name>
         <value>0x20012685</value>
         <object_component_ref idref="oc-53"/>
      </symbol>
      <symbol id="sm-cfb">
         <name>IntPendSet</name>
         <value>0x2000ff05</value>
         <object_component_ref idref="oc-8f2"/>
      </symbol>
      <symbol id="sm-d35">
         <name>PinModeGet</name>
         <value>0x20011b89</value>
         <object_component_ref idref="oc-2a8"/>
      </symbol>
      <symbol id="sm-d36">
         <name>PinConfigSet</name>
         <value>0x2000ff8d</value>
         <object_component_ref idref="oc-301"/>
      </symbol>
      <symbol id="sm-d37">
         <name>PinModeSet</name>
         <value>0x200116c1</value>
         <object_component_ref idref="oc-2ae"/>
      </symbol>
      <symbol id="sm-d38">
         <name>PinToPadGet</name>
         <value>0x200120f1</value>
         <object_component_ref idref="oc-8c0"/>
      </symbol>
      <symbol id="sm-e01">
         <name>PRCMLPDSRestoreInfoSet</name>
         <value>0x20011461</value>
         <object_component_ref idref="oc-8d4"/>
      </symbol>
      <symbol id="sm-e02">
         <name>PRCMPeripheralReset</name>
         <value>0x20010c21</value>
         <object_component_ref idref="oc-29c"/>
      </symbol>
      <symbol id="sm-e03">
         <name>PRCMLPDSEnter</name>
         <value>0x20011271</value>
         <object_component_ref idref="oc-72c"/>
      </symbol>
      <symbol id="sm-e04">
         <name>PRCMPeripheralClkEnable</name>
         <value>0x200112b9</value>
         <object_component_ref idref="oc-296"/>
      </symbol>
      <symbol id="sm-e05">
         <name>PRCMLPDSEnterKeepDebugIf</name>
         <value>0x2001192d</value>
         <object_component_ref idref="oc-732"/>
      </symbol>
      <symbol id="sm-e06">
         <name>PRCMCC3200MCUInit</name>
         <value>0x2000ca91</value>
         <object_component_ref idref="oc-1ce"/>
      </symbol>
      <symbol id="sm-e07">
         <name>PRCMHIBRegWrite</name>
         <value>0x20012375</value>
         <object_component_ref idref="oc-28a"/>
      </symbol>
      <symbol id="sm-e08">
         <name>PRCMSysResetCauseGet</name>
         <value>0x20010a55</value>
         <object_component_ref idref="oc-283"/>
      </symbol>
      <symbol id="sm-e09">
         <name>PRCMPeripheralClkDisable</name>
         <value>0x20011ded</value>
         <object_component_ref idref="oc-2a2"/>
      </symbol>
      <symbol id="sm-e0a">
         <name>PRCMHIBRegRead</name>
         <value>0x2001235f</value>
         <object_component_ref idref="oc-290"/>
      </symbol>
      <symbol id="sm-e52">
         <name>TimerLoadSet</name>
         <value>0x20011d6f</value>
         <object_component_ref idref="oc-9ff"/>
      </symbol>
      <symbol id="sm-e53">
         <name>TimerDisable</name>
         <value>0x200120b5</value>
         <object_component_ref idref="oc-a13"/>
      </symbol>
      <symbol id="sm-e54">
         <name>TimerEnable</name>
         <value>0x200120d3</value>
         <object_component_ref idref="oc-a0c"/>
      </symbol>
      <symbol id="sm-e55">
         <name>TimerIntDisable</name>
         <value>0x20012271</value>
         <object_component_ref idref="oc-a19"/>
      </symbol>
      <symbol id="sm-e56">
         <name>TimerPrescaleSet</name>
         <value>0x20011d99</value>
         <object_component_ref idref="oc-9f9"/>
      </symbol>
      <symbol id="sm-e57">
         <name>TimerControlStall</name>
         <value>0x20011ab5</value>
         <object_component_ref idref="oc-ab1"/>
      </symbol>
      <symbol id="sm-e58">
         <name>TimerIntEnable</name>
         <value>0x20012289</value>
         <object_component_ref idref="oc-a06"/>
      </symbol>
      <symbol id="sm-e59">
         <name>TimerIntClear</name>
         <value>0x200124a3</value>
         <object_component_ref idref="oc-ab9"/>
      </symbol>
      <symbol id="sm-e6d">
         <name>UARTBusy</name>
         <value>0x200122a1</value>
         <object_component_ref idref="oc-97b"/>
      </symbol>
      <symbol id="sm-e6e">
         <name>UARTIntEnable</name>
         <value>0x200122b9</value>
         <object_component_ref idref="oc-a8c"/>
      </symbol>
      <symbol id="sm-e72">
         <name>UtilsDelay</name>
         <value>0x200126df</value>
         <object_component_ref idref="oc-289"/>
      </symbol>
      <symbol id="sm-e82">
         <name>FlashDisable</name>
         <value>0x20011229</value>
         <object_component_ref idref="oc-8ea"/>
      </symbol>
      <symbol id="sm-eb1">
         <name>snprintf</name>
         <value>0x200111dd</value>
         <object_component_ref idref="oc-36e"/>
      </symbol>
      <symbol id="sm-ebb">
         <name>__aeabi_fmul</name>
         <value>0x200104a3</value>
         <object_component_ref idref="oc-5f7"/>
      </symbol>
      <symbol id="sm-ec5">
         <name>__aeabi_f2iz</name>
         <value>0x20011a45</value>
         <object_component_ref idref="oc-5fc"/>
      </symbol>
      <symbol id="sm-ed0">
         <name>__aeabi_i2f</name>
         <value>0x20011a7d</value>
         <object_component_ref idref="oc-5f2"/>
      </symbol>
      <symbol id="sm-ed9">
         <name>__aeabi_lmul</name>
         <value>0x20012331</value>
         <object_component_ref idref="oc-585"/>
      </symbol>
      <symbol id="sm-ef4">
         <name>memcpy</name>
         <value>0x2000fc1d</value>
         <object_component_ref idref="oc-3b"/>
      </symbol>
      <symbol id="sm-ef5">
         <name>__aeabi_memcpy</name>
         <value>0x2000fc1d</value>
         <object_component_ref idref="oc-3b"/>
      </symbol>
      <symbol id="sm-ef6">
         <name>__aeabi_memcpy8</name>
         <value>0x2000fc1d</value>
         <object_component_ref idref="oc-3b"/>
      </symbol>
      <symbol id="sm-ef7">
         <name>__aeabi_memcpy4</name>
         <value>0x2000fc1d</value>
         <object_component_ref idref="oc-3b"/>
      </symbol>
      <symbol id="sm-f04">
         <name>__aeabi_uldivmod</name>
         <value>0x2000fd51</value>
         <object_component_ref idref="oc-57a"/>
      </symbol>
      <symbol id="sm-f16">
         <name>__TI_zero_init</name>
         <value>0x2001264d</value>
         <object_component_ref idref="oc-4d"/>
      </symbol>
      <symbol id="sm-f2d">
         <name>__TI_decompress_none</name>
         <value>0x2001261b</value>
         <object_component_ref idref="oc-1a"/>
      </symbol>
      <symbol id="sm-f50">
         <name>__TI_decompress_lzss</name>
         <value>0x200108bd</value>
         <object_component_ref idref="oc-14"/>
      </symbol>
      <symbol id="sm-fd9">
         <name>_sys_memory</name>
         <value>0x20004040</value>
         <object_component_ref idref="oc-2a"/>
      </symbol>
      <symbol id="sm-fda">
         <name>free</name>
         <value>0x2000ecd5</value>
         <object_component_ref idref="oc-41c"/>
      </symbol>
      <symbol id="sm-fdb">
         <name>memalign</name>
         <value>0x2000e8e9</value>
         <object_component_ref idref="oc-5de"/>
      </symbol>
      <symbol id="sm-fdc">
         <name>malloc</name>
         <value>0x200126b5</value>
         <object_component_ref idref="oc-477"/>
      </symbol>
      <symbol id="sm-fdd">
         <name>aligned_alloc</name>
         <value>0x2000e8e9</value>
         <object_component_ref idref="oc-5de"/>
      </symbol>
      <symbol id="sm-fef">
         <name>__stack</name>
         <value>0x20003000</value>
         <object_component_ref idref="oc-2d"/>
      </symbol>
      <symbol id="sm-ff0">
         <name>_c_int00_noargs</name>
         <value>0x20011f45</value>
         <object_component_ref idref="oc-c5"/>
      </symbol>
      <symbol id="sm-1155">
         <name>__TI_printfi</name>
         <value>0x2000c041</value>
         <object_component_ref idref="oc-4bd"/>
      </symbol>
      <symbol id="sm-115f">
         <name>__aeabi_idiv0</name>
         <value>0x20010f6f</value>
         <object_component_ref idref="oc-6fd"/>
      </symbol>
      <symbol id="sm-1160">
         <name>__aeabi_ldiv0</name>
         <value>0x20010f6f</value>
         <object_component_ref idref="oc-6fd"/>
      </symbol>
      <symbol id="sm-1177">
         <name>__aeabi_dsub</name>
         <value>0x2000d9ad</value>
         <object_component_ref idref="oc-7d1"/>
      </symbol>
      <symbol id="sm-1178">
         <name>__aeabi_dadd</name>
         <value>0x2000d9b7</value>
         <object_component_ref idref="oc-7d1"/>
      </symbol>
      <symbol id="sm-119a">
         <name>__aeabi_cdcmpeq</name>
         <value>0x2001009d</value>
         <object_component_ref idref="oc-625"/>
      </symbol>
      <symbol id="sm-119b">
         <name>__aeabi_cdcmple</name>
         <value>0x2001009d</value>
         <object_component_ref idref="oc-625"/>
      </symbol>
      <symbol id="sm-119c">
         <name>__aeabi_cdrcmple</name>
         <value>0x20010123</value>
         <object_component_ref idref="oc-7bc"/>
      </symbol>
      <symbol id="sm-11b0">
         <name>__aeabi_ddiv</name>
         <value>0x2000e205</value>
         <object_component_ref idref="oc-7b7"/>
      </symbol>
      <symbol id="sm-11bb">
         <name>__aeabi_dmul</name>
         <value>0x2000eae5</value>
         <object_component_ref idref="oc-7b2"/>
      </symbol>
      <symbol id="sm-11c5">
         <name>__aeabi_d2iz</name>
         <value>0x20011349</value>
         <object_component_ref idref="oc-7c1"/>
      </symbol>
      <symbol id="sm-11cf">
         <name>__aeabi_i2d</name>
         <value>0x20011ce9</value>
         <object_component_ref idref="oc-7cc"/>
      </symbol>
      <symbol id="sm-11de">
         <name>__aeabi_memset</name>
         <value>0x2001051f</value>
         <object_component_ref idref="oc-9d"/>
      </symbol>
      <symbol id="sm-11df">
         <name>memset</name>
         <value>0x20010525</value>
         <object_component_ref idref="oc-9d"/>
      </symbol>
      <symbol id="sm-11e0">
         <name>__aeabi_memset8</name>
         <value>0x2001051f</value>
         <object_component_ref idref="oc-9d"/>
      </symbol>
      <symbol id="sm-11e1">
         <name>__aeabi_memset4</name>
         <value>0x2001051f</value>
         <object_component_ref idref="oc-9d"/>
      </symbol>
      <symbol id="sm-11e2">
         <name>__aeabi_memclr8</name>
         <value>0x2001051d</value>
         <object_component_ref idref="oc-9d"/>
      </symbol>
      <symbol id="sm-11e3">
         <name>__aeabi_memclr4</name>
         <value>0x2001051d</value>
         <object_component_ref idref="oc-9d"/>
      </symbol>
      <symbol id="sm-11e4">
         <name>__aeabi_memclr</name>
         <value>0x2001051d</value>
         <object_component_ref idref="oc-9d"/>
      </symbol>
      <symbol id="sm-120c">
         <name>__TI_auto_init_nobinit_nopinit</name>
         <value>0x200115f9</value>
         <object_component_ref idref="oc-172"/>
      </symbol>
      <symbol id="sm-1216">
         <name>_system_pre_init</name>
         <value>0x200126f1</value>
         <object_component_ref idref="oc-114"/>
      </symbol>
      <symbol id="sm-1222">
         <name>C$$EXIT</name>
         <value>0x200126f5</value>
         <object_component_ref idref="oc-166"/>
      </symbol>
      <symbol id="sm-1223">
         <name>abort</name>
         <value>0x200126f5</value>
         <object_component_ref idref="oc-166"/>
      </symbol>
      <symbol id="sm-1238">
         <name>_nop</name>
         <value>0x2000ef53</value>
         <object_component_ref idref="oc-3c2"/>
      </symbol>
      <symbol id="sm-1239">
         <name>_lock</name>
         <value>0x20012c8c</value>
         <object_component_ref idref="oc-236"/>
      </symbol>
      <symbol id="sm-123a">
         <name>_unlock</name>
         <value>0x20012c90</value>
         <object_component_ref idref="oc-236"/>
      </symbol>
      <symbol id="sm-1249">
         <name>__TI_ltoa</name>
         <value>0x20010d7d</value>
         <object_component_ref idref="oc-7c6"/>
      </symbol>
      <symbol id="sm-1260">
         <name>atoi</name>
         <value>0x20011145</value>
         <object_component_ref idref="oc-619"/>
      </symbol>
      <symbol id="sm-126b">
         <name>_ctypes_</name>
         <value>0x20012cbc</value>
         <object_component_ref idref="oc-7ab"/>
      </symbol>
      <symbol id="sm-127b">
         <name>memccpy</name>
         <value>0x20012145</value>
         <object_component_ref idref="oc-642"/>
      </symbol>
      <symbol id="sm-128b">
         <name>strchr</name>
         <value>0x200123a1</value>
         <object_component_ref idref="oc-7fd"/>
      </symbol>
      <symbol id="sm-1299">
         <name>strlen</name>
         <value>0x20012459</value>
         <object_component_ref idref="oc-613"/>
      </symbol>
      <symbol id="sm-12af">
         <name>__aeabi_errno_addr</name>
         <value>0x200126ad</value>
         <object_component_ref idref="oc-64e"/>
      </symbol>
      <symbol id="sm-12b0">
         <name>errno</name>
         <value>0x20012cb4</value>
         <object_component_ref idref="oc-80d"/>
      </symbol>
      <symbol id="sm-12c9">
         <name>wcslen</name>
         <value>0x200124c7</value>
         <object_component_ref idref="oc-648"/>
      </symbol>
      <symbol id="sm-12e9">
         <name>frexpl</name>
         <value>0x20010b11</value>
         <object_component_ref idref="oc-7f1"/>
      </symbol>
      <symbol id="sm-12ea">
         <name>frexp</name>
         <value>0x20010b11</value>
         <object_component_ref idref="oc-7f1"/>
      </symbol>
      <symbol id="sm-1308">
         <name>scalbn</name>
         <value>0x2000edb9</value>
         <object_component_ref idref="oc-7f7"/>
      </symbol>
      <symbol id="sm-1309">
         <name>scalbnl</name>
         <value>0x2000edb9</value>
         <object_component_ref idref="oc-7f7"/>
      </symbol>
      <symbol id="sm-130a">
         <name>ldexpl</name>
         <value>0x2000edb9</value>
         <object_component_ref idref="oc-7f7"/>
      </symbol>
      <symbol id="sm-130b">
         <name>ldexp</name>
         <value>0x2000edb9</value>
         <object_component_ref idref="oc-7f7"/>
      </symbol>
      <symbol id="sm-1315">
         <name>copysign</name>
         <value>0x20012641</value>
         <object_component_ref idref="oc-9a8"/>
      </symbol>
      <symbol id="sm-1316">
         <name>copysignl</name>
         <value>0x20012641</value>
         <object_component_ref idref="oc-9a8"/>
      </symbol>
      <symbol id="sm-1317">
         <name>__TI_static_base__</name>
         <value>0x20013610</value>
      </symbol>
      <symbol id="sm-131a">
         <name>ITM_flush</name>
         <value>0x0</value>
      </symbol>
      <symbol id="sm-131b">
         <name>ITM_restore</name>
         <value>0x0</value>
      </symbol>
      <symbol id="sm-131c">
         <name>__mpu_init</name>
         <value>0x0</value>
      </symbol>
      <symbol id="sm-131d">
         <name>_system_post_cinit</name>
         <value>0x0</value>
      </symbol>
      <symbol id="sm-131e">
         <name>NoRTOS_start</name>
         <value>0x200125e3</value>
      </symbol>
   </symbol_table>
   <title>Link successful</title>
</link_info>
