******************************************************************************
                  TI ARM Linker PC v20.2.7                     
******************************************************************************
>> Linked Tue Dec  5 15:16:47 2023

OUTPUT FILE NAME:   <gpiointerrupt_CC3220S_LAUNCHXL_nortos_ccs.out>
ENTRY POINT SYMBOL: "resetISR"  address: 20012195


MEMORY CONFIGURATION

         name            origin    length      used     unused   attr    fill
----------------------  --------  ---------  --------  --------  ----  --------
  SRAM2                 20000000   00004000  0000130c  00002cf4  RW X
  SRAM                  20004000   0003c000  0000f6fa  0002c906  RW X
  LOG_DATA              90000000   00040000  00000000  00040000  R   


SEGMENT ALLOCATION MAP

run origin  load origin   length   init length attrs members
----------  ----------- ---------- ----------- ----- -------
20003000    20003000    00001000   00000000    rw-
  20003000    20003000    00001000   00000000    rw- .stack
20004000    20004000    00000040   00000040    r--
  20004000    20004000    00000040   00000040    r-- .resetVecs
20004040    20004040    00008000   00000000    rw-
  20004040    20004040    00008000   00000000    rw- .sysmem
2000c040    2000c040    000066b8   000066b8    r-x
  2000c040    2000c040    000066b8   000066b8    r-x .text
200126f8    200126f8    000005c2   00000000    rw-
  200126f8    200126f8    000005c2   00000000    rw- .data
20012cbc    20012cbc    0000054a   0000054a    r--
  20012cbc    20012cbc    0000054a   0000054a    r-- .const
20013208    20013208    00000406   00000000    rw-
  20013208    20013208    00000406   00000000    rw- .bss
20013610    20013610    000000f0   000000f0    r--
  20013610    20013610    000000f0   000000f0    r-- .cinit


SECTION ALLOCATION MAP

 output                                  attributes/
section   page    origin      length       input sections
--------  ----  ----------  ----------   ----------------
.text      0    2000c040    000066b8     
                  2000c040    00000a4e     rtsv7M4_T_le_eabi.lib : _printfi.c.obj (.text:__TI_printfi)
                  2000ca8e    00000002     ti_drivers_config.obj (.text:Board_initHook)
                  2000ca90    0000042c     driverlib.a : prcm.obj (.text:PRCMCC3200MCUInit)
                  2000cebc    00000288     drivers_cc32xx.a : UARTCC32XX.oem4 (.text:UARTCC32XX_open)
                  2000d144    00000268     rtsv7M4_T_le_eabi.lib : _printfi.c.obj (.text:_pconv_a)
                  2000d3ac    00000250     gpiointerrupt.obj (.text:initI2C)
                  2000d5fc    000001e4     drivers_cc32xx.a : GPIOCC32XX.oem4 (.text:GPIO_setConfig)
                  2000d7e0    000001cc     rtsv7M4_T_le_eabi.lib : _printfi.c.obj (.text:_pconv_g)
                  2000d9ac    000001b6                           : fd_add_t2.asm.obj (.text)
                  2000db62    00000002     drivers_cc32xx.a : I2C.oem4 (.text:I2C_init)
                  2000db64    0000019c     nortos_cc32xx.a : PowerCC32XX_nortos.oem4 (.text:PowerCC32XX_sleepPolicy)
                  2000dd00    00000148     drivers_cc32xx.a : I2CCC32XX.oem4 (.text:I2CCC32XX_hwiFxn)
                  2000de48    00000148                      : PowerCC32XX.oem4 (.text:parkPins)
                  2000df90    0000013c     rtsv7M4_T_le_eabi.lib : _printfi.c.obj (.text:_pconv_e)
                  2000e0cc    00000138     drivers_cc32xx.a : PowerCC32XX.oem4 (.text:Power_sleep)
                  2000e204    00000136     rtsv7M4_T_le_eabi.lib : fd_div_t2.asm.obj (.text)
                  2000e33a    00000002     nortos_cc32xx.a : PowerCC32XX_nortos.oem4 (.text:PowerCC32XX_initPolicy)
                  2000e33c    00000128     drivers_cc32xx.a : TimerCC32XX.oem4 (.text:TimerCC32XX_open)
                  2000e464    00000122                      : I2C.oem4 (.text:I2C_transferTimeout)
                  2000e586    00000002                      : TimerCC32XX.oem4 (.text:TimerCC32XX_init)
                  2000e588    00000120                      : UARTCC32XX.oem4 (.text:UARTCC32XX_close)
                  2000e6a8    00000120     rtsv7M4_T_le_eabi.lib : _printfi.c.obj (.text:fcvt)
                  2000e7c8    00000120     gpiointerrupt.obj (.text:readTemp)
                  2000e8e8    00000100     rtsv7M4_T_le_eabi.lib : memory.c.obj (.text:aligned_alloc)
                  2000e9e8    000000fc     drivers_cc32xx.a : I2CCC32XX.oem4 (.text:I2C_open)
                  2000eae4    000000fc     rtsv7M4_T_le_eabi.lib : fd_mul_t2.asm.obj (.text)
                  2000ebe0    000000f2     drivers_cc32xx.a : UARTCC32XX.oem4 (.text:UARTCC32XX_control)
                  2000ecd2    00000002                      : UARTCC32XX.oem4 (.text:UARTCC32XX_init)
                  2000ecd4    000000e4     rtsv7M4_T_le_eabi.lib : memory.c.obj (.text:free)
                  2000edb8    000000d0                           : s_scalbn.c.obj (.text:scalbn)
                  2000ee88    000000ca     drivers_cc32xx.a : UARTCC32XX.oem4 (.text:UARTCC32XX_write)
                  2000ef52    00000002     rtsv7M4_T_le_eabi.lib : _lock.c.obj (.text:_nop)
                  2000ef54    000000c4     drivers_cc32xx.a : GPIOCC32XX.oem4 (.text:GPIO_init)
                  2000f018    000000c0                      : PowerCC32XX.oem4 (.text:restoreParkedPins)
                  2000f0d8    000000ba                      : UARTCC32XX.oem4 (.text:UARTCC32XX_readPolling)
                  2000f192    00000002     nortos_cc32xx.a : startup_cc32xx_ccs.oem4 (.text:busFaultHandler)
                  2000f194    000000b8     drivers_cc32xx.a : UARTCC32XX.oem4 (.text:initHw)
                  2000f24c    000000b6                      : UARTCC32XX.oem4 (.text:readTaskCallback)
                  2000f302    000000b2                      : I2CCC32XX.oem4 (.text:I2CCC32XX_completeTransfer)
                  2000f3b4    000000b1     rtsv7M4_T_le_eabi.lib : _printfi.c.obj (.text:_ltostr)
                  2000f465    00000001     --HOLE-- [fill = 0]
                  2000f466    000000b0     drivers_cc32xx.a : UARTCC32XX.oem4 (.text:readTaskBlocking)
                  2000f516    000000ae                      : UARTCC32XX.oem4 (.text:readIsrTextBlocking)
                  2000f5c4    000000a8                      : I2CCC32XX.oem4 (.text:I2CCC32XX_primeWriteBurst)
                  2000f66c    000000a8     driverlib.a : interrupt.obj (.text:IntEnable)
                  2000f714    000000a8     drivers_cc32xx.a : PowerCC32XX.oem4 (.text:PowerCC32XX_configureWakeup)
                  2000f7bc    000000a2                      : UARTCC32XX.oem4 (.text:readIsrTextCallback)
                  2000f85e    000000a2                      : UARTCC32XX.oem4 (.text:writeData)
                  2000f900    000000a0     nortos_cc32xx.a : SemaphoreP_nortos.oem4 (.text:SemaphoreP_pend)
                  2000f9a0    000000a0     gpiointerrupt.obj (.text:tickFct_ButtonPress)
                  2000fa40    000000a0     gpiointerrupt.obj (.text:tickFct_ReadTemp)
                  2000fae0    000000a0     gpiointerrupt.obj (.text:timerCallback)
                  2000fb80    0000009c     drivers_cc32xx.a : I2CCC32XX.oem4 (.text:I2CCC32XX_initHw)
                  2000fc1c    0000009c     rtsv7M4_T_le_eabi.lib : memcpy_t2.asm.obj (.text)
                  2000fcb8    00000098     drivers_cc32xx.a : GPIOCC32XX.oem4 (.text:powerNotifyFxn)
                  2000fd50    00000096     rtsv7M4_T_le_eabi.lib : ull_div_t2.asm.obj (.text)
                  2000fde6    00000002     nortos_cc32xx.a : SemaphoreP_nortos.oem4 (.text:clkFxn)
                  2000fde8    00000090     drivers_cc32xx.a : PowerCC32XX.oem4 (.text:restoreNVICRegs)
                  2000fe78    0000008c     nortos_cc32xx.a : HwiPCC32XX_nortos.oem4 (.text:HwiP_construct)
                  2000ff04    00000088     driverlib.a : interrupt.obj (.text:IntPendSet)
                  2000ff8c    00000088                 : pin.obj (.text:PinConfigSet)
                  20010014    00000088     drivers_cc32xx.a : TimerCC32XX.oem4 (.text:TimerCC32XX_setPeriod)
                  2001009c    00000086     rtsv7M4_T_le_eabi.lib : fd_cmp_t2.asm.obj (.text:__aeabi_cdcmple)
                  20010122    00000086                           : fd_cmp_t2.asm.obj (.text:__aeabi_cdrcmple)
                  200101a8    00000084     drivers_cc32xx.a : PowerCC32XX.oem4 (.text:Power_init)
                  2001022c    00000084                      : PowerCC32XX.oem4 (.text:saveNVICRegs)
                  200102b0    00000080                      : PowerCC32XX.oem4 (.text:Power_setDependency)
                  20010330    0000007c     gpiointerrupt.obj (.text:mainThread)
                  200103ac    0000007c     drivers_cc32xx.a : UARTCC32XX.oem4 (.text:readIsrBinaryBlocking)
                  20010428    0000007a                      : I2CCC32XX.oem4 (.text:I2CCC32XX_primeReadBurst)
                  200104a2    0000007a     rtsv7M4_T_le_eabi.lib : fs_mul_t2.asm.obj (.text)
                  2001051c    0000007a                           : memset_t2.asm.obj (.text)
                  20010596    00000002     nortos_cc32xx.a : startup_cc32xx_ccs.oem4 (.text:defaultHandler)
                  20010598    00000078     drivers_cc32xx.a : GPIOCC32XX.oem4 (.text:GPIO_hwiIntFxn)
                  20010610    00000078                      : TimerCC32XX.oem4 (.text:TimerCC32XX_start)
                  20010688    00000078                      : UARTCC32XX.oem4 (.text:readIsrBinaryCallback)
                  20010700    00000074                      : UARTCC32XX.oem4 (.text:UARTCC32XX_hwiIntFxn)
                  20010774    00000070     rtsv7M4_T_le_eabi.lib : memory.c.obj (.text:split)
                  200107e4    0000006e                           : _printfi.c.obj (.text:_mcpy)
                  20010852    0000006a     drivers_cc32xx.a : I2CCC32XX.oem4 (.text:I2CSupport_primeTransfer)
                  200108bc    00000068     rtsv7M4_T_le_eabi.lib : copy_decompress_lzss.c.obj (.text:decompress:lzss:__TI_decompress_lzss)
                  20010924    00000066     drivers_cc32xx.a : UARTCC32XX.oem4 (.text:UARTCC32XX_writeCancel)
                  2001098a    00000002     nortos_cc32xx.a : startup_cc32xx_ccs.oem4 (.text:faultISR)
                  2001098c    00000064     drivers_cc32xx.a : PowerCC32XX.oem4 (.text:PowerCC32XX_setParkState)
                  200109f0    00000062                      : UARTCC32XX.oem4 (.text:UARTCC32XX_writePolling)
                  20010a52    00000002     nortos_cc32xx.a : startup_cc32xx_ccs.oem4 (.text:nmiISR)
                  20010a54    00000060     driverlib.a : prcm.obj (.text:PRCMSysResetCauseGet)
                  20010ab4    0000005c     drivers_cc32xx.a : GPIOCC32XX.oem4 (.text:GPIO_setCallback)
                  20010b10    0000005c     rtsv7M4_T_le_eabi.lib : s_frexp.c.obj (.text:frexp)
                  20010b6c    0000005c     nortos_cc32xx.a : ClockPSysTick_nortos.oem4 (.text:sysTickInit)
                  20010bc8    00000058     drivers_cc32xx.a : GPIOCC32XX.oem4 (.text:GPIO_write)
                  20010c20    00000058     driverlib.a : prcm.obj (.text:PRCMPeripheralReset)
                  20010c78    00000058     drivers_cc32xx.a : PowerCC32XX.oem4 (.text:Power_releaseDependency)
                  20010cd0    00000056                      : TimerCC32XX.oem4 (.text:TimerCC32XX_stop)
                  20010d26    00000056     rtsv7M4_T_le_eabi.lib : _printfi.c.obj (.text:_pconv_f)
                  20010d7c    00000054                           : _ltoa.c.obj (.text:__TI_ltoa)
                  20010dd0    00000054     gpiointerrupt.obj (.text:initTimer)
                  20010e24    00000054     drivers_cc32xx.a : UARTCC32XX.oem4 (.text:ringBufGet)
                  20010e78    00000052                      : PowerCC32XX_asm.oem4 (.text:PowerCC32XX_resumeLPDS)
                  20010eca    00000052     rtsv7M4_T_le_eabi.lib : _printfi.c.obj (.text:_ecpy)
                  20010f1c    00000052     drivers_cc32xx.a : TimerCC32XX.oem4 (.text:initHw)
                  20010f6e    00000002     rtsv7M4_T_le_eabi.lib : div0.asm.obj (.text)
                  20010f70    00000050     nortos_cc32xx.a : ClockPSysTick_nortos.oem4 (.text:ClockP_sysTickHandler)
                  20010fc0    00000050                     : SemaphoreP_nortos.oem4 (.text:SemaphoreP_construct)
                  20011010    00000050     drivers_cc32xx.a : TimerCC32XX.oem4 (.text:TimerCC32XX_allocateTimerResource)
                  20011060    0000004c                      : GPIOCC32XX.oem4 (.text:GPIO_enableInt)
                  200110ac    0000004c                      : I2CCC32XX.oem4 (.text:I2CCC32XX_readRecieveFifo)
                  200110f8    0000004c                      : PowerCC32XX.oem4 (.text:PowerCC32XX_parkPin)
                  20011144    0000004c     rtsv7M4_T_le_eabi.lib : atoi.c.obj (.text:atoi)
                  20011190    0000004c     drivers_cc32xx.a : PowerCC32XX.oem4 (.text:restorePeriphClocks)
                  200111dc    0000004c     rtsv7M4_T_le_eabi.lib : snprintf.c.obj (.text:snprintf)
                  20011228    00000048     driverlib.a : flash.obj (.text:FlashDisable)
                  20011270    00000048                 : prcm.obj (.text:PRCMLPDSEnter)
                  200112b8    00000048                 : prcm.obj (.text:PRCMPeripheralClkEnable)
                  20011300    00000048     drivers_cc32xx.a : PowerCC32XX.oem4 (.text:Power_releaseConstraint)
                  20011348    00000048     rtsv7M4_T_le_eabi.lib : fd_toi_t2.asm.obj (.text)
                  20011390    00000046     drivers_cc32xx.a : RingBuf.oem4 (.text:RingBuf_put)
                  200113d6    00000046                      : TimerCC32XX.oem4 (.text:getPrescaler)
                  2001141c    00000044     nortos_cc32xx.a : ClockPSysTick_nortos.oem4 (.text:ClockP_stop)
                  20011460    00000044     driverlib.a : prcm.obj (.text:PRCMLPDSRestoreInfoSet)
                  200114a4    00000044     drivers_cc32xx.a : PowerCC32XX_asm.oem4 (.text:PowerCC32XX_enterLPDS)
                  200114e8    00000044     nortos_cc32xx.a : SemaphoreP_nortos.oem4 (.text:SemaphoreP_post)
                  2001152c    00000044                     : SwiP_nortos.oem4 (.text:SwiP_restore)
                  20011570    00000044     drivers_cc32xx.a : Timer.oem4 (.text:Timer_init)
                  200115b4    00000044                      : UART.oem4 (.text:UART_init)
                  200115f8    00000044     rtsv7M4_T_le_eabi.lib : autoinit.c.obj (.text:__TI_auto_init_nobinit_nopinit:__TI_auto_init_nobinit_nopinit)
                  2001163c    00000044     gpiointerrupt.obj (.text:initUART)
                  20011680    00000040     nortos_cc32xx.a : ClockPSysTick_nortos.oem4 (.text:ClockP_construct)
                  200116c0    00000040     driverlib.a : pin.obj (.text:PinModeSet)
                  20011700    00000040     drivers_cc32xx.a : RingBuf.oem4 (.text:RingBuf_get)
                  20011740    00000040                      : Timer.oem4 (.text:Timer_open)
                  20011780    00000040                      : UARTCC32XX.oem4 (.text:UARTCC32XX_read)
                  200117c0    00000040                      : UART.oem4 (.text:UART_open)
                  20011800    0000003e     rtsv7M4_T_le_eabi.lib : _printfi.c.obj (.text:_fcpy)
                  2001183e    00000002     gpiointerrupt.obj (.text:tickFnct_Report)
                  20011840    0000003c     nortos_cc32xx.a : ClockPSysTick_nortos.oem4 (.text:ClockP_destruct)
                  2001187c    0000003c     drivers_cc32xx.a : PowerCC32XX.oem4 (.text:Power_setConstraint)
                  200118b8    0000003a                      : TimerCC32XX.oem4 (.text:TimerCC32XX_close)
                  200118f2    0000003a     nortos_cc32xx.a : PowerCC32XX_nortos.oem4 (.text:getCountsRTC)
                  2001192c    00000038     driverlib.a : prcm.obj (.text:PRCMLPDSEnterKeepDebugIf)
                  20011964    00000038     drivers_cc32xx.a : TimerCC32XX.oem4 (.text:TimerCC32XX_hwiIntFunction)
                  2001199c    00000038     nortos_cc32xx.a : ClockPSysTick_nortos.oem4 (.text:addToList)
                  200119d4    00000038                     : startup_cc32xx_ccs.oem4 (.text:initVectors)
                  20011a0c    00000038     drivers_cc32xx.a : PowerCC32XX.oem4 (.text:notify)
                  20011a44    00000038     rtsv7M4_T_le_eabi.lib : fs_toi_t2.asm.obj (.text)
                  20011a7c    00000038                           : i_tofs_t2.asm.obj (.text)
                  20011ab4    00000036     driverlib.a : timer.obj (.text:TimerControlStall)
                  20011aea    00000036     drivers_cc32xx.a : UARTCC32XX.oem4 (.text:UARTCC32XX_readCancel)
                  20011b20    00000034     nortos_cc32xx.a : ClockPSysTick_nortos.oem4 (.text:ClockP_getTicksUntilInterrupt)
                  20011b54    00000034                     : ClockPSysTick_nortos.oem4 (.text:ClockP_startup)
                  20011b88    00000034     driverlib.a : pin.obj (.text:PinModeGet)
                  20011bbc    00000034     drivers_cc32xx.a : PowerCC32XX.oem4 (.text:PowerCC32XX_restoreParkState)
                  20011bf0    00000034                      : TimerCC32XX.oem4 (.text:TimerCC32XX_freeTimerResource)
                  20011c24    00000034                      : TimerCC32XX.oem4 (.text:getPowerMgrId)
                  20011c58    00000030     nortos_cc32xx.a : ClockPSysTick_nortos.oem4 (.text:ClockP_start)
                  20011c88    00000030     drivers_cc32xx.a : PowerCC32XX.oem4 (.text:PowerCC32XX_restoreParkedPin)
                  20011cb8    00000030     rtsv7M4_T_le_eabi.lib : snprintf.c.obj (.text:_outs)
                  20011ce8    0000002e                           : i_tofd_t2.asm.obj (.text)
                  20011d16    00000002     --HOLE-- [fill = 0]
                  20011d18    0000002c     drivers_cc32xx.a : PowerCC32XX.oem4 (.text:PowerCC32XX_getParkState)
                  20011d44    0000002a     nortos_cc32xx.a : HwiPCC32XX_nortos.oem4 (.text:HwiP_create)
                  20011d6e    0000002a     driverlib.a : timer.obj (.text:TimerLoadSet)
                  20011d98    0000002a                 : timer.obj (.text:TimerPrescaleSet)
                  20011dc2    00000028                 : i2c.obj (.text:I2CFIFODataPutNonBlocking)
                  20011dea    00000002     --HOLE-- [fill = 0]
                  20011dec    00000028                 : prcm.obj (.text:PRCMPeripheralClkDisable)
                  20011e14    00000028     drivers_cc32xx.a : PowerCC32XX.oem4 (.text:Power_registerNotify)
                  20011e3c    00000028     rtsv7M4_T_le_eabi.lib : memory.c.obj (.text:free_list_insert)
                  20011e64    00000026     driverlib.a : i2c.obj (.text:I2CFIFODataGetNonBlocking)
                  20011e8a    00000026     drivers_cc32xx.a : I2C.oem4 (.text:I2C_cancel)
                  20011eb0    00000026                      : List.oem4 (.text:List_put)
                  20011ed6    00000026                      : List.oem4 (.text:List_remove)
                  20011efc    00000024     nortos_cc32xx.a : HwiPCC32XX_nortos.oem4 (.text:HwiP_dispatch)
                  20011f20    00000024     drivers_cc32xx.a : PowerCC32XX.oem4 (.text:PowerCC32XX_reset)
                  20011f44    00000024     rtsv7M4_T_le_eabi.lib : boot_cortex_m.c.obj (.text:_c_int00_noargs:_c_int00_noargs)
                  20011f68    00000024     gpiointerrupt.obj (.text:initButtonTask)
                  20011f8c    00000024     gpiointerrupt.obj (.text:initReportTask)
                  20011fb0    00000024     gpiointerrupt.obj (.text:initTempTask)
                  20011fd4    00000022     driverlib.a : i2c.obj (.text:I2CMasterSlaveAddrSet)
                  20011ff6    00000020     nortos_cc32xx.a : HwiPCC32XX_nortos.oem4 (.text:HwiP_destruct)
                  20012016    00000002     --HOLE-- [fill = 0]
                  20012018    00000020     drivers_cc32xx.a : PowerCC32XX.oem4 (.text:Power_unregisterNotify)
                  20012038    00000020                      : RingBuf.oem4 (.text:RingBuf_peek)
                  20012058    00000020                      : UARTCC32XX.oem4 (.text:getPowerMgrId)
                  20012078    0000001e     driverlib.a : i2c.obj (.text:I2CMasterIntStatusEx)
                  20012096    0000001e     nortos_cc32xx.a : SemaphoreP_nortos.oem4 (.text:SemaphoreP_constructBinary)
                  200120b4    0000001e     driverlib.a : timer.obj (.text:TimerDisable)
                  200120d2    0000001e                 : timer.obj (.text:TimerEnable)
                  200120f0    0000001c                 : pin.obj (.text:PinToPadGet)
                  2001210c    0000001c     nortos_cc32xx.a : SwiP_nortos.oem4 (.text:SwiP_disable)
                  20012128    0000001c     rtsv7M4_T_le_eabi.lib : memory.c.obj (.text:free_list_remove)
                  20012144    0000001c                           : memccpy.c.obj (.text:memccpy)
                  20012160    0000001a     nortos_cc32xx.a : ClockPSysTick_nortos.oem4 (.text:ClockP_create)
                  2001217a    0000001a                     : SemaphoreP_nortos.oem4 (.text:SemaphoreP_createBinary)
                  20012194    0000001a                     : startup_cc32xx_ccs.oem4 (.text:resetISR)
                  200121ae    00000018     driverlib.a : i2c.obj (.text:I2CMasterBusBusy)
                  200121c6    00000018                 : i2c.obj (.text:I2CMasterIntDisableEx)
                  200121de    00000018                 : i2c.obj (.text:I2CMasterIntEnableEx)
                  200121f6    00000018                 : i2c.obj (.text:I2CRxFIFOFlush)
                  2001220e    00000018                 : i2c.obj (.text:I2CTxFIFOFlush)
                  20012226    00000002     --HOLE-- [fill = 0]
                  20012228    00000018     drivers_cc32xx.a : PowerCC32XX.oem4 (.text:Power_getTransitionLatency)
                  20012240    00000018                      : PowerCC32XX.oem4 (.text:Power_idleFunc)
                  20012258    00000018                      : TimerCC32XX.oem4 (.text:TimerCC32XX_getCount)
                  20012270    00000018     driverlib.a : timer.obj (.text:TimerIntDisable)
                  20012288    00000018                 : timer.obj (.text:TimerIntEnable)
                  200122a0    00000018                 : uart.obj (.text:UARTBusy)
                  200122b8    00000018                 : uart.obj (.text:UARTIntEnable)
                  200122d0    00000018     drivers_cc32xx.a : UART.oem4 (.text:UART_Params_init)
                  200122e8    00000018     rtsv7M4_T_le_eabi.lib : snprintf.c.obj (.text:_outc)
                  20012300    00000018     gpiointerrupt.obj (.text:gpioButtonFxn0)
                  20012318    00000018     gpiointerrupt.obj (.text:gpioButtonFxn1)
                  20012330    00000018     rtsv7M4_T_le_eabi.lib : ll_mul_t2.asm.obj (.text)
                  20012348    00000016     driverlib.a : i2c.obj (.text:I2CMasterBurstLengthSet)
                  2001235e    00000016                 : prcm.obj (.text:PRCMHIBRegRead)
                  20012374    00000016                 : prcm.obj (.text:PRCMHIBRegWrite)
                  2001238a    00000016     nortos_cc32xx.a : SemaphoreP_nortos.oem4 (.text:SemaphoreP_create)
                  200123a0    00000016     rtsv7M4_T_le_eabi.lib : strchr.c.obj (.text:strchr)
                  200123b6    00000014     driverlib.a : cpu.obj (.text:CPUcpsid)
                  200123ca    00000002     --HOLE-- [fill = 0]
                  200123cc    00000014     nortos_cc32xx.a : HwiPCC32XX_nortos.oem4 (.text:HwiP_inISR)
                  200123e0    00000014     drivers_cc32xx.a : I2CCC32XX.oem4 (.text:I2CSupport_masterFinish)
                  200123f4    00000014                      : I2C.oem4 (.text:I2C_transfer)
                  20012408    00000014     driverlib.a : interrupt.obj (.text:IntVTableBaseSet)
                  2001241c    00000014     drivers_cc32xx.a : PowerCC32XX.oem4 (.text:Power_disablePolicy)
                  20012430    00000014                      : PowerCC32XX.oem4 (.text:Power_getDependencyCount)
                  20012444    00000014                      : UARTCC32XX.oem4 (.text:releasePowerConstraint)
                  20012458    00000014     rtsv7M4_T_le_eabi.lib : strlen.c.obj (.text:strlen)
                  2001246c    00000012     nortos_cc32xx.a : HwiPCC32XX_nortos.oem4 (.text:HwiP_Params_init)
                  2001247e    00000012     driverlib.a : i2c.obj (.text:I2CMasterIntClearEx)
                  20012490    00000012     drivers_cc32xx.a : RingBuf.oem4 (.text:RingBuf_construct)
                  200124a2    00000012     driverlib.a : timer.obj (.text:TimerIntClear)
                  200124b4    00000012     main_nortos.obj (.text:main)
                  200124c6    00000012     rtsv7M4_T_le_eabi.lib : wcslen.c.obj (.text:wcslen)
                  200124d8    00000010     ti_drivers_config.obj (.text:Board_init)
                  200124e8    00000010     nortos_cc32xx.a : ClockPSysTick_nortos.oem4 (.text:ClockP_add)
                  200124f8    00000010                     : ClockPSysTick_nortos.oem4 (.text:ClockP_delete)
                  20012508    00000010                     : ClockPSysTick_nortos.oem4 (.text:ClockP_getCpuFreq)
                  20012518    00000010                     : ClockPSysTick_nortos.oem4 (.text:ClockP_getSystemTicks)
                  20012528    00000010                     : ClockPSysTick_nortos.oem4 (.text:ClockP_setTicks)
                  20012538    00000010                     : HwiPCC32XX_nortos.oem4 (.text:HwiP_delete)
                  20012548    00000010                     : HwiPCC32XX_nortos.oem4 (.text:HwiP_restore)
                  20012558    00000010     driverlib.a : i2c.obj (.text:I2CFIFOStatus)
                  20012568    00000010     drivers_cc32xx.a : I2C.oem4 (.text:I2C_Params_init)
                  20012578    00000010                      : PowerCC32XX.oem4 (.text:Power_enablePolicy)
                  20012588    00000010     nortos_cc32xx.a : SemaphoreP_nortos.oem4 (.text:SemaphoreP_Params_init)
                  20012598    00000010     drivers_cc32xx.a : Timer.oem4 (.text:Timer_Params_init)
                  200125a8    00000010                      : UARTCC32XX.oem4 (.text:readBlockingTimeout)
                  200125b8    0000000e     nortos_cc32xx.a : HwiPCC32XX_nortos.oem4 (.text:HwiP_clearInterrupt)
                  200125c6    0000000e                     : HwiPCC32XX_nortos.oem4 (.text:HwiP_disable)
                  200125d4    0000000e                     : HwiPCC32XX_nortos.oem4 (.text:HwiP_disableInterrupt)
                  200125e2    0000000e                     : HwiPCC32XX_nortos.oem4 (.text:HwiP_enable)
                  200125f0    0000000e                     : HwiPCC32XX_nortos.oem4 (.text:HwiP_enableInterrupt)
                  200125fe    0000000e     drivers_cc32xx.a : I2CCC32XX.oem4 (.text:I2CCC32XX_updateReg)
                  2001260c    0000000e                      : RingBuf.oem4 (.text:RingBuf_isFull)
                  2001261a    0000000e     rtsv7M4_T_le_eabi.lib : copy_decompress_none.c.obj (.text:decompress:none:__TI_decompress_none)
                  20012628    0000000c     drivers_cc32xx.a : I2CCC32XX.oem4 (.text:I2CCC32XX_postNotify)
                  20012634    0000000c                      : PowerCC32XX.oem4 (.text:Power_getConstraintMask)
                  20012640    0000000c     rtsv7M4_T_le_eabi.lib : s_copysign.c.obj (.text:copysign)
                  2001264c    0000000c                           : copy_zero_init.c.obj (.text:decompress:ZI:__TI_zero_init)
                  20012658    0000000c     drivers_cc32xx.a : TimerCC32XX.oem4 (.text:postNotifyFxn)
                  20012664    0000000c                      : UARTCC32XX.oem4 (.text:postNotifyFxn)
                  20012670    0000000a     nortos_cc32xx.a : ClockPSysTick_nortos.oem4 (.text:ClockP_Params_init)
                  2001267a    0000000a                     : ClockPSysTick_nortos.oem4 (.text:ClockP_isActive)
                  20012684    0000000a     driverlib.a : interrupt.obj (.text:IntMasterDisable)
                  2001268e    0000000a     drivers_cc32xx.a : Timer.oem4 (.text:Timer_start)
                  20012698    0000000a                      : UART.oem4 (.text:UART_write)
                  200126a2    00000008                      : I2CCC32XX.oem4 (.text:I2CCC32XX_blockingCallback)
                  200126aa    00000002     --HOLE-- [fill = 0]
                  200126ac    00000008     rtsv7M4_T_le_eabi.lib : errno.c.obj (.text:__aeabi_errno_addr)
                  200126b4    00000008                           : memory.c.obj (.text:malloc)
                  200126bc    00000008     drivers_cc32xx.a : UARTCC32XX.oem4 (.text:readSemCallback)
                  200126c4    00000008                      : UARTCC32XX.oem4 (.text:writeSemCallback)
                  200126cc    00000006                      : I2CCC32XX.oem4 (.text:I2CSupport_powerRelConstraint)
                  200126d2    00000006                      : I2CCC32XX.oem4 (.text:I2CSupport_powerSetConstraint)
                  200126d8    00000006                      : TimerCC32XX.oem4 (.text:TimerCC32XX_control)
                  200126de    00000006     driverlib.a : utils.obj (.text:UtilsDelay)
                  200126e4    00000004     nortos_cc32xx.a : ClockPSysTick_nortos.oem4 (.text:ClockP_setTimeout)
                  200126e8    00000004                     : HwiPCC32XX_nortos.oem4 (.text:HwiP_post)
                  200126ec    00000004                     : SemaphoreP_nortos.oem4 (.text:SemaphoreP_delete)
                  200126f0    00000004     rtsv7M4_T_le_eabi.lib : pre_init.c.obj (.text:_system_pre_init)
                  200126f4    00000004                           : exit.c.obj (.text:abort:abort)

.const     0    20012cbc    0000054a     
                  20012cbc    00000101     rtsv7M4_T_le_eabi.lib : ctype.c.obj (.const:.string:_ctypes_)
                  20012dbd    00000003     --HOLE-- [fill = 0]
                  20012dc0    00000100     driverlib.a : pin.obj (.const:g_ulPinToPadMap)
                  20012ec0    000000a8                 : prcm.obj (.const:PRCM_PeriphRegsList)
                  20012f68    00000044     ti_drivers_config.obj (.const:PowerCC32XX_config)
                  20012fac    00000028     drivers_cc32xx.a : UARTCC32XX.oem4 (.const:UARTCC32XX_fxnTable)
                  20012fd4    00000024                      : UART.oem4 (.const:UART_defaultParams)
                  20012ff8    00000024     ti_drivers_config.obj (.const:uartCC32XXHWAttrs0)
                  2001301c    00000021     drivers_cc32xx.a : GPIOCC32XX.oem4 (.const:.string:pinTable)
                  2001303d    00000003     --HOLE-- [fill = 0]
                  20013040    00000020                      : TimerCC32XX.oem4 (.const:TimerCC32XX_fxnTable)
                  20013060    00000020                      : UARTCC32XX.oem4 (.const:staticFxnTable)
                  20013080    00000018     driverlib.a : interrupt.obj (.const:g_pulEnRegs)
                  20013098    00000018                 : interrupt.obj (.const:g_pulPendRegs)
                  200130b0    00000018     gpiointerrupt.obj (.const:sensors)
                  200130c8    00000014     ti_drivers_config.obj (.const:GPIOCC32XX_config)
                  200130dc    00000014     drivers_cc32xx.a : GPIOCC32XX.oem4 (.const:gpioBaseAddresses)
                  200130f0    00000014     ti_drivers_config.obj (.const:i2cCC32XXHWAttrs)
                  20013104    00000014     drivers_cc32xx.a : UARTCC32XX.oem4 (.const:parityType)
                  20013118    00000014                      : GPIOCC32XX.oem4 (.const:powerResources)
                  2001312c    00000010     gpiointerrupt.obj (.const:$P$T0$1)
                  2001313c    00000010     gpiointerrupt.obj (.const:$P$T1$2)
                  2001314c    00000010     gpiointerrupt.obj (.const:$P$T2$3)
                  2001315c    00000010     drivers_cc32xx.a : I2C.oem4 (.const:I2C_defaultParams)
                  2001316c    00000010                      : I2CCC32XX.oem4 (.const:I2C_defaultParams)
                  2001317c    00000010                      : UARTCC32XX.oem4 (.const:dataLength)
                  2001318c    00000010     ti_drivers_config.obj (.const:timerCC32XXHWAttrs)
                  2001319c    0000000c     gpiointerrupt.obj (.const:.string)
                  200131a8    0000000c     ti_drivers_config.obj (.const:Timer_config)
                  200131b4    0000000c     ti_drivers_config.obj (.const:UART_config)
                  200131c0    0000000c     drivers_cc32xx.a : Timer.oem4 (.const:defaultParams)
                  200131cc    00000009     ti_drivers_config.obj (.const)
                  200131d5    00000003     --HOLE-- [fill = 0]
                  200131d8    00000008     ti_drivers_config.obj (.const:I2C_config)
                  200131e0    00000008     drivers_cc32xx.a : GPIOCC32XX.oem4 (.const:outPinTypes)
                  200131e8    00000008                      : UARTCC32XX.oem4 (.const:stopBits)
                  200131f0    00000006                      : GPIOCC32XX.oem4 (.const:.string:interruptType)
                  200131f6    00000006                      : GPIOCC32XX.oem4 (.const:inPinTypes)
                  200131fc    00000006                      : GPIOCC32XX.oem4 (.const:outPinStrengths)
                  20013202    00000004                      : GPIOCC32XX.oem4 (.const:.string:portInterruptIds)

.cinit     0    20013610    000000f0     
                  20013610    000000ca     (.cinit..data.load) [load image, compression = lzss]
                  200136da    00000002     --HOLE-- [fill = 0]
                  200136dc    0000000c     (__TI_handler_table)
                  200136e8    00000008     (.cinit..bss.load) [load image, compression = zero_init]
                  200136f0    00000010     (__TI_cinit_table)

.init_array 
*          0    20004000    00000000     UNINITIALIZED

.ramVecs   0    20000000    0000030c     NOLOAD SECTION
                  20000000    0000030c     nortos_cc32xx.a : startup_cc32xx_ccs.oem4 (.ramVecs)

.stack     0    20003000    00001000     UNINITIALIZED
                  20003000    00000004     rtsv7M4_T_le_eabi.lib : boot_cortex_m.c.obj (.stack)
                  20003004    00000ffc     --HOLE--

.resetVecs 
*          0    20004000    00000040     
                  20004000    00000040     nortos_cc32xx.a : startup_cc32xx_ccs.oem4 (.resetVecs:retain)

.sysmem    0    20004040    00008000     UNINITIALIZED
                  20004040    00000010     rtsv7M4_T_le_eabi.lib : memory.c.obj (.sysmem)
                  20004050    00007ff0     --HOLE--

.data      0    200126f8    000005c2     UNINITIALIZED
                  200126f8    0000030c     nortos_cc32xx.a : HwiPCC32XX_nortos.oem4 (.data:HwiP_dispatchTable)
                  20012a04    0000016c     drivers_cc32xx.a : PowerCC32XX.oem4 (.data:PowerCC32XX_module)
                  20012b70    000000f8     ti_drivers_config.obj (.data:parkInfo)
                  20012c68    0000000c     ti_drivers_config.obj (.data:gpioCallbackFunctions)
                  20012c74    0000000c     ti_drivers_config.obj (.data:gpioPinConfigs)
                  20012c80    00000009     drivers_cc32xx.a : GPIOCC32XX.oem4 (.data)
                  20012c89    00000003     gpiointerrupt.obj (.data)
                  20012c8c    00000008     rtsv7M4_T_le_eabi.lib : _lock.c.obj (.data:$O1$$)
                  20012c94    00000008                           : memory.c.obj (.data:$O1$$)
                  20012c9c    00000008     nortos_cc32xx.a : SemaphoreP_nortos.oem4 (.data:SemaphoreP_defaultParams)
                  20012ca4    00000008                     : HwiPCC32XX_nortos.oem4 (.data)
                  20012cac    00000005                     : ClockPSysTick_nortos.oem4 (.data)
                  20012cb1    00000003                     : SemaphoreP_nortos.oem4 (.data)
                  20012cb4    00000004     rtsv7M4_T_le_eabi.lib : errno.c.obj (.data)
                  20012cb8    00000001     drivers_cc32xx.a : Timer.oem4 (.data)
                  20012cb9    00000001                      : UART.oem4 (.data)

.bss       0    20013208    00000406     UNINITIALIZED
                  20013208    0000012c     (.common:PowerCC32XX_contextSave)
                  20013334    000000fc     (.common:i2cCC32XXObjects)
                  20013430    00000084     (.common:uartCC32XXObjects0)
                  200134b4    00000040     (.common:output)
                  200134f4    00000034     (.common:timerCC32XXObjects)
                  20013528    00000030     (.common:tasks)
                  20013558    00000020     drivers_cc32xx.a : GPIOCC32XX.oem4 (.bss:gpioCallbackInfo)
                  20013578    00000020     ti_drivers_config.obj (.bss:uartCC32XXRingBuffer0)
                  20013598    00000020     (.common:i2cTransaction)
                  200135b8    00000014     drivers_cc32xx.a : GPIOCC32XX.oem4 (.bss:powerNotifyObj)
                  200135cc    00000004                      : GPIOCC32XX.oem4 (.bss)
                  200135d0    00000010     (.common:ClockP_ctrl)
                  200135e0    0000000d     nortos_cc32xx.a : SwiP_nortos.oem4 (.bss)
                  200135ed    00000001     --HOLE--
                  200135ee    00000002     (.common:currentTemp)
                  200135f0    00000004                     : ClockPSysTick_nortos.oem4 (.bss)
                  200135f4    00000004     drivers_cc32xx.a : TimerCC32XX.oem4 (.bss:timerState)
                  200135f8    00000004     (.common:i2c)
                  200135fc    00000004     (.common:rxBuffer)
                  20013600    00000004     (.common:timer0)
                  20013604    00000004     (.common:txBuffer)
                  20013608    00000004     (.common:uart)
                  2001360c    00000002     (.common:targetTemp)

.log_data 
*          0    90000000    00000000     COPY SECTION

__llvm_prf_cnts 
*          0    20004000    00000000     UNINITIALIZED

MODULE SUMMARY

       Module                       code    ro data   rw data
       ------                       ----    -------   -------
    .\
       gpiointerrupt.obj            1794    84        171    
       main_nortos.obj              18      0         0      
    +--+----------------------------+-------+---------+---------+
       Total:                       1812    84        171    
                                                             
    .\syscfg\
       ti_drivers_config.obj        18      201       740    
    +--+----------------------------+-------+---------+---------+
       Total:                       18      201       740    
                                                             
    C:/ti/simplelink_cc32xx_sdk_4_30_00_06/kernel/nortos/lib/ccs/m4/nortos_cc32xx.a
       HwiPCC32XX_nortos.oem4       394     0         788    
       startup_cc32xx_ccs.oem4      90      64        780    
       ClockPSysTick_nortos.oem4    702     0         25     
       PowerCC32XX_nortos.oem4      472     0         0      
       SemaphoreP_nortos.oem4       408     0         11     
       SwiP_nortos.oem4             96      0         13     
    +--+----------------------------+-------+---------+---------+
       Total:                       2162    64        1617   
                                                             
    C:/ti/simplelink_cc32xx_sdk_4_30_00_06/source/ti/devices/cc32xx/driverlib/ccs/Release/driverlib.a
       prcm.obj                     1604    168       0      
       pin.obj                      280     256       0      
       interrupt.obj                334     48        0      
       i2c.obj                      318     0         0      
       timer.obj                    264     0         0      
       flash.obj                    72      0         0      
       uart.obj                     48      0         0      
       cpu.obj                      20      0         0      
       utils.obj                    6       0         0      
    +--+----------------------------+-------+---------+---------+
       Total:                       2946    472       0      
                                                             
    C:/ti/simplelink_cc32xx_sdk_4_30_00_06/source/ti/drivers/lib/ccs/m4/drivers_cc32xx.a
       UARTCC32XX.oem4              3466    116       0      
       PowerCC32XX.oem4             2432    0         664    
       I2CCC32XX.oem4               1452    16        0      
       GPIOCC32XX.oem4              1208    103       65     
       TimerCC32XX.oem4             1132    32        4      
       I2C.oem4                     366     16        0      
       UART.oem4                    166     36        1      
       RingBuf.oem4                 198     0         0      
       Timer.oem4                   158     12        1      
       PowerCC32XX_asm.oem4         150     0         0      
       List.oem4                    76      0         0      
    +--+----------------------------+-------+---------+---------+
       Total:                       10804   331       735    
                                                             
    C:\ti\ccs1250\ccs\tools\compiler\ti-cgt-arm_20.2.7.LTS\lib\rtsv7M4_T_le_eabi.lib
       _printfi.c.obj               4835    0         0      
       memory.c.obj                 672     0         8      
       fd_add_t2.asm.obj            438     0         0      
       fd_div_t2.asm.obj            310     0         0      
       fd_cmp_t2.asm.obj            268     0         0      
       ctype.c.obj                  0       257       0      
       fd_mul_t2.asm.obj            252     0         0      
       s_scalbn.c.obj               208     0         0      
       memcpy_t2.asm.obj            156     0         0      
       ull_div_t2.asm.obj           150     0         0      
       snprintf.c.obj               148     0         0      
       fs_mul_t2.asm.obj            122     0         0      
       memset_t2.asm.obj            122     0         0      
       copy_decompress_lzss.c.obj   104     0         0      
       s_frexp.c.obj                92      0         0      
       _ltoa.c.obj                  84      0         0      
       atoi.c.obj                   76      0         0      
       fd_toi_t2.asm.obj            72      0         0      
       autoinit.c.obj               68      0         0      
       fs_toi_t2.asm.obj            56      0         0      
       i_tofs_t2.asm.obj            56      0         0      
       i_tofd_t2.asm.obj            46      0         0      
       boot_cortex_m.c.obj          36      0         0      
       memccpy.c.obj                28      0         0      
       ll_mul_t2.asm.obj            24      0         0      
       strchr.c.obj                 22      0         0      
       strlen.c.obj                 20      0         0      
       wcslen.c.obj                 18      0         0      
       copy_decompress_none.c.obj   14      0         0      
       copy_zero_init.c.obj         12      0         0      
       errno.c.obj                  8       0         4      
       s_copysign.c.obj             12      0         0      
       _lock.c.obj                  2       0         8      
       exit.c.obj                   4       0         0      
       pre_init.c.obj               4       0         0      
       div0.asm.obj                 2       0         0      
    +--+----------------------------+-------+---------+---------+
       Total:                       8541    257       20     
                                                             
       Heap:                        0       0         32768  
       Stack:                       0       0         4096   
       Linker Generated:            0       238       0      
    +--+----------------------------+-------+---------+---------+
       Grand Total:                 26283   1647      40147  


LINKER GENERATED COPY TABLES

__TI_cinit_table @ 200136f0 records: 2, size/record: 8, table size: 16
	.data: load addr=20013610, load size=000000ca bytes, run addr=200126f8, run size=000005c2 bytes, compression=lzss
	.bss: load addr=200136e8, load size=00000008 bytes, run addr=20013208, run size=00000406 bytes, compression=zero_init


LINKER GENERATED HANDLER TABLE

__TI_handler_table @ 200136dc records: 3, size/record: 4, table size: 12
	index: 0, handler: __TI_decompress_lzss
	index: 1, handler: __TI_decompress_none
	index: 2, handler: __TI_zero_init


GLOBAL SYMBOLS: SORTED ALPHABETICALLY BY Name 

address   name                             
-------   ----                             
200124d9  Board_init                       
2000ca8f  Board_initHook                   
200126f5  C$$EXIT                          
200131cc  CONFIG_GPIO_BUTTON_0_CONST       
200131cd  CONFIG_GPIO_BUTTON_1_CONST       
200131ce  CONFIG_GPIO_LED_0_CONST          
200131cf  CONFIG_I2C_0_CONST               
200131d1  CONFIG_TIMER_0_CONST             
200131d3  CONFIG_UART_0_CONST              
200123b7  CPUcpsid                         
20012671  ClockP_Params_init               
200124e9  ClockP_add                       
20011681  ClockP_construct                 
20012161  ClockP_create                    
200135d0  ClockP_ctrl                      
200124f9  ClockP_delete                    
20011841  ClockP_destruct                  
20010f71  ClockP_doTick                    
20012509  ClockP_getCpuFreq                
20012519  ClockP_getSystemTicks            
20011b21  ClockP_getTicksUntilInterrupt    
2001267b  ClockP_isActive                  
20012529  ClockP_setTicks                  
200126e5  ClockP_setTimeout                
20011c59  ClockP_start                     
20011b55  ClockP_startup                   
2001141d  ClockP_stop                      
20010f71  ClockP_sysTickHandler            
20012cac  ClockP_tickPeriod                
20011229  FlashDisable                     
200130c8  GPIOCC32XX_config                
20011061  GPIO_enableInt                   
20010599  GPIO_hwiIntFxn                   
2000ef55  GPIO_init                        
20010ab5  GPIO_setCallback                 
2000d5fd  GPIO_setConfig                   
20010bc9  GPIO_write                       
2001246d  HwiP_Params_init                 
200125b9  HwiP_clearInterrupt              
2000fe79  HwiP_construct                   
20011d45  HwiP_create                      
20012539  HwiP_delete                      
20011ff7  HwiP_destruct                    
200125c7  HwiP_disable                     
200125d5  HwiP_disableInterrupt            
20011efd  HwiP_dispatch                    
200125e3  HwiP_enable                      
200125f1  HwiP_enableInterrupt             
200123cd  HwiP_inISR                       
20012ca4  HwiP_key                         
200126e9  HwiP_post                        
20012549  HwiP_restore                     
20012ca8  HwiP_swiPIntNum                  
20011e65  I2CFIFODataGetNonBlocking        
20011dc3  I2CFIFODataPutNonBlocking        
20012559  I2CFIFOStatus                    
20012349  I2CMasterBurstLengthSet          
200121af  I2CMasterBusBusy                 
2001247f  I2CMasterIntClearEx              
200121c7  I2CMasterIntDisableEx            
200121df  I2CMasterIntEnableEx             
20012079  I2CMasterIntStatusEx             
20011fd5  I2CMasterSlaveAddrSet            
200121f7  I2CRxFIFOFlush                   
200123e1  I2CSupport_masterFinish          
200126cd  I2CSupport_powerRelConstraint    
200126d3  I2CSupport_powerSetConstraint    
20010853  I2CSupport_primeTransfer         
2001220f  I2CTxFIFOFlush                   
20012569  I2C_Params_init                  
20011e8b  I2C_cancel                       
200131d8  I2C_config                       
200131d0  I2C_count                        
2001315c  I2C_defaultParams                
2000db63  I2C_init                         
2000e9e9  I2C_open                         
200123f5  I2C_transfer                     
2000e465  I2C_transferTimeout              
UNDEFED   ITM_flush                        
UNDEFED   ITM_restore                      
2000f66d  IntEnable                        
20012685  IntMasterDisable                 
2000ff05  IntPendSet                       
20012409  IntVTableBaseSet                 
20011eb1  List_put                         
20011ed7  List_remove                      
200125e3  NoRTOS_start                     
2000ca91  PRCMCC3200MCUInit                
2001235f  PRCMHIBRegRead                   
20012375  PRCMHIBRegWrite                  
20011271  PRCMLPDSEnter                    
2001192d  PRCMLPDSEnterKeepDebugIf         
20011461  PRCMLPDSRestoreInfoSet           
20011ded  PRCMPeripheralClkDisable         
200112b9  PRCMPeripheralClkEnable          
20010c21  PRCMPeripheralReset              
20010a55  PRCMSysResetCauseGet             
2000ff8d  PinConfigSet                     
20011b89  PinModeGet                       
200116c1  PinModeSet                       
200120f1  PinToPadGet                      
20012f68  PowerCC32XX_config               
2000f715  PowerCC32XX_configureWakeup      
20013208  PowerCC32XX_contextSave          
200114a5  PowerCC32XX_enterLPDS            
20011d19  PowerCC32XX_getParkState         
2000e33b  PowerCC32XX_initPolicy           
20012a04  PowerCC32XX_module               
200110f9  PowerCC32XX_parkPin              
20011f21  PowerCC32XX_reset                
20011bbd  PowerCC32XX_restoreParkState     
20011c89  PowerCC32XX_restoreParkedPin     
20010e79  PowerCC32XX_resumeLPDS           
2001098d  PowerCC32XX_setParkState         
2000db65  PowerCC32XX_sleepPolicy          
2001241d  Power_disablePolicy              
20012579  Power_enablePolicy               
20012635  Power_getConstraintMask          
20012431  Power_getDependencyCount         
20012229  Power_getTransitionLatency       
20012241  Power_idleFunc                   
200101a9  Power_init                       
20011e15  Power_registerNotify             
20011301  Power_releaseConstraint          
20010c79  Power_releaseDependency          
2001187d  Power_setConstraint              
200102b1  Power_setDependency              
2000e0cd  Power_sleep                      
20012019  Power_unregisterNotify           
20012491  RingBuf_construct                
20011701  RingBuf_get                      
2001260d  RingBuf_isFull                   
20012039  RingBuf_peek                     
20011391  RingBuf_put                      
20012589  SemaphoreP_Params_init           
20010fc1  SemaphoreP_construct             
20012097  SemaphoreP_constructBinary       
2001238b  SemaphoreP_create                
2001217b  SemaphoreP_createBinary          
20012c9c  SemaphoreP_defaultParams         
200126ed  SemaphoreP_delete                
2000f901  SemaphoreP_pend                  
200114e9  SemaphoreP_post                  
2001210d  SwiP_disable                     
2001152d  SwiP_restore                     
20011011  TimerCC32XX_allocateTimerResource
200118b9  TimerCC32XX_close                
200126d9  TimerCC32XX_control              
20011bf1  TimerCC32XX_freeTimerResource    
20013040  TimerCC32XX_fxnTable             
20012259  TimerCC32XX_getCount             
2000e587  TimerCC32XX_init                 
2000e33d  TimerCC32XX_open                 
20010015  TimerCC32XX_setPeriod            
20010611  TimerCC32XX_start                
20010cd1  TimerCC32XX_stop                 
20011ab5  TimerControlStall                
200120b5  TimerDisable                     
200120d3  TimerEnable                      
20012c89  TimerFlag                        
200124a3  TimerIntClear                    
20012271  TimerIntDisable                  
20012289  TimerIntEnable                   
20011d6f  TimerLoadSet                     
20011d99  TimerPrescaleSet                 
20012599  Timer_Params_init                
200131a8  Timer_config                     
200131d2  Timer_count                      
20011571  Timer_init                       
20011741  Timer_open                       
2001268f  Timer_start                      
200122a1  UARTBusy                         
2000e589  UARTCC32XX_close                 
2000ebe1  UARTCC32XX_control               
20012fac  UARTCC32XX_fxnTable              
2000ecd3  UARTCC32XX_init                  
2000cebd  UARTCC32XX_open                  
20011781  UARTCC32XX_read                  
20011aeb  UARTCC32XX_readCancel            
2000f0d9  UARTCC32XX_readPolling           
2000ee89  UARTCC32XX_write                 
20010925  UARTCC32XX_writeCancel           
200109f1  UARTCC32XX_writePolling          
200122b9  UARTIntEnable                    
200122d1  UART_Params_init                 
200131b4  UART_config                      
200131d4  UART_count                       
20012fd4  UART_defaultParams               
200115b5  UART_init                        
200117c1  UART_open                        
20012699  UART_write                       
200126df  UtilsDelay                       
20004000  __STACK_END                      
00001000  __STACK_SIZE                     
00008000  __SYSMEM_SIZE                    
200136f0  __TI_CINIT_Base                  
20013700  __TI_CINIT_Limit                 
200136dc  __TI_Handler_Table_Base          
200136e8  __TI_Handler_Table_Limit         
200115f9  __TI_auto_init_nobinit_nopinit   
200108bd  __TI_decompress_lzss             
2001261b  __TI_decompress_none             
20010d7d  __TI_ltoa                        
ffffffff  __TI_pprof_out_hndl              
2000c041  __TI_printfi                     
ffffffff  __TI_prof_data_size              
ffffffff  __TI_prof_data_start             
20013610  __TI_static_base__               
2001264d  __TI_zero_init                   
2001009d  __aeabi_cdcmpeq                  
2001009d  __aeabi_cdcmple                  
20010123  __aeabi_cdrcmple                 
20011349  __aeabi_d2iz                     
2000d9b7  __aeabi_dadd                     
2000e205  __aeabi_ddiv                     
2000eae5  __aeabi_dmul                     
2000d9ad  __aeabi_dsub                     
200126ad  __aeabi_errno_addr               
20011a45  __aeabi_f2iz                     
200104a3  __aeabi_fmul                     
20011ce9  __aeabi_i2d                      
20011a7d  __aeabi_i2f                      
20010f6f  __aeabi_idiv0                    
20010f6f  __aeabi_ldiv0                    
20012331  __aeabi_lmul                     
2001051d  __aeabi_memclr                   
2001051d  __aeabi_memclr4                  
2001051d  __aeabi_memclr8                  
2000fc1d  __aeabi_memcpy                   
2000fc1d  __aeabi_memcpy4                  
2000fc1d  __aeabi_memcpy8                  
2001051f  __aeabi_memset                   
2001051f  __aeabi_memset4                  
2001051f  __aeabi_memset8                  
2000fd51  __aeabi_uldivmod                 
ffffffff  __binit__                        
ffffffff  __c_args__                       
UNDEFED   __mpu_init                       
20003000  __stack                          
20004000  __start___llvm_prf_cnts          
20004000  __stop___llvm_prf_cnts           
20011f45  _c_int00_noargs                  
20012cbc  _ctypes_                         
20012c8c  _lock                            
2000ef53  _nop                             
20004040  _sys_memory                      
UNDEFED   _system_post_cinit               
200126f1  _system_pre_init                 
20012c90  _unlock                          
200126f5  abort                            
2000e8e9  aligned_alloc                    
20011145  atoi                             
ffffffff  binit                            
20012c8a  buttonDownFlag                   
20012c8b  buttonUpFlag                     
2000fde7  clkFxn                           
20012641  copysign                         
20012641  copysignl                        
200135ee  currentTemp                      
20012cb4  errno                            
2000ecd5  free                             
20010b11  frexp                            
20010b11  frexpl                           
20012301  gpioButtonFxn0                   
20012319  gpioButtonFxn1                   
20012c68  gpioCallbackFunctions            
20012c74  gpioPinConfigs                   
200135f8  i2c                              
200130f0  i2cCC32XXHWAttrs                 
20013334  i2cCC32XXObjects                 
20013598  i2cTransaction                   
200131f6  inPinTypes                       
20011f69  initButtonTask                   
2000d3ad  initI2C                          
20011f8d  initReportTask                   
20011fb1  initTempTask                     
20010dd1  initTimer                        
2001163d  initUART                         
200119d5  initVectors                      
2000edb9  ldexp                            
2000edb9  ldexpl                           
200124b5  main                             
20010331  mainThread                       
200126b5  malloc                           
2000e8e9  memalign                         
20012145  memccpy                          
2000fc1d  memcpy                           
20010525  memset                           
200131fc  outPinStrengths                  
200131e0  outPinTypes                      
200134b4  output                           
20012b70  parkInfo                         
2000e7c9  readTemp                         
20012195  resetISR                         
200121a8  resetVectorAddr                  
20004000  resetVectors                     
200135fc  rxBuffer                         
2000edb9  scalbn                           
2000edb9  scalbnl                          
200111dd  snprintf                         
200123a1  strchr                           
20012459  strlen                           
2001360c  targetTemp                       
20013528  tasks                            
2000f9a1  tickFct_ButtonPress              
2000fa41  tickFct_ReadTemp                 
2001183f  tickFnct_Report                  
20013600  timer0                           
2001318c  timerCC32XXHWAttrs               
200134f4  timerCC32XXObjects               
2000fae1  timerCallback                    
20013604  txBuffer                         
20013608  uart                             
20013430  uartCC32XXObjects0               
200124c7  wcslen                           


GLOBAL SYMBOLS: SORTED BY Symbol Address 

address   name                             
-------   ----                             
00001000  __STACK_SIZE                     
00008000  __SYSMEM_SIZE                    
20003000  __stack                          
20004000  __STACK_END                      
20004000  __start___llvm_prf_cnts          
20004000  __stop___llvm_prf_cnts           
20004000  resetVectors                     
20004040  _sys_memory                      
2000c041  __TI_printfi                     
2000ca8f  Board_initHook                   
2000ca91  PRCMCC3200MCUInit                
2000cebd  UARTCC32XX_open                  
2000d3ad  initI2C                          
2000d5fd  GPIO_setConfig                   
2000d9ad  __aeabi_dsub                     
2000d9b7  __aeabi_dadd                     
2000db63  I2C_init                         
2000db65  PowerCC32XX_sleepPolicy          
2000e0cd  Power_sleep                      
2000e205  __aeabi_ddiv                     
2000e33b  PowerCC32XX_initPolicy           
2000e33d  TimerCC32XX_open                 
2000e465  I2C_transferTimeout              
2000e587  TimerCC32XX_init                 
2000e589  UARTCC32XX_close                 
2000e7c9  readTemp                         
2000e8e9  aligned_alloc                    
2000e8e9  memalign                         
2000e9e9  I2C_open                         
2000eae5  __aeabi_dmul                     
2000ebe1  UARTCC32XX_control               
2000ecd3  UARTCC32XX_init                  
2000ecd5  free                             
2000edb9  ldexp                            
2000edb9  ldexpl                           
2000edb9  scalbn                           
2000edb9  scalbnl                          
2000ee89  UARTCC32XX_write                 
2000ef53  _nop                             
2000ef55  GPIO_init                        
2000f0d9  UARTCC32XX_readPolling           
2000f66d  IntEnable                        
2000f715  PowerCC32XX_configureWakeup      
2000f901  SemaphoreP_pend                  
2000f9a1  tickFct_ButtonPress              
2000fa41  tickFct_ReadTemp                 
2000fae1  timerCallback                    
2000fc1d  __aeabi_memcpy                   
2000fc1d  __aeabi_memcpy4                  
2000fc1d  __aeabi_memcpy8                  
2000fc1d  memcpy                           
2000fd51  __aeabi_uldivmod                 
2000fde7  clkFxn                           
2000fe79  HwiP_construct                   
2000ff05  IntPendSet                       
2000ff8d  PinConfigSet                     
20010015  TimerCC32XX_setPeriod            
2001009d  __aeabi_cdcmpeq                  
2001009d  __aeabi_cdcmple                  
20010123  __aeabi_cdrcmple                 
200101a9  Power_init                       
200102b1  Power_setDependency              
20010331  mainThread                       
200104a3  __aeabi_fmul                     
2001051d  __aeabi_memclr                   
2001051d  __aeabi_memclr4                  
2001051d  __aeabi_memclr8                  
2001051f  __aeabi_memset                   
2001051f  __aeabi_memset4                  
2001051f  __aeabi_memset8                  
20010525  memset                           
20010599  GPIO_hwiIntFxn                   
20010611  TimerCC32XX_start                
20010853  I2CSupport_primeTransfer         
200108bd  __TI_decompress_lzss             
20010925  UARTCC32XX_writeCancel           
2001098d  PowerCC32XX_setParkState         
200109f1  UARTCC32XX_writePolling          
20010a55  PRCMSysResetCauseGet             
20010ab5  GPIO_setCallback                 
20010b11  frexp                            
20010b11  frexpl                           
20010bc9  GPIO_write                       
20010c21  PRCMPeripheralReset              
20010c79  Power_releaseDependency          
20010cd1  TimerCC32XX_stop                 
20010d7d  __TI_ltoa                        
20010dd1  initTimer                        
20010e79  PowerCC32XX_resumeLPDS           
20010f6f  __aeabi_idiv0                    
20010f6f  __aeabi_ldiv0                    
20010f71  ClockP_doTick                    
20010f71  ClockP_sysTickHandler            
20010fc1  SemaphoreP_construct             
20011011  TimerCC32XX_allocateTimerResource
20011061  GPIO_enableInt                   
200110f9  PowerCC32XX_parkPin              
20011145  atoi                             
200111dd  snprintf                         
20011229  FlashDisable                     
20011271  PRCMLPDSEnter                    
200112b9  PRCMPeripheralClkEnable          
20011301  Power_releaseConstraint          
20011349  __aeabi_d2iz                     
20011391  RingBuf_put                      
2001141d  ClockP_stop                      
20011461  PRCMLPDSRestoreInfoSet           
200114a5  PowerCC32XX_enterLPDS            
200114e9  SemaphoreP_post                  
2001152d  SwiP_restore                     
20011571  Timer_init                       
200115b5  UART_init                        
200115f9  __TI_auto_init_nobinit_nopinit   
2001163d  initUART                         
20011681  ClockP_construct                 
200116c1  PinModeSet                       
20011701  RingBuf_get                      
20011741  Timer_open                       
20011781  UARTCC32XX_read                  
200117c1  UART_open                        
2001183f  tickFnct_Report                  
20011841  ClockP_destruct                  
2001187d  Power_setConstraint              
200118b9  TimerCC32XX_close                
2001192d  PRCMLPDSEnterKeepDebugIf         
200119d5  initVectors                      
20011a45  __aeabi_f2iz                     
20011a7d  __aeabi_i2f                      
20011ab5  TimerControlStall                
20011aeb  UARTCC32XX_readCancel            
20011b21  ClockP_getTicksUntilInterrupt    
20011b55  ClockP_startup                   
20011b89  PinModeGet                       
20011bbd  PowerCC32XX_restoreParkState     
20011bf1  TimerCC32XX_freeTimerResource    
20011c59  ClockP_start                     
20011c89  PowerCC32XX_restoreParkedPin     
20011ce9  __aeabi_i2d                      
20011d19  PowerCC32XX_getParkState         
20011d45  HwiP_create                      
20011d6f  TimerLoadSet                     
20011d99  TimerPrescaleSet                 
20011dc3  I2CFIFODataPutNonBlocking        
20011ded  PRCMPeripheralClkDisable         
20011e15  Power_registerNotify             
20011e65  I2CFIFODataGetNonBlocking        
20011e8b  I2C_cancel                       
20011eb1  List_put                         
20011ed7  List_remove                      
20011efd  HwiP_dispatch                    
20011f21  PowerCC32XX_reset                
20011f45  _c_int00_noargs                  
20011f69  initButtonTask                   
20011f8d  initReportTask                   
20011fb1  initTempTask                     
20011fd5  I2CMasterSlaveAddrSet            
20011ff7  HwiP_destruct                    
20012019  Power_unregisterNotify           
20012039  RingBuf_peek                     
20012079  I2CMasterIntStatusEx             
20012097  SemaphoreP_constructBinary       
200120b5  TimerDisable                     
200120d3  TimerEnable                      
200120f1  PinToPadGet                      
2001210d  SwiP_disable                     
20012145  memccpy                          
20012161  ClockP_create                    
2001217b  SemaphoreP_createBinary          
20012195  resetISR                         
200121a8  resetVectorAddr                  
200121af  I2CMasterBusBusy                 
200121c7  I2CMasterIntDisableEx            
200121df  I2CMasterIntEnableEx             
200121f7  I2CRxFIFOFlush                   
2001220f  I2CTxFIFOFlush                   
20012229  Power_getTransitionLatency       
20012241  Power_idleFunc                   
20012259  TimerCC32XX_getCount             
20012271  TimerIntDisable                  
20012289  TimerIntEnable                   
200122a1  UARTBusy                         
200122b9  UARTIntEnable                    
200122d1  UART_Params_init                 
20012301  gpioButtonFxn0                   
20012319  gpioButtonFxn1                   
20012331  __aeabi_lmul                     
20012349  I2CMasterBurstLengthSet          
2001235f  PRCMHIBRegRead                   
20012375  PRCMHIBRegWrite                  
2001238b  SemaphoreP_create                
200123a1  strchr                           
200123b7  CPUcpsid                         
200123cd  HwiP_inISR                       
200123e1  I2CSupport_masterFinish          
200123f5  I2C_transfer                     
20012409  IntVTableBaseSet                 
2001241d  Power_disablePolicy              
20012431  Power_getDependencyCount         
20012459  strlen                           
2001246d  HwiP_Params_init                 
2001247f  I2CMasterIntClearEx              
20012491  RingBuf_construct                
200124a3  TimerIntClear                    
200124b5  main                             
200124c7  wcslen                           
200124d9  Board_init                       
200124e9  ClockP_add                       
200124f9  ClockP_delete                    
20012509  ClockP_getCpuFreq                
20012519  ClockP_getSystemTicks            
20012529  ClockP_setTicks                  
20012539  HwiP_delete                      
20012549  HwiP_restore                     
20012559  I2CFIFOStatus                    
20012569  I2C_Params_init                  
20012579  Power_enablePolicy               
20012589  SemaphoreP_Params_init           
20012599  Timer_Params_init                
200125b9  HwiP_clearInterrupt              
200125c7  HwiP_disable                     
200125d5  HwiP_disableInterrupt            
200125e3  HwiP_enable                      
200125e3  NoRTOS_start                     
200125f1  HwiP_enableInterrupt             
2001260d  RingBuf_isFull                   
2001261b  __TI_decompress_none             
20012635  Power_getConstraintMask          
20012641  copysign                         
20012641  copysignl                        
2001264d  __TI_zero_init                   
20012671  ClockP_Params_init               
2001267b  ClockP_isActive                  
20012685  IntMasterDisable                 
2001268f  Timer_start                      
20012699  UART_write                       
200126ad  __aeabi_errno_addr               
200126b5  malloc                           
200126cd  I2CSupport_powerRelConstraint    
200126d3  I2CSupport_powerSetConstraint    
200126d9  TimerCC32XX_control              
200126df  UtilsDelay                       
200126e5  ClockP_setTimeout                
200126e9  HwiP_post                        
200126ed  SemaphoreP_delete                
200126f1  _system_pre_init                 
200126f5  C$$EXIT                          
200126f5  abort                            
20012a04  PowerCC32XX_module               
20012b70  parkInfo                         
20012c68  gpioCallbackFunctions            
20012c74  gpioPinConfigs                   
20012c89  TimerFlag                        
20012c8a  buttonDownFlag                   
20012c8b  buttonUpFlag                     
20012c8c  _lock                            
20012c90  _unlock                          
20012c9c  SemaphoreP_defaultParams         
20012ca4  HwiP_key                         
20012ca8  HwiP_swiPIntNum                  
20012cac  ClockP_tickPeriod                
20012cb4  errno                            
20012cbc  _ctypes_                         
20012f68  PowerCC32XX_config               
20012fac  UARTCC32XX_fxnTable              
20012fd4  UART_defaultParams               
20013040  TimerCC32XX_fxnTable             
200130c8  GPIOCC32XX_config                
200130f0  i2cCC32XXHWAttrs                 
2001315c  I2C_defaultParams                
2001318c  timerCC32XXHWAttrs               
200131a8  Timer_config                     
200131b4  UART_config                      
200131cc  CONFIG_GPIO_BUTTON_0_CONST       
200131cd  CONFIG_GPIO_BUTTON_1_CONST       
200131ce  CONFIG_GPIO_LED_0_CONST          
200131cf  CONFIG_I2C_0_CONST               
200131d0  I2C_count                        
200131d1  CONFIG_TIMER_0_CONST             
200131d2  Timer_count                      
200131d3  CONFIG_UART_0_CONST              
200131d4  UART_count                       
200131d8  I2C_config                       
200131e0  outPinTypes                      
200131f6  inPinTypes                       
200131fc  outPinStrengths                  
20013208  PowerCC32XX_contextSave          
20013334  i2cCC32XXObjects                 
20013430  uartCC32XXObjects0               
200134b4  output                           
200134f4  timerCC32XXObjects               
20013528  tasks                            
20013598  i2cTransaction                   
200135d0  ClockP_ctrl                      
200135ee  currentTemp                      
200135f8  i2c                              
200135fc  rxBuffer                         
20013600  timer0                           
20013604  txBuffer                         
20013608  uart                             
2001360c  targetTemp                       
20013610  __TI_static_base__               
200136dc  __TI_Handler_Table_Base          
200136e8  __TI_Handler_Table_Limit         
200136f0  __TI_CINIT_Base                  
20013700  __TI_CINIT_Limit                 
ffffffff  __TI_pprof_out_hndl              
ffffffff  __TI_prof_data_size              
ffffffff  __TI_prof_data_start             
ffffffff  __binit__                        
ffffffff  __c_args__                       
ffffffff  binit                            
UNDEFED   ITM_flush                        
UNDEFED   ITM_restore                      
UNDEFED   __mpu_init                       
UNDEFED   _system_post_cinit               

[315 symbols]
